<?xml version="1.0" encoding="ISO-8859-1" ?>
<link_info>
   <banner>TI ARM Clang Linker Unix v4.0.4.LTS</banner>
   <copyright>Copyright (c) 1996-2018 Texas Instruments Incorporated</copyright>
   <command_line>/home/hailin/ti/ccs2040/ccs/tools/compiler/ti-cgt-armllvm_4.0.4.LTS/bin/tiarmlnk -I/home/hailin/ti/ccs2040/ccs/tools/compiler/ti-cgt-armllvm_4.0.4.LTS/lib -o ECE319K_Lab9.out -mECE319K_Lab9.map --heap_size=512 --stack_size=512 -i/home/hailin/chenh/Hailin_stuff/tech_applications/319k/MSPM0_ValvanoWare/ECE319K_Lab9/Debug/syscfg -i/home/hailin/ti/ccs2040/ccs/tools/compiler/ti-cgt-armllvm_4.0.4.LTS/lib --diag_wrap=off --display_error_number --warn_sections --xml_link_info=ECE319K_Lab9_linkInfo.xml --rom_model ./ADC1.o ./Arabic.o ./Clock.o ./DAC5.o ./FIFO1.o ./LED.o ./Lab9Main.o ./LaunchPad.o ./SPI.o ./ST7735.o ./SmallFont.o ./Sound.o ./Switch.o ./TExaS.o ./Timer.o ./UART1.o ./UART2.o ./spi0.o ./images/pipedreams/PipeSound.o ./ticlang/startup_mspm0g3507_ticlang.o ../mspm0g3507.cmd -l/home/hailin/ti/mspm0_sdk_2_09_00_01/source/ti/driverlib/lib/ticlang/m0p/mspm0g1x0x_g3x0x/driverlib.a -llibc.a --start-group -llibc++.a -llibc++abi.a -llibc.a -llibsys.a -llibsysbm.a -llibclang_rt.builtins.a -llibclang_rt.profile.a --end-group --cg_opt_level=0</command_line>
   <link_time>0x69e67bf7</link_time>
   <link_errors>0x0</link_errors>
   <output_file>/home/hailin/chenh/Hailin_stuff/tech_applications/319k/MSPM0_ValvanoWare/ECE319K_Lab9/Debug/ECE319K_Lab9.out</output_file>
   <entry_point>
      <name>_c_int00_noargs</name>
      <address>0x1e75</address>
   </entry_point>
   <input_file_list>
      <input_file id="fl-1">
         <path>/home/hailin/chenh/Hailin_stuff/tech_applications/319k/MSPM0_ValvanoWare/ECE319K_Lab9/Debug/./</path>
         <kind>object</kind>
         <file>ADC1.o</file>
         <name>ADC1.o</name>
      </input_file>
      <input_file id="fl-2">
         <path>/home/hailin/chenh/Hailin_stuff/tech_applications/319k/MSPM0_ValvanoWare/ECE319K_Lab9/Debug/./</path>
         <kind>object</kind>
         <file>Arabic.o</file>
         <name>Arabic.o</name>
      </input_file>
      <input_file id="fl-3">
         <path>/home/hailin/chenh/Hailin_stuff/tech_applications/319k/MSPM0_ValvanoWare/ECE319K_Lab9/Debug/./</path>
         <kind>object</kind>
         <file>Clock.o</file>
         <name>Clock.o</name>
      </input_file>
      <input_file id="fl-4">
         <path>/home/hailin/chenh/Hailin_stuff/tech_applications/319k/MSPM0_ValvanoWare/ECE319K_Lab9/Debug/./</path>
         <kind>object</kind>
         <file>DAC5.o</file>
         <name>DAC5.o</name>
      </input_file>
      <input_file id="fl-5">
         <path>/home/hailin/chenh/Hailin_stuff/tech_applications/319k/MSPM0_ValvanoWare/ECE319K_Lab9/Debug/./</path>
         <kind>object</kind>
         <file>FIFO1.o</file>
         <name>FIFO1.o</name>
      </input_file>
      <input_file id="fl-6">
         <path>/home/hailin/chenh/Hailin_stuff/tech_applications/319k/MSPM0_ValvanoWare/ECE319K_Lab9/Debug/./</path>
         <kind>object</kind>
         <file>LED.o</file>
         <name>LED.o</name>
      </input_file>
      <input_file id="fl-7">
         <path>/home/hailin/chenh/Hailin_stuff/tech_applications/319k/MSPM0_ValvanoWare/ECE319K_Lab9/Debug/./</path>
         <kind>object</kind>
         <file>Lab9Main.o</file>
         <name>Lab9Main.o</name>
      </input_file>
      <input_file id="fl-8">
         <path>/home/hailin/chenh/Hailin_stuff/tech_applications/319k/MSPM0_ValvanoWare/ECE319K_Lab9/Debug/./</path>
         <kind>object</kind>
         <file>LaunchPad.o</file>
         <name>LaunchPad.o</name>
      </input_file>
      <input_file id="fl-9">
         <path>/home/hailin/chenh/Hailin_stuff/tech_applications/319k/MSPM0_ValvanoWare/ECE319K_Lab9/Debug/./</path>
         <kind>object</kind>
         <file>SPI.o</file>
         <name>SPI.o</name>
      </input_file>
      <input_file id="fl-a">
         <path>/home/hailin/chenh/Hailin_stuff/tech_applications/319k/MSPM0_ValvanoWare/ECE319K_Lab9/Debug/./</path>
         <kind>object</kind>
         <file>ST7735.o</file>
         <name>ST7735.o</name>
      </input_file>
      <input_file id="fl-b">
         <path>/home/hailin/chenh/Hailin_stuff/tech_applications/319k/MSPM0_ValvanoWare/ECE319K_Lab9/Debug/./</path>
         <kind>object</kind>
         <file>SmallFont.o</file>
         <name>SmallFont.o</name>
      </input_file>
      <input_file id="fl-c">
         <path>/home/hailin/chenh/Hailin_stuff/tech_applications/319k/MSPM0_ValvanoWare/ECE319K_Lab9/Debug/./</path>
         <kind>object</kind>
         <file>Sound.o</file>
         <name>Sound.o</name>
      </input_file>
      <input_file id="fl-d">
         <path>/home/hailin/chenh/Hailin_stuff/tech_applications/319k/MSPM0_ValvanoWare/ECE319K_Lab9/Debug/./</path>
         <kind>object</kind>
         <file>Switch.o</file>
         <name>Switch.o</name>
      </input_file>
      <input_file id="fl-e">
         <path>/home/hailin/chenh/Hailin_stuff/tech_applications/319k/MSPM0_ValvanoWare/ECE319K_Lab9/Debug/./</path>
         <kind>object</kind>
         <file>TExaS.o</file>
         <name>TExaS.o</name>
      </input_file>
      <input_file id="fl-f">
         <path>/home/hailin/chenh/Hailin_stuff/tech_applications/319k/MSPM0_ValvanoWare/ECE319K_Lab9/Debug/./</path>
         <kind>object</kind>
         <file>Timer.o</file>
         <name>Timer.o</name>
      </input_file>
      <input_file id="fl-10">
         <path>/home/hailin/chenh/Hailin_stuff/tech_applications/319k/MSPM0_ValvanoWare/ECE319K_Lab9/Debug/./</path>
         <kind>object</kind>
         <file>UART1.o</file>
         <name>UART1.o</name>
      </input_file>
      <input_file id="fl-11">
         <path>/home/hailin/chenh/Hailin_stuff/tech_applications/319k/MSPM0_ValvanoWare/ECE319K_Lab9/Debug/./</path>
         <kind>object</kind>
         <file>UART2.o</file>
         <name>UART2.o</name>
      </input_file>
      <input_file id="fl-12">
         <path>/home/hailin/chenh/Hailin_stuff/tech_applications/319k/MSPM0_ValvanoWare/ECE319K_Lab9/Debug/./</path>
         <kind>object</kind>
         <file>spi0.o</file>
         <name>spi0.o</name>
      </input_file>
      <input_file id="fl-13">
         <path>/home/hailin/chenh/Hailin_stuff/tech_applications/319k/MSPM0_ValvanoWare/ECE319K_Lab9/Debug/./images/pipedreams/</path>
         <kind>object</kind>
         <file>PipeSound.o</file>
         <name>PipeSound.o</name>
      </input_file>
      <input_file id="fl-14">
         <path>/home/hailin/chenh/Hailin_stuff/tech_applications/319k/MSPM0_ValvanoWare/ECE319K_Lab9/Debug/./ticlang/</path>
         <kind>object</kind>
         <file>startup_mspm0g3507_ticlang.o</file>
         <name>startup_mspm0g3507_ticlang.o</name>
      </input_file>
      <input_file id="fl-20">
         <path>/home/hailin/chenh/Hailin_stuff/tech_applications/319k/MSPM0_ValvanoWare/ECE319K_Lab9/Debug/</path>
         <kind>object</kind>
         <file>&lt;internal&gt;</file>
         <name>&lt;internal&gt;</name>
      </input_file>
      <input_file id="fl-37">
         <path>/home/hailin/ti/ccs2040/ccs/tools/compiler/ti-cgt-armllvm_4.0.4.LTS/lib/armv6m-ti-none-eabi/c/</path>
         <kind>archive</kind>
         <file>libc.a</file>
         <name>fopen.c.obj</name>
      </input_file>
      <input_file id="fl-38">
         <path>/home/hailin/ti/ccs2040/ccs/tools/compiler/ti-cgt-armllvm_4.0.4.LTS/lib/armv6m-ti-none-eabi/c/</path>
         <kind>archive</kind>
         <file>libc.a</file>
         <name>setvbuf.c.obj</name>
      </input_file>
      <input_file id="fl-39">
         <path>/home/hailin/ti/ccs2040/ccs/tools/compiler/ti-cgt-armllvm_4.0.4.LTS/lib/armv6m-ti-none-eabi/c/</path>
         <kind>archive</kind>
         <file>libc.a</file>
         <name>aeabi_portable.c.obj</name>
      </input_file>
      <input_file id="fl-3a">
         <path>/home/hailin/ti/ccs2040/ccs/tools/compiler/ti-cgt-armllvm_4.0.4.LTS/lib/armv6m-ti-none-eabi/c/</path>
         <kind>archive</kind>
         <file>libc.a</file>
         <name>exit.c.obj</name>
      </input_file>
      <input_file id="fl-3b">
         <path>/home/hailin/ti/ccs2040/ccs/tools/compiler/ti-cgt-armllvm_4.0.4.LTS/lib/armv6m-ti-none-eabi/c/</path>
         <kind>archive</kind>
         <file>libc.a</file>
         <name>_lock.c.obj</name>
      </input_file>
      <input_file id="fl-3c">
         <path>/home/hailin/ti/ccs2040/ccs/tools/compiler/ti-cgt-armllvm_4.0.4.LTS/lib/armv6m-ti-none-eabi/c/</path>
         <kind>archive</kind>
         <file>libc.a</file>
         <name>assert.c.obj</name>
      </input_file>
      <input_file id="fl-3d">
         <path>/home/hailin/ti/ccs2040/ccs/tools/compiler/ti-cgt-armllvm_4.0.4.LTS/lib/armv6m-ti-none-eabi/c/</path>
         <kind>archive</kind>
         <file>libc.a</file>
         <name>defs.c.obj</name>
      </input_file>
      <input_file id="fl-3e">
         <path>/home/hailin/ti/ccs2040/ccs/tools/compiler/ti-cgt-armllvm_4.0.4.LTS/lib/armv6m-ti-none-eabi/c/</path>
         <kind>archive</kind>
         <file>libc.a</file>
         <name>memory.c.obj</name>
      </input_file>
      <input_file id="fl-3f">
         <path>/home/hailin/ti/ccs2040/ccs/tools/compiler/ti-cgt-armllvm_4.0.4.LTS/lib/armv6m-ti-none-eabi/c/</path>
         <kind>archive</kind>
         <file>libc.a</file>
         <name>copy_zero_init.c.obj</name>
      </input_file>
      <input_file id="fl-40">
         <path>/home/hailin/ti/ccs2040/ccs/tools/compiler/ti-cgt-armllvm_4.0.4.LTS/lib/armv6m-ti-none-eabi/c/</path>
         <kind>archive</kind>
         <file>libc.a</file>
         <name>copy_decompress_none.c.obj</name>
      </input_file>
      <input_file id="fl-41">
         <path>/home/hailin/ti/ccs2040/ccs/tools/compiler/ti-cgt-armllvm_4.0.4.LTS/lib/armv6m-ti-none-eabi/c/</path>
         <kind>archive</kind>
         <file>libc.a</file>
         <name>copy_decompress_lzss.c.obj</name>
      </input_file>
      <input_file id="fl-42">
         <path>/home/hailin/ti/ccs2040/ccs/tools/compiler/ti-cgt-armllvm_4.0.4.LTS/lib/armv6m-ti-none-eabi/c/</path>
         <kind>archive</kind>
         <file>libc.a</file>
         <name>boot_cortex_m.c.obj</name>
      </input_file>
      <input_file id="fl-43">
         <path>/home/hailin/ti/ccs2040/ccs/tools/compiler/ti-cgt-armllvm_4.0.4.LTS/lib/armv6m-ti-none-eabi/c/</path>
         <kind>archive</kind>
         <file>libc.a</file>
         <name>mathacl_init.c.obj</name>
      </input_file>
      <input_file id="fl-44">
         <path>/home/hailin/ti/ccs2040/ccs/tools/compiler/ti-cgt-armllvm_4.0.4.LTS/lib/armv6m-ti-none-eabi/c/</path>
         <kind>archive</kind>
         <file>libc.a</file>
         <name>sprintf.c.obj</name>
      </input_file>
      <input_file id="fl-45">
         <path>/home/hailin/ti/ccs2040/ccs/tools/compiler/ti-cgt-armllvm_4.0.4.LTS/lib/armv6m-ti-none-eabi/c/</path>
         <kind>archive</kind>
         <file>libc.a</file>
         <name>fclose.c.obj</name>
      </input_file>
      <input_file id="fl-46">
         <path>/home/hailin/ti/ccs2040/ccs/tools/compiler/ti-cgt-armllvm_4.0.4.LTS/lib/armv6m-ti-none-eabi/c/</path>
         <kind>archive</kind>
         <file>libc.a</file>
         <name>fflush.c.obj</name>
      </input_file>
      <input_file id="fl-47">
         <path>/home/hailin/ti/ccs2040/ccs/tools/compiler/ti-cgt-armllvm_4.0.4.LTS/lib/armv6m-ti-none-eabi/c/</path>
         <kind>archive</kind>
         <file>libc.a</file>
         <name>fputs.c.obj</name>
      </input_file>
      <input_file id="fl-48">
         <path>/home/hailin/ti/ccs2040/ccs/tools/compiler/ti-cgt-armllvm_4.0.4.LTS/lib/armv6m-ti-none-eabi/c/</path>
         <kind>archive</kind>
         <file>libc.a</file>
         <name>_io_perm.c.obj</name>
      </input_file>
      <input_file id="fl-49">
         <path>/home/hailin/ti/ccs2040/ccs/tools/compiler/ti-cgt-armllvm_4.0.4.LTS/lib/armv6m-ti-none-eabi/c/</path>
         <kind>archive</kind>
         <file>libc.a</file>
         <name>args_main.c.obj</name>
      </input_file>
      <input_file id="fl-4a">
         <path>/home/hailin/ti/ccs2040/ccs/tools/compiler/ti-cgt-armllvm_4.0.4.LTS/lib/armv6m-ti-none-eabi/c/</path>
         <kind>archive</kind>
         <file>libc.a</file>
         <name>autoinit.c.obj</name>
      </input_file>
      <input_file id="fl-4b">
         <path>/home/hailin/ti/ccs2040/ccs/tools/compiler/ti-cgt-armllvm_4.0.4.LTS/lib/armv6m-ti-none-eabi/c/</path>
         <kind>archive</kind>
         <file>libc.a</file>
         <name>pre_init.c.obj</name>
      </input_file>
      <input_file id="fl-4c">
         <path>/home/hailin/ti/ccs2040/ccs/tools/compiler/ti-cgt-armllvm_4.0.4.LTS/lib/armv6m-ti-none-eabi/c/</path>
         <kind>archive</kind>
         <file>libc.a</file>
         <name>cpy_tbl.c.obj</name>
      </input_file>
      <input_file id="fl-4d">
         <path>/home/hailin/ti/ccs2040/ccs/tools/compiler/ti-cgt-armllvm_4.0.4.LTS/lib/armv6m-ti-none-eabi/c/</path>
         <kind>archive</kind>
         <file>libc.a</file>
         <name>_printfi.c.obj</name>
      </input_file>
      <input_file id="fl-4e">
         <path>/home/hailin/ti/ccs2040/ccs/tools/compiler/ti-cgt-armllvm_4.0.4.LTS/lib/armv6m-ti-none-eabi/c/</path>
         <kind>archive</kind>
         <file>libc.a</file>
         <name>fseek.c.obj</name>
      </input_file>
      <input_file id="fl-4f">
         <path>/home/hailin/ti/ccs2040/ccs/tools/compiler/ti-cgt-armllvm_4.0.4.LTS/lib/armv6m-ti-none-eabi/c/</path>
         <kind>archive</kind>
         <file>libc.a</file>
         <name>s_frexp.c.obj</name>
      </input_file>
      <input_file id="fl-50">
         <path>/home/hailin/ti/ccs2040/ccs/tools/compiler/ti-cgt-armllvm_4.0.4.LTS/lib/armv6m-ti-none-eabi/c/</path>
         <kind>archive</kind>
         <file>libc.a</file>
         <name>s_scalbn.c.obj</name>
      </input_file>
      <input_file id="fl-51">
         <path>/home/hailin/ti/ccs2040/ccs/tools/compiler/ti-cgt-armllvm_4.0.4.LTS/lib/armv6m-ti-none-eabi/c/</path>
         <kind>archive</kind>
         <file>libc.a</file>
         <name>wcslen.c.obj</name>
      </input_file>
      <input_file id="fl-52">
         <path>/home/hailin/ti/ccs2040/ccs/tools/compiler/ti-cgt-armllvm_4.0.4.LTS/lib/armv6m-ti-none-eabi/c/</path>
         <kind>archive</kind>
         <file>libc.a</file>
         <name>_ltoa.c.obj</name>
      </input_file>
      <input_file id="fl-53">
         <path>/home/hailin/ti/ccs2040/ccs/tools/compiler/ti-cgt-armllvm_4.0.4.LTS/lib/armv6m-ti-none-eabi/c/</path>
         <kind>archive</kind>
         <file>libc.a</file>
         <name>atoi.c.obj</name>
      </input_file>
      <input_file id="fl-54">
         <path>/home/hailin/ti/ccs2040/ccs/tools/compiler/ti-cgt-armllvm_4.0.4.LTS/lib/armv6m-ti-none-eabi/c/</path>
         <kind>archive</kind>
         <file>libc.a</file>
         <name>memccpy.c.obj</name>
      </input_file>
      <input_file id="fl-55">
         <path>/home/hailin/ti/ccs2040/ccs/tools/compiler/ti-cgt-armllvm_4.0.4.LTS/lib/armv6m-ti-none-eabi/c/</path>
         <kind>archive</kind>
         <file>libc.a</file>
         <name>aeabi_ctype.S.obj</name>
      </input_file>
      <input_file id="fl-f5">
         <path>/home/hailin/ti/ccs2040/ccs/tools/compiler/ti-cgt-armllvm_4.0.4.LTS/lib/armv6m-ti-none-eabi/c/</path>
         <kind>archive</kind>
         <file>libsysbm.a</file>
         <name>hostexit.c.obj</name>
      </input_file>
      <input_file id="fl-f6">
         <path>/home/hailin/ti/ccs2040/ccs/tools/compiler/ti-cgt-armllvm_4.0.4.LTS/lib/armv6m-ti-none-eabi/c/</path>
         <kind>archive</kind>
         <file>libsysbm.a</file>
         <name>write.c.obj</name>
      </input_file>
      <input_file id="fl-f7">
         <path>/home/hailin/ti/ccs2040/ccs/tools/compiler/ti-cgt-armllvm_4.0.4.LTS/lib/armv6m-ti-none-eabi/c/</path>
         <kind>archive</kind>
         <file>libsysbm.a</file>
         <name>host_device.c.obj</name>
      </input_file>
      <input_file id="fl-f8">
         <path>/home/hailin/ti/ccs2040/ccs/tools/compiler/ti-cgt-armllvm_4.0.4.LTS/lib/armv6m-ti-none-eabi/c/</path>
         <kind>archive</kind>
         <file>libsysbm.a</file>
         <name>remove.c.obj</name>
      </input_file>
      <input_file id="fl-f9">
         <path>/home/hailin/ti/ccs2040/ccs/tools/compiler/ti-cgt-armllvm_4.0.4.LTS/lib/armv6m-ti-none-eabi/c/</path>
         <kind>archive</kind>
         <file>libsysbm.a</file>
         <name>open.c.obj</name>
      </input_file>
      <input_file id="fl-fa">
         <path>/home/hailin/ti/ccs2040/ccs/tools/compiler/ti-cgt-armllvm_4.0.4.LTS/lib/armv6m-ti-none-eabi/c/</path>
         <kind>archive</kind>
         <file>libsysbm.a</file>
         <name>lseek.c.obj</name>
      </input_file>
      <input_file id="fl-fb">
         <path>/home/hailin/ti/ccs2040/ccs/tools/compiler/ti-cgt-armllvm_4.0.4.LTS/lib/armv6m-ti-none-eabi/c/</path>
         <kind>archive</kind>
         <file>libsysbm.a</file>
         <name>close.c.obj</name>
      </input_file>
      <input_file id="fl-fc">
         <path>/home/hailin/ti/ccs2040/ccs/tools/compiler/ti-cgt-armllvm_4.0.4.LTS/lib/armv6m-ti-none-eabi/c/</path>
         <kind>archive</kind>
         <file>libsysbm.a</file>
         <name>add_device.c.obj</name>
      </input_file>
      <input_file id="fl-fd">
         <path>/home/hailin/ti/ccs2040/ccs/tools/compiler/ti-cgt-armllvm_4.0.4.LTS/lib/armv6m-ti-none-eabi/c/</path>
         <kind>archive</kind>
         <file>libsysbm.a</file>
         <name>unlink.c.obj</name>
      </input_file>
      <input_file id="fl-fe">
         <path>/home/hailin/ti/ccs2040/ccs/tools/compiler/ti-cgt-armllvm_4.0.4.LTS/lib/armv6m-ti-none-eabi/c/</path>
         <kind>archive</kind>
         <file>libsysbm.a</file>
         <name>hostclose.c.obj</name>
      </input_file>
      <input_file id="fl-ff">
         <path>/home/hailin/ti/ccs2040/ccs/tools/compiler/ti-cgt-armllvm_4.0.4.LTS/lib/armv6m-ti-none-eabi/c/</path>
         <kind>archive</kind>
         <file>libsysbm.a</file>
         <name>hostlseek.c.obj</name>
      </input_file>
      <input_file id="fl-100">
         <path>/home/hailin/ti/ccs2040/ccs/tools/compiler/ti-cgt-armllvm_4.0.4.LTS/lib/armv6m-ti-none-eabi/c/</path>
         <kind>archive</kind>
         <file>libsysbm.a</file>
         <name>hostopen.c.obj</name>
      </input_file>
      <input_file id="fl-101">
         <path>/home/hailin/ti/ccs2040/ccs/tools/compiler/ti-cgt-armllvm_4.0.4.LTS/lib/armv6m-ti-none-eabi/c/</path>
         <kind>archive</kind>
         <file>libsysbm.a</file>
         <name>hostread.c.obj</name>
      </input_file>
      <input_file id="fl-102">
         <path>/home/hailin/ti/ccs2040/ccs/tools/compiler/ti-cgt-armllvm_4.0.4.LTS/lib/armv6m-ti-none-eabi/c/</path>
         <kind>archive</kind>
         <file>libsysbm.a</file>
         <name>hostrename.c.obj</name>
      </input_file>
      <input_file id="fl-103">
         <path>/home/hailin/ti/ccs2040/ccs/tools/compiler/ti-cgt-armllvm_4.0.4.LTS/lib/armv6m-ti-none-eabi/c/</path>
         <kind>archive</kind>
         <file>libsysbm.a</file>
         <name>hostunlink.c.obj</name>
      </input_file>
      <input_file id="fl-104">
         <path>/home/hailin/ti/ccs2040/ccs/tools/compiler/ti-cgt-armllvm_4.0.4.LTS/lib/armv6m-ti-none-eabi/c/</path>
         <kind>archive</kind>
         <file>libsysbm.a</file>
         <name>hostwrite.c.obj</name>
      </input_file>
      <input_file id="fl-105">
         <path>/home/hailin/ti/ccs2040/ccs/tools/compiler/ti-cgt-armllvm_4.0.4.LTS/lib/armv6m-ti-none-eabi/c/</path>
         <kind>archive</kind>
         <file>libsysbm.a</file>
         <name>trgmsg.c.obj</name>
      </input_file>
      <input_file id="fl-106">
         <path>/home/hailin/ti/ccs2040/ccs/tools/compiler/ti-cgt-armllvm_4.0.4.LTS/lib/armv6m-ti-none-eabi/</path>
         <kind>archive</kind>
         <file>libclang_rt.builtins.a</file>
         <name>adddf3.S.obj</name>
      </input_file>
      <input_file id="fl-107">
         <path>/home/hailin/ti/ccs2040/ccs/tools/compiler/ti-cgt-armllvm_4.0.4.LTS/lib/armv6m-ti-none-eabi/</path>
         <kind>archive</kind>
         <file>libclang_rt.builtins.a</file>
         <name>muldf3.S.obj</name>
      </input_file>
      <input_file id="fl-108">
         <path>/home/hailin/ti/ccs2040/ccs/tools/compiler/ti-cgt-armllvm_4.0.4.LTS/lib/armv6m-ti-none-eabi/</path>
         <kind>archive</kind>
         <file>libclang_rt.builtins.a</file>
         <name>muldsi3.S.obj</name>
      </input_file>
      <input_file id="fl-109">
         <path>/home/hailin/ti/ccs2040/ccs/tools/compiler/ti-cgt-armllvm_4.0.4.LTS/lib/armv6m-ti-none-eabi/</path>
         <kind>archive</kind>
         <file>libclang_rt.builtins.a</file>
         <name>divdf3.S.obj</name>
      </input_file>
      <input_file id="fl-10a">
         <path>/home/hailin/ti/ccs2040/ccs/tools/compiler/ti-cgt-armllvm_4.0.4.LTS/lib/armv6m-ti-none-eabi/</path>
         <kind>archive</kind>
         <file>libclang_rt.builtins.a</file>
         <name>fixdfsi.S.obj</name>
      </input_file>
      <input_file id="fl-10b">
         <path>/home/hailin/ti/ccs2040/ccs/tools/compiler/ti-cgt-armllvm_4.0.4.LTS/lib/armv6m-ti-none-eabi/</path>
         <kind>archive</kind>
         <file>libclang_rt.builtins.a</file>
         <name>floatsidf.S.obj</name>
      </input_file>
      <input_file id="fl-10c">
         <path>/home/hailin/ti/ccs2040/ccs/tools/compiler/ti-cgt-armllvm_4.0.4.LTS/lib/armv6m-ti-none-eabi/</path>
         <kind>archive</kind>
         <file>libclang_rt.builtins.a</file>
         <name>floatunsidf.S.obj</name>
      </input_file>
      <input_file id="fl-10d">
         <path>/home/hailin/ti/ccs2040/ccs/tools/compiler/ti-cgt-armllvm_4.0.4.LTS/lib/armv6m-ti-none-eabi/</path>
         <kind>archive</kind>
         <file>libclang_rt.builtins.a</file>
         <name>muldi3.S.obj</name>
      </input_file>
      <input_file id="fl-10e">
         <path>/home/hailin/ti/ccs2040/ccs/tools/compiler/ti-cgt-armllvm_4.0.4.LTS/lib/armv6m-ti-none-eabi/</path>
         <kind>archive</kind>
         <file>libclang_rt.builtins.a</file>
         <name>truncdfsf2.S.obj</name>
      </input_file>
      <input_file id="fl-10f">
         <path>/home/hailin/ti/ccs2040/ccs/tools/compiler/ti-cgt-armllvm_4.0.4.LTS/lib/armv6m-ti-none-eabi/</path>
         <kind>archive</kind>
         <file>libclang_rt.builtins.a</file>
         <name>aeabi_dcmp.S.obj</name>
      </input_file>
      <input_file id="fl-110">
         <path>/home/hailin/ti/ccs2040/ccs/tools/compiler/ti-cgt-armllvm_4.0.4.LTS/lib/armv6m-ti-none-eabi/</path>
         <kind>archive</kind>
         <file>libclang_rt.builtins.a</file>
         <name>aeabi_idivmod.S.obj</name>
      </input_file>
      <input_file id="fl-111">
         <path>/home/hailin/ti/ccs2040/ccs/tools/compiler/ti-cgt-armllvm_4.0.4.LTS/lib/armv6m-ti-none-eabi/</path>
         <kind>archive</kind>
         <file>libclang_rt.builtins.a</file>
         <name>aeabi_memcpy.S.obj</name>
      </input_file>
      <input_file id="fl-112">
         <path>/home/hailin/ti/ccs2040/ccs/tools/compiler/ti-cgt-armllvm_4.0.4.LTS/lib/armv6m-ti-none-eabi/</path>
         <kind>archive</kind>
         <file>libclang_rt.builtins.a</file>
         <name>aeabi_memset.S.obj</name>
      </input_file>
      <input_file id="fl-113">
         <path>/home/hailin/ti/ccs2040/ccs/tools/compiler/ti-cgt-armllvm_4.0.4.LTS/lib/armv6m-ti-none-eabi/</path>
         <kind>archive</kind>
         <file>libclang_rt.builtins.a</file>
         <name>aeabi_uidivmod.S.obj</name>
      </input_file>
      <input_file id="fl-114">
         <path>/home/hailin/ti/ccs2040/ccs/tools/compiler/ti-cgt-armllvm_4.0.4.LTS/lib/armv6m-ti-none-eabi/</path>
         <kind>archive</kind>
         <file>libclang_rt.builtins.a</file>
         <name>aeabi_uldivmod.S.obj</name>
      </input_file>
      <input_file id="fl-115">
         <path>/home/hailin/ti/ccs2040/ccs/tools/compiler/ti-cgt-armllvm_4.0.4.LTS/lib/armv6m-ti-none-eabi/</path>
         <kind>archive</kind>
         <file>libclang_rt.builtins.a</file>
         <name>udivmoddi4.S.obj</name>
      </input_file>
      <input_file id="fl-116">
         <path>/home/hailin/ti/ccs2040/ccs/tools/compiler/ti-cgt-armllvm_4.0.4.LTS/lib/armv6m-ti-none-eabi/</path>
         <kind>archive</kind>
         <file>libclang_rt.builtins.a</file>
         <name>ashldi3.S.obj</name>
      </input_file>
      <input_file id="fl-117">
         <path>/home/hailin/ti/ccs2040/ccs/tools/compiler/ti-cgt-armllvm_4.0.4.LTS/lib/armv6m-ti-none-eabi/</path>
         <kind>archive</kind>
         <file>libclang_rt.builtins.a</file>
         <name>comparedf2.c.obj</name>
      </input_file>
      <input_file id="fl-118">
         <path>/home/hailin/ti/ccs2040/ccs/tools/compiler/ti-cgt-armllvm_4.0.4.LTS/lib/armv6m-ti-none-eabi/</path>
         <kind>archive</kind>
         <file>libclang_rt.builtins.a</file>
         <name>aeabi_div0.c.obj</name>
      </input_file>
      <input_file id="fl-119">
         <path>/home/hailin/ti/ccs2040/ccs/tools/compiler/ti-cgt-armllvm_4.0.4.LTS/lib/armv6m-ti-none-eabi/c/</path>
         <kind>archive</kind>
         <file>libc.a</file>
         <name>getdevice.c.obj</name>
      </input_file>
      <input_file id="fl-11a">
         <path>/home/hailin/ti/ccs2040/ccs/tools/compiler/ti-cgt-armllvm_4.0.4.LTS/lib/armv6m-ti-none-eabi/c/</path>
         <kind>archive</kind>
         <file>libc.a</file>
         <name>memcpy16.S.obj</name>
      </input_file>
      <input_file id="fl-11b">
         <path>/home/hailin/ti/ccs2040/ccs/tools/compiler/ti-cgt-armllvm_4.0.4.LTS/lib/armv6m-ti-none-eabi/c/</path>
         <kind>archive</kind>
         <file>libc.a</file>
         <name>memset16.S.obj</name>
      </input_file>
      <input_file id="fl-11c">
         <path>/home/hailin/ti/ccs2040/ccs/tools/compiler/ti-cgt-armllvm_4.0.4.LTS/lib/armv6m-ti-none-eabi/c/</path>
         <kind>archive</kind>
         <file>libc.a</file>
         <name>strcmp-armv6m.S.obj</name>
      </input_file>
   </input_file_list>
   <object_component_list>
      <object_component id="oc-18">
         <name>.intvecs</name>
         <load_address>0x0</load_address>
         <readonly>true</readonly>
         <run_address>0x0</run_address>
         <size>0xc0</size>
         <alignment>0x4</alignment>
         <input_file_ref idref="fl-14"/>
      </object_component>
      <object_component id="oc-ff">
         <name>.text.Clock_Init80MHz</name>
         <load_address>0xc0</load_address>
         <readonly>true</readonly>
         <executable>true</executable>
         <run_address>0xc0</run_address>
         <size>0x1b4</size>
         <alignment>0x4</alignment>
         <input_file_ref idref="fl-3"/>
      </object_component>
      <object_component id="oc-1ce">
         <name>.text.ST7735_DrawChar</name>
         <load_address>0x274</load_address>
         <readonly>true</readonly>
         <executable>true</executable>
         <run_address>0x274</run_address>
         <size>0x1a8</size>
         <alignment>0x4</alignment>
         <input_file_ref idref="fl-a"/>
      </object_component>
      <object_component id="oc-163">
         <name>.text._openfile</name>
         <load_address>0x41c</load_address>
         <readonly>true</readonly>
         <executable>true</executable>
         <run_address>0x41c</run_address>
         <size>0x154</size>
         <alignment>0x4</alignment>
         <input_file_ref idref="fl-37"/>
      </object_component>
      <object_component id="oc-121">
         <name>.text.ST7735_FillRect</name>
         <load_address>0x570</load_address>
         <readonly>true</readonly>
         <executable>true</executable>
         <run_address>0x570</run_address>
         <size>0x118</size>
         <alignment>0x4</alignment>
         <input_file_ref idref="fl-a"/>
      </object_component>
      <object_component id="oc-1cc">
         <name>.text.aligned_alloc</name>
         <load_address>0x688</load_address>
         <readonly>true</readonly>
         <executable>true</executable>
         <run_address>0x688</run_address>
         <size>0x114</size>
         <alignment>0x4</alignment>
         <input_file_ref idref="fl-3e"/>
      </object_component>
      <object_component id="oc-189">
         <name>.text.SPI_Init</name>
         <load_address>0x79c</load_address>
         <readonly>true</readonly>
         <executable>true</executable>
         <run_address>0x79c</run_address>
         <size>0xf8</size>
         <alignment>0x4</alignment>
         <input_file_ref idref="fl-9"/>
      </object_component>
      <object_component id="oc-104">
         <name>.text.add_device</name>
         <load_address>0x894</load_address>
         <readonly>true</readonly>
         <executable>true</executable>
         <run_address>0x894</run_address>
         <size>0xec</size>
         <alignment>0x4</alignment>
         <input_file_ref idref="fl-fc"/>
      </object_component>
      <object_component id="oc-16c">
         <name>.text.free</name>
         <load_address>0x980</load_address>
         <readonly>true</readonly>
         <executable>true</executable>
         <run_address>0x980</run_address>
         <size>0xe8</size>
         <alignment>0x4</alignment>
         <input_file_ref idref="fl-3e"/>
      </object_component>
      <object_component id="oc-10f">
         <name>.text.setvbuf</name>
         <load_address>0xa68</load_address>
         <readonly>true</readonly>
         <executable>true</executable>
         <run_address>0xa68</run_address>
         <size>0xe0</size>
         <alignment>0x4</alignment>
         <input_file_ref idref="fl-38"/>
      </object_component>
      <object_component id="oc-173">
         <name>.text.ST7735_OutChar</name>
         <load_address>0xb48</load_address>
         <readonly>true</readonly>
         <executable>true</executable>
         <run_address>0xb48</run_address>
         <size>0xd0</size>
         <alignment>0x4</alignment>
         <input_file_ref idref="fl-a"/>
      </object_component>
      <object_component id="oc-d6">
         <name>.text.UART2_Init</name>
         <load_address>0xc18</load_address>
         <readonly>true</readonly>
         <executable>true</executable>
         <run_address>0xc18</run_address>
         <size>0xc4</size>
         <alignment>0x4</alignment>
         <input_file_ref idref="fl-11"/>
      </object_component>
      <object_component id="oc-94">
         <name>.text.main</name>
         <load_address>0xcdc</load_address>
         <readonly>true</readonly>
         <executable>true</executable>
         <run_address>0xcdc</run_address>
         <size>0xb8</size>
         <alignment>0x4</alignment>
         <input_file_ref idref="fl-7"/>
      </object_component>
      <object_component id="oc-14b">
         <name>.text.commandList</name>
         <load_address>0xd94</load_address>
         <readonly>true</readonly>
         <executable>true</executable>
         <run_address>0xd94</run_address>
         <size>0xa2</size>
         <alignment>0x2</alignment>
         <input_file_ref idref="fl-a"/>
      </object_component>
      <object_component id="oc-c6">
         <name>.text.LED_Init</name>
         <load_address>0xe36</load_address>
         <readonly>true</readonly>
         <executable>true</executable>
         <run_address>0xe36</run_address>
         <size>0x2</size>
         <alignment>0x2</alignment>
         <input_file_ref idref="fl-6"/>
      </object_component>
      <object_component id="oc-1b4">
         <name>.text.open</name>
         <load_address>0xe38</load_address>
         <readonly>true</readonly>
         <executable>true</executable>
         <run_address>0xe38</run_address>
         <size>0xa0</size>
         <alignment>0x4</alignment>
         <input_file_ref idref="fl-f9"/>
      </object_component>
      <object_component id="oc-b6">
         <name>.text.ST7735_InitPrintf</name>
         <load_address>0xed8</load_address>
         <readonly>true</readonly>
         <executable>true</executable>
         <run_address>0xed8</run_address>
         <size>0x9c</size>
         <alignment>0x4</alignment>
         <input_file_ref idref="fl-a"/>
      </object_component>
      <object_component id="oc-103">
         <name>.text.ST7735_InitR</name>
         <load_address>0xf74</load_address>
         <readonly>true</readonly>
         <executable>true</executable>
         <run_address>0xf74</run_address>
         <size>0x98</size>
         <alignment>0x4</alignment>
         <input_file_ref idref="fl-a"/>
      </object_component>
      <object_component id="oc-cc">
         <name>.text.TimerG12_IntArm</name>
         <load_address>0x100c</load_address>
         <readonly>true</readonly>
         <executable>true</executable>
         <run_address>0x100c</run_address>
         <size>0x94</size>
         <alignment>0x4</alignment>
         <input_file_ref idref="fl-f"/>
      </object_component>
      <object_component id="oc-177">
         <name>.text.setAddrWindow</name>
         <load_address>0x10a0</load_address>
         <readonly>true</readonly>
         <executable>true</executable>
         <run_address>0x10a0</run_address>
         <size>0x88</size>
         <alignment>0x4</alignment>
         <input_file_ref idref="fl-a"/>
      </object_component>
      <object_component id="oc-de">
         <name>.text.UART2_InChar</name>
         <load_address>0x1128</load_address>
         <readonly>true</readonly>
         <executable>true</executable>
         <run_address>0x1128</run_address>
         <size>0x8</size>
         <alignment>0x2</alignment>
         <input_file_ref idref="fl-11"/>
      </object_component>
      <object_component id="oc-18c">
         <name>.text:strcmp</name>
         <load_address>0x1130</load_address>
         <readonly>true</readonly>
         <executable>true</executable>
         <run_address>0x1130</run_address>
         <size>0x88</size>
         <alignment>0x10</alignment>
         <input_file_ref idref="fl-11c"/>
      </object_component>
      <object_component id="oc-1cd">
         <name>.text.ST7735_DrawString</name>
         <load_address>0x11b8</load_address>
         <readonly>true</readonly>
         <executable>true</executable>
         <run_address>0x11b8</run_address>
         <size>0x84</size>
         <alignment>0x2</alignment>
         <input_file_ref idref="fl-a"/>
      </object_component>
      <object_component id="oc-d1">
         <name>.text.UART1_Init</name>
         <load_address>0x123c</load_address>
         <readonly>true</readonly>
         <executable>true</executable>
         <run_address>0x123c</run_address>
         <size>0x80</size>
         <alignment>0x4</alignment>
         <input_file_ref idref="fl-10"/>
      </object_component>
      <object_component id="oc-b1">
         <name>.text.LaunchPad_Init</name>
         <load_address>0x12bc</load_address>
         <readonly>true</readonly>
         <executable>true</executable>
         <run_address>0x12bc</run_address>
         <size>0x7c</size>
         <alignment>0x4</alignment>
         <input_file_ref idref="fl-8"/>
      </object_component>
      <object_component id="oc-166">
         <name>.text.__TI_closefile</name>
         <load_address>0x1338</load_address>
         <readonly>true</readonly>
         <executable>true</executable>
         <run_address>0x1338</run_address>
         <size>0x7c</size>
         <alignment>0x4</alignment>
         <input_file_ref idref="fl-45"/>
      </object_component>
      <object_component id="oc-1c">
         <name>.text:decompress:lzss</name>
         <load_address>0x13b4</load_address>
         <readonly>true</readonly>
         <executable>true</executable>
         <run_address>0x13b4</run_address>
         <size>0x7c</size>
         <alignment>0x4</alignment>
         <input_file_ref idref="fl-41"/>
      </object_component>
      <object_component id="oc-bc">
         <name>.text.ADCinit</name>
         <load_address>0x1430</load_address>
         <readonly>true</readonly>
         <executable>true</executable>
         <run_address>0x1430</run_address>
         <size>0x78</size>
         <alignment>0x4</alignment>
         <input_file_ref idref="fl-1"/>
      </object_component>
      <object_component id="oc-1a2">
         <name>.text.HOSTlseek</name>
         <load_address>0x14a8</load_address>
         <readonly>true</readonly>
         <executable>true</executable>
         <run_address>0x14a8</run_address>
         <size>0x6c</size>
         <alignment>0x4</alignment>
         <input_file_ref idref="fl-ff"/>
      </object_component>
      <object_component id="oc-1aa">
         <name>.text.HOSTrename</name>
         <load_address>0x1514</load_address>
         <readonly>true</readonly>
         <executable>true</executable>
         <run_address>0x1514</run_address>
         <size>0x6c</size>
         <alignment>0x4</alignment>
         <input_file_ref idref="fl-102"/>
      </object_component>
      <object_component id="oc-1f4">
         <name>.text.getdevice</name>
         <load_address>0x1580</load_address>
         <readonly>true</readonly>
         <executable>true</executable>
         <run_address>0x1580</run_address>
         <size>0x6c</size>
         <alignment>0x4</alignment>
         <input_file_ref idref="fl-119"/>
      </object_component>
      <object_component id="oc-20b">
         <name>.text.split</name>
         <load_address>0x15ec</load_address>
         <readonly>true</readonly>
         <executable>true</executable>
         <run_address>0x15ec</run_address>
         <size>0x64</size>
         <alignment>0x4</alignment>
         <input_file_ref idref="fl-3e"/>
      </object_component>
      <object_component id="oc-192">
         <name>.text.HOSTopen</name>
         <load_address>0x1650</load_address>
         <readonly>true</readonly>
         <executable>true</executable>
         <run_address>0x1650</run_address>
         <size>0x60</size>
         <alignment>0x4</alignment>
         <input_file_ref idref="fl-100"/>
      </object_component>
      <object_component id="oc-3c">
         <name>.text.UART2_IRQHandler</name>
         <load_address>0x16b0</load_address>
         <readonly>true</readonly>
         <executable>true</executable>
         <run_address>0x16b0</run_address>
         <size>0x60</size>
         <alignment>0x4</alignment>
         <input_file_ref idref="fl-11"/>
      </object_component>
      <object_component id="oc-137">
         <name>.text.Fifo1_Get</name>
         <load_address>0x1710</load_address>
         <readonly>true</readonly>
         <executable>true</executable>
         <run_address>0x1710</run_address>
         <size>0x58</size>
         <alignment>0x4</alignment>
         <input_file_ref idref="fl-5"/>
      </object_component>
      <object_component id="oc-74">
         <name>.text.Fifo1_Put</name>
         <load_address>0x1768</load_address>
         <readonly>true</readonly>
         <executable>true</executable>
         <run_address>0x1768</run_address>
         <size>0x58</size>
         <alignment>0x4</alignment>
         <input_file_ref idref="fl-5"/>
      </object_component>
      <object_component id="oc-19a">
         <name>.text.HOSTread</name>
         <load_address>0x17c0</load_address>
         <readonly>true</readonly>
         <executable>true</executable>
         <run_address>0x17c0</run_address>
         <size>0x58</size>
         <alignment>0x4</alignment>
         <input_file_ref idref="fl-101"/>
      </object_component>
      <object_component id="oc-19e">
         <name>.text.HOSTwrite</name>
         <load_address>0x1818</load_address>
         <readonly>true</readonly>
         <executable>true</executable>
         <run_address>0x1818</run_address>
         <size>0x58</size>
         <alignment>0x4</alignment>
         <input_file_ref idref="fl-104"/>
      </object_component>
      <object_component id="oc-1b8">
         <name>.text.__TI_doflush</name>
         <load_address>0x1870</load_address>
         <readonly>true</readonly>
         <executable>true</executable>
         <run_address>0x1870</run_address>
         <size>0x52</size>
         <alignment>0x2</alignment>
         <input_file_ref idref="fl-46"/>
      </object_component>
      <object_component id="oc-cb">
         <name>.text.Sound_Init</name>
         <load_address>0x18c2</load_address>
         <readonly>true</readonly>
         <executable>true</executable>
         <run_address>0x18c2</run_address>
         <size>0x2</size>
         <alignment>0x2</alignment>
         <input_file_ref idref="fl-c"/>
      </object_component>
      <object_component id="oc-1be">
         <name>.text.close</name>
         <load_address>0x18c4</load_address>
         <readonly>true</readonly>
         <executable>true</executable>
         <run_address>0x18c4</run_address>
         <size>0x50</size>
         <alignment>0x4</alignment>
         <input_file_ref idref="fl-fb"/>
      </object_component>
      <object_component id="oc-196">
         <name>.text.HOSTclose</name>
         <load_address>0x1914</load_address>
         <readonly>true</readonly>
         <executable>true</executable>
         <run_address>0x1914</run_address>
         <size>0x48</size>
         <alignment>0x4</alignment>
         <input_file_ref idref="fl-fe"/>
      </object_component>
      <object_component id="oc-1a6">
         <name>.text.HOSTunlink</name>
         <load_address>0x195c</load_address>
         <readonly>true</readonly>
         <executable>true</executable>
         <run_address>0x195c</run_address>
         <size>0x48</size>
         <alignment>0x4</alignment>
         <input_file_ref idref="fl-103"/>
      </object_component>
      <object_component id="oc-14c">
         <name>.text.SPI_OutCommand</name>
         <load_address>0x19a4</load_address>
         <readonly>true</readonly>
         <executable>true</executable>
         <run_address>0x19a4</run_address>
         <size>0x48</size>
         <alignment>0x4</alignment>
         <input_file_ref idref="fl-9"/>
      </object_component>
      <object_component id="oc-1d4">
         <name>.text.SPI_Reset</name>
         <load_address>0x19ec</load_address>
         <readonly>true</readonly>
         <executable>true</executable>
         <run_address>0x19ec</run_address>
         <size>0x40</size>
         <alignment>0x4</alignment>
         <input_file_ref idref="fl-9"/>
      </object_component>
      <object_component id="oc-41">
         <name>.text.TIMG7_IRQHandler</name>
         <load_address>0x1a2c</load_address>
         <readonly>true</readonly>
         <executable>true</executable>
         <run_address>0x1a2c</run_address>
         <size>0x40</size>
         <alignment>0x4</alignment>
         <input_file_ref idref="fl-e"/>
      </object_component>
      <object_component id="oc-132">
         <name>.text.__aeabi_uidivmod</name>
         <load_address>0x1a6c</load_address>
         <readonly>true</readonly>
         <executable>true</executable>
         <run_address>0x1a6c</run_address>
         <size>0x40</size>
         <alignment>0x4</alignment>
         <input_file_ref idref="fl-113"/>
      </object_component>
      <object_component id="oc-162">
         <name>.text._search_fp</name>
         <load_address>0x1aac</load_address>
         <readonly>true</readonly>
         <executable>true</executable>
         <run_address>0x1aac</run_address>
         <size>0x40</size>
         <alignment>0x4</alignment>
         <input_file_ref idref="fl-37"/>
      </object_component>
      <object_component id="oc-e6">
         <name>.text:__TI_auto_init_nobinit_nopinit</name>
         <load_address>0x1aec</load_address>
         <readonly>true</readonly>
         <executable>true</executable>
         <run_address>0x1aec</run_address>
         <size>0x3c</size>
         <alignment>0x4</alignment>
         <input_file_ref idref="fl-4a"/>
      </object_component>
      <object_component id="oc-100">
         <name>.text.ActivatePortA_B</name>
         <load_address>0x1b28</load_address>
         <readonly>true</readonly>
         <executable>true</executable>
         <run_address>0x1b28</run_address>
         <size>0x38</size>
         <alignment>0x4</alignment>
         <input_file_ref idref="fl-8"/>
      </object_component>
      <object_component id="oc-80">
         <name>.text.SPI_OutData</name>
         <load_address>0x1b60</load_address>
         <readonly>true</readonly>
         <executable>true</executable>
         <run_address>0x1b60</run_address>
         <size>0x38</size>
         <alignment>0x4</alignment>
         <input_file_ref idref="fl-9"/>
      </object_component>
      <object_component id="oc-dd">
         <name>.text.Clock_Delay1ms</name>
         <load_address>0x1b98</load_address>
         <readonly>true</readonly>
         <executable>true</executable>
         <run_address>0x1b98</run_address>
         <size>0x34</size>
         <alignment>0x4</alignment>
         <input_file_ref idref="fl-3"/>
      </object_component>
      <object_component id="oc-14d">
         <name>.text.ST7735_SetCursor</name>
         <load_address>0x1bcc</load_address>
         <readonly>true</readonly>
         <executable>true</executable>
         <run_address>0x1bcc</run_address>
         <size>0x34</size>
         <alignment>0x4</alignment>
         <input_file_ref idref="fl-a"/>
      </object_component>
      <object_component id="oc-116">
         <name>.text.ST7735_write</name>
         <load_address>0x1c00</load_address>
         <readonly>true</readonly>
         <executable>true</executable>
         <run_address>0x1c00</run_address>
         <size>0x34</size>
         <alignment>0x2</alignment>
         <input_file_ref idref="fl-a"/>
      </object_component>
      <object_component id="oc-16f">
         <name>.text.__TI_cleanup</name>
         <load_address>0x1c34</load_address>
         <readonly>true</readonly>
         <executable>true</executable>
         <run_address>0x1c34</run_address>
         <size>0x34</size>
         <alignment>0x4</alignment>
         <input_file_ref idref="fl-37"/>
      </object_component>
      <object_component id="oc-1dc">
         <name>.text.__TI_readmsg</name>
         <load_address>0x1c68</load_address>
         <readonly>true</readonly>
         <executable>true</executable>
         <run_address>0x1c68</run_address>
         <size>0x34</size>
         <alignment>0x4</alignment>
         <input_file_ref idref="fl-105"/>
      </object_component>
      <object_component id="oc-1d6">
         <name>.text.__TI_writemsg</name>
         <load_address>0x1c9c</load_address>
         <readonly>true</readonly>
         <executable>true</executable>
         <run_address>0x1c9c</run_address>
         <size>0x34</size>
         <alignment>0x4</alignment>
         <input_file_ref idref="fl-105"/>
      </object_component>
      <object_component id="oc-e4">
         <name>.text.exit</name>
         <load_address>0x1cd0</load_address>
         <readonly>true</readonly>
         <executable>true</executable>
         <run_address>0x1cd0</run_address>
         <size>0x34</size>
         <alignment>0x4</alignment>
         <input_file_ref idref="fl-3a"/>
      </object_component>
      <object_component id="oc-156">
         <name>.text.finddevice</name>
         <load_address>0x1d04</load_address>
         <readonly>true</readonly>
         <executable>true</executable>
         <run_address>0x1d04</run_address>
         <size>0x34</size>
         <alignment>0x4</alignment>
         <input_file_ref idref="fl-119"/>
      </object_component>
      <object_component id="oc-10e">
         <name>.text.freopen</name>
         <load_address>0x1d38</load_address>
         <readonly>true</readonly>
         <executable>true</executable>
         <run_address>0x1d38</run_address>
         <size>0x34</size>
         <alignment>0x4</alignment>
         <input_file_ref idref="fl-37"/>
      </object_component>
      <object_component id="oc-14a">
         <name>.text.commonInit</name>
         <load_address>0x1d6c</load_address>
         <readonly>true</readonly>
         <executable>true</executable>
         <run_address>0x1d6c</run_address>
         <size>0x30</size>
         <alignment>0x4</alignment>
         <input_file_ref idref="fl-a"/>
      </object_component>
      <object_component id="oc-108">
         <name>.text.fopen</name>
         <load_address>0x1d9c</load_address>
         <readonly>true</readonly>
         <executable>true</executable>
         <run_address>0x1d9c</run_address>
         <size>0x30</size>
         <alignment>0x4</alignment>
         <input_file_ref idref="fl-37"/>
      </object_component>
      <object_component id="oc-bb">
         <name>.text.ST7735_FillScreen</name>
         <load_address>0x1dcc</load_address>
         <readonly>true</readonly>
         <executable>true</executable>
         <run_address>0x1dcc</run_address>
         <size>0x2c</size>
         <alignment>0x4</alignment>
         <input_file_ref idref="fl-a"/>
      </object_component>
      <object_component id="oc-203">
         <name>.text.unlink</name>
         <load_address>0x1df8</load_address>
         <readonly>true</readonly>
         <executable>true</executable>
         <run_address>0x1df8</run_address>
         <size>0x2c</size>
         <alignment>0x4</alignment>
         <input_file_ref idref="fl-fd"/>
      </object_component>
      <object_component id="oc-1cb">
         <name>.text.free_list_insert</name>
         <load_address>0x1e24</load_address>
         <readonly>true</readonly>
         <executable>true</executable>
         <run_address>0x1e24</run_address>
         <size>0x28</size>
         <alignment>0x4</alignment>
         <input_file_ref idref="fl-3e"/>
      </object_component>
      <object_component id="oc-1fa">
         <name>.text.write</name>
         <load_address>0x1e4c</load_address>
         <readonly>true</readonly>
         <executable>true</executable>
         <run_address>0x1e4c</run_address>
         <size>0x28</size>
         <alignment>0x4</alignment>
         <input_file_ref idref="fl-f6"/>
      </object_component>
      <object_component id="oc-66">
         <name>.text:_c_int00_noargs</name>
         <load_address>0x1e74</load_address>
         <readonly>true</readonly>
         <executable>true</executable>
         <run_address>0x1e74</run_address>
         <size>0x28</size>
         <alignment>0x4</alignment>
         <input_file_ref idref="fl-42"/>
      </object_component>
      <object_component id="oc-d7">
         <name>.text.SysTick_Init</name>
         <load_address>0x1e9c</load_address>
         <readonly>true</readonly>
         <executable>true</executable>
         <run_address>0x1e9c</run_address>
         <size>0x20</size>
         <alignment>0x4</alignment>
         <input_file_ref idref="fl-3"/>
      </object_component>
      <object_component id="oc-20d">
         <name>.text.pushColor</name>
         <load_address>0x1ebc</load_address>
         <readonly>true</readonly>
         <executable>true</executable>
         <run_address>0x1ebc</run_address>
         <size>0x1e</size>
         <alignment>0x2</alignment>
         <input_file_ref idref="fl-a"/>
      </object_component>
      <object_component id="oc-37">
         <name>.text.SysTick_Handler</name>
         <load_address>0x1eda</load_address>
         <readonly>true</readonly>
         <executable>true</executable>
         <run_address>0x1eda</run_address>
         <size>0x2</size>
         <alignment>0x2</alignment>
         <input_file_ref idref="fl-c"/>
      </object_component>
      <object_component id="oc-35">
         <name>.text.Default_Handler</name>
         <load_address>0x1edc</load_address>
         <readonly>true</readonly>
         <executable>true</executable>
         <run_address>0x1edc</run_address>
         <size>0x1c</size>
         <alignment>0x4</alignment>
         <input_file_ref idref="fl-14"/>
      </object_component>
      <object_component id="oc-36">
         <name>.text.HardFault_Handler</name>
         <load_address>0x1ef8</load_address>
         <readonly>true</readonly>
         <executable>true</executable>
         <run_address>0x1ef8</run_address>
         <size>0x1c</size>
         <alignment>0x4</alignment>
         <input_file_ref idref="fl-14"/>
      </object_component>
      <object_component id="oc-1c9">
         <name>.text.free_list_remove</name>
         <load_address>0x1f14</load_address>
         <readonly>true</readonly>
         <executable>true</executable>
         <run_address>0x1f14</run_address>
         <size>0x1c</size>
         <alignment>0x4</alignment>
         <input_file_ref idref="fl-3e"/>
      </object_component>
      <object_component id="oc-c1">
         <name>.text.Switch_Init</name>
         <load_address>0x1f30</load_address>
         <readonly>true</readonly>
         <executable>true</executable>
         <run_address>0x1f30</run_address>
         <size>0x18</size>
         <alignment>0x4</alignment>
         <input_file_ref idref="fl-d"/>
      </object_component>
      <object_component id="oc-dc">
         <name>.text.UART1_OutChar</name>
         <load_address>0x1f48</load_address>
         <readonly>true</readonly>
         <executable>true</executable>
         <run_address>0x1f48</run_address>
         <size>0x18</size>
         <alignment>0x4</alignment>
         <input_file_ref idref="fl-10"/>
      </object_component>
      <object_component id="oc-119">
         <name>.text.ST7735_open</name>
         <load_address>0x1f60</load_address>
         <readonly>true</readonly>
         <executable>true</executable>
         <run_address>0x1f60</run_address>
         <size>0x16</size>
         <alignment>0x2</alignment>
         <input_file_ref idref="fl-a"/>
      </object_component>
      <object_component id="oc-117">
         <name>.text.ST7735_read</name>
         <load_address>0x1f76</load_address>
         <readonly>true</readonly>
         <executable>true</executable>
         <run_address>0x1f76</run_address>
         <size>0x16</size>
         <alignment>0x2</alignment>
         <input_file_ref idref="fl-a"/>
      </object_component>
      <object_component id="oc-5d">
         <name>.text:decompress:ZI:__TI_zero_init_nomemset</name>
         <load_address>0x1f8c</load_address>
         <readonly>true</readonly>
         <executable>true</executable>
         <run_address>0x1f8c</run_address>
         <size>0x16</size>
         <alignment>0x2</alignment>
         <input_file_ref idref="fl-3f"/>
      </object_component>
      <object_component id="oc-178">
         <name>.text.__aeabi_idiv0</name>
         <load_address>0x1fa2</load_address>
         <readonly>true</readonly>
         <executable>true</executable>
         <run_address>0x1fa2</run_address>
         <size>0x2</size>
         <alignment>0x2</alignment>
         <input_file_ref idref="fl-118"/>
      </object_component>
      <object_component id="oc-12f">
         <name>.text.Fifo1_Init</name>
         <load_address>0x1fa4</load_address>
         <readonly>true</readonly>
         <executable>true</executable>
         <run_address>0x1fa4</run_address>
         <size>0x14</size>
         <alignment>0x4</alignment>
         <input_file_ref idref="fl-5"/>
      </object_component>
      <object_component id="oc-a6">
         <name>.text:TI_memcpy_small</name>
         <load_address>0x1fb8</load_address>
         <readonly>true</readonly>
         <executable>true</executable>
         <run_address>0x1fb8</run_address>
         <size>0x12</size>
         <alignment>0x1</alignment>
         <input_file_ref idref="fl-11a"/>
      </object_component>
      <object_component id="oc-20">
         <name>.text:decompress:none</name>
         <load_address>0x1fca</load_address>
         <readonly>true</readonly>
         <executable>true</executable>
         <run_address>0x1fca</run_address>
         <size>0x12</size>
         <alignment>0x2</alignment>
         <input_file_ref idref="fl-40"/>
      </object_component>
      <object_component id="oc-124">
         <name>.text.Clock_Delay</name>
         <load_address>0x1fdc</load_address>
         <readonly>true</readonly>
         <executable>true</executable>
         <run_address>0x1fdc</run_address>
         <size>0x10</size>
         <alignment>0x2</alignment>
         <input_file_ref idref="fl-3"/>
      </object_component>
      <object_component id="oc-149">
         <name>.text.Delay</name>
         <load_address>0x1fec</load_address>
         <readonly>true</readonly>
         <executable>true</executable>
         <run_address>0x1fec</run_address>
         <size>0x10</size>
         <alignment>0x2</alignment>
         <input_file_ref idref="fl-8"/>
      </object_component>
      <object_component id="oc-1ca">
         <name>.text.OUTLINED_FUNCTION_0</name>
         <load_address>0x1ffc</load_address>
         <readonly>true</readonly>
         <executable>true</executable>
         <run_address>0x1ffc</run_address>
         <size>0xe</size>
         <alignment>0x2</alignment>
         <input_file_ref idref="fl-3e"/>
      </object_component>
      <object_component id="oc-115">
         <name>.text.ST7735_lseek</name>
         <load_address>0x200a</load_address>
         <readonly>true</readonly>
         <executable>true</executable>
         <run_address>0x200a</run_address>
         <size>0xe</size>
         <alignment>0x2</alignment>
         <input_file_ref idref="fl-a"/>
      </object_component>
      <object_component id="oc-1f0">
         <name>.text.strcpy</name>
         <load_address>0x2018</load_address>
         <readonly>true</readonly>
         <executable>true</executable>
         <run_address>0x2018</run_address>
         <size>0xe</size>
         <alignment>0x2</alignment>
         <input_file_ref idref="fl-102"/>
      </object_component>
      <object_component id="oc-1f1">
         <name>.text.strlen</name>
         <load_address>0x2026</load_address>
         <readonly>true</readonly>
         <executable>true</executable>
         <run_address>0x2026</run_address>
         <size>0xe</size>
         <alignment>0x2</alignment>
         <input_file_ref idref="fl-102"/>
      </object_component>
      <object_component id="oc-f9">
         <name>.text:TI_memset_small</name>
         <load_address>0x2034</load_address>
         <readonly>true</readonly>
         <executable>true</executable>
         <run_address>0x2034</run_address>
         <size>0xe</size>
         <alignment>0x1</alignment>
         <input_file_ref idref="fl-11b"/>
      </object_component>
      <object_component id="oc-180">
         <name>.text._nop</name>
         <load_address>0x2042</load_address>
         <readonly>true</readonly>
         <executable>true</executable>
         <run_address>0x2042</run_address>
         <size>0x2</size>
         <alignment>0x2</alignment>
         <input_file_ref idref="fl-3b"/>
      </object_component>
      <object_component id="oc-1d3">
         <name>.text.Clock_Freq</name>
         <load_address>0x2044</load_address>
         <readonly>true</readonly>
         <executable>true</executable>
         <run_address>0x2044</run_address>
         <size>0xc</size>
         <alignment>0x4</alignment>
         <input_file_ref idref="fl-3"/>
      </object_component>
      <object_component id="oc-113">
         <name>.text.ST7735_rename</name>
         <load_address>0x2050</load_address>
         <readonly>true</readonly>
         <executable>true</executable>
         <run_address>0x2050</run_address>
         <size>0xc</size>
         <alignment>0x2</alignment>
         <input_file_ref idref="fl-a"/>
      </object_component>
      <object_component id="oc-8b">
         <name>.text.__aeabi_memclr</name>
         <load_address>0x205c</load_address>
         <readonly>true</readonly>
         <executable>true</executable>
         <run_address>0x205c</run_address>
         <size>0xc</size>
         <alignment>0x4</alignment>
         <input_file_ref idref="fl-112"/>
      </object_component>
      <object_component id="oc-16e">
         <name>.text.malloc</name>
         <load_address>0x2068</load_address>
         <readonly>true</readonly>
         <executable>true</executable>
         <run_address>0x2068</run_address>
         <size>0xc</size>
         <alignment>0x2</alignment>
         <input_file_ref idref="fl-3e"/>
      </object_component>
      <object_component id="oc-b0">
         <name>.text.PLL_Init</name>
         <load_address>0x2074</load_address>
         <readonly>true</readonly>
         <executable>true</executable>
         <run_address>0x2074</run_address>
         <size>0xa</size>
         <alignment>0x2</alignment>
         <input_file_ref idref="fl-7"/>
      </object_component>
      <object_component id="oc-11a">
         <name>.text.ST7735_close</name>
         <load_address>0x207e</load_address>
         <readonly>true</readonly>
         <executable>true</executable>
         <run_address>0x207e</run_address>
         <size>0xa</size>
         <alignment>0x2</alignment>
         <input_file_ref idref="fl-a"/>
      </object_component>
      <object_component id="oc-114">
         <name>.text.ST7735_unlink</name>
         <load_address>0x2088</load_address>
         <readonly>true</readonly>
         <executable>true</executable>
         <run_address>0x2088</run_address>
         <size>0xa</size>
         <alignment>0x2</alignment>
         <input_file_ref idref="fl-a"/>
      </object_component>
      <object_component id="oc-46">
         <name>.text.TIMG12_IRQHandler</name>
         <load_address>0x2092</load_address>
         <readonly>true</readonly>
         <executable>true</executable>
         <run_address>0x2092</run_address>
         <size>0xa</size>
         <alignment>0x2</alignment>
         <input_file_ref idref="fl-7"/>
      </object_component>
      <object_component id="oc-56">
         <name>.text.__aeabi_memcpy</name>
         <load_address>0x209c</load_address>
         <readonly>true</readonly>
         <executable>true</executable>
         <run_address>0x209c</run_address>
         <size>0x8</size>
         <alignment>0x4</alignment>
         <input_file_ref idref="fl-111"/>
      </object_component>
      <object_component id="oc-1c2">
         <name>.text.remove</name>
         <load_address>0x20a4</load_address>
         <readonly>true</readonly>
         <executable>true</executable>
         <run_address>0x20a4</run_address>
         <size>0x8</size>
         <alignment>0x2</alignment>
         <input_file_ref idref="fl-f8"/>
      </object_component>
      <object_component id="oc-df">
         <name>.text:abort</name>
         <load_address>0x20ac</load_address>
         <readonly>true</readonly>
         <executable>true</executable>
         <run_address>0x20ac</run_address>
         <size>0x6</size>
         <alignment>0x2</alignment>
         <input_file_ref idref="fl-3a"/>
      </object_component>
      <object_component id="oc-138">
         <name>.text.HOSTexit</name>
         <load_address>0x20b2</load_address>
         <readonly>true</readonly>
         <executable>true</executable>
         <run_address>0x20b2</run_address>
         <size>0x4</size>
         <alignment>0x2</alignment>
         <input_file_ref idref="fl-f5"/>
      </object_component>
      <object_component id="oc-31">
         <name>.text.Reset_Handler</name>
         <load_address>0x20b6</load_address>
         <readonly>true</readonly>
         <executable>true</executable>
         <run_address>0x20b6</run_address>
         <size>0x4</size>
         <alignment>0x2</alignment>
         <input_file_ref idref="fl-14"/>
      </object_component>
      <object_component id="oc-90">
         <name>.text._system_pre_init</name>
         <load_address>0x20ba</load_address>
         <readonly>true</readonly>
         <executable>true</executable>
         <run_address>0x20ba</run_address>
         <size>0x4</size>
         <alignment>0x2</alignment>
         <input_file_ref idref="fl-4b"/>
      </object_component>
      <object_component id="oc-259">
         <name>.cinit..data.load</name>
         <load_address>0x2668</load_address>
         <readonly>true</readonly>
         <run_address>0x2668</run_address>
         <size>0x71</size>
         <alignment>0x1</alignment>
      </object_component>
      <object_component id="oc-257">
         <name>__TI_handler_table</name>
         <load_address>0x26dc</load_address>
         <readonly>true</readonly>
         <run_address>0x26dc</run_address>
         <size>0xc</size>
         <alignment>0x4</alignment>
      </object_component>
      <object_component id="oc-25a">
         <name>.cinit..bss.load</name>
         <load_address>0x26e8</load_address>
         <readonly>true</readonly>
         <run_address>0x26e8</run_address>
         <size>0x8</size>
         <alignment>0x4</alignment>
      </object_component>
      <object_component id="oc-258">
         <name>__TI_cinit_table</name>
         <load_address>0x26f0</load_address>
         <readonly>true</readonly>
         <run_address>0x26f0</run_address>
         <size>0x10</size>
         <alignment>0x4</alignment>
      </object_component>
      <object_component id="oc-20e">
         <name>.rodata.Font</name>
         <load_address>0x20c0</load_address>
         <readonly>true</readonly>
         <run_address>0x20c0</run_address>
         <size>0x4fb</size>
         <alignment>0x1</alignment>
         <input_file_ref idref="fl-a"/>
      </object_component>
      <object_component id="oc-14e">
         <name>.rodata.Rcmd1</name>
         <load_address>0x25bb</load_address>
         <readonly>true</readonly>
         <run_address>0x25bb</run_address>
         <size>0x3b</size>
         <alignment>0x1</alignment>
         <input_file_ref idref="fl-a"/>
      </object_component>
      <object_component id="oc-153">
         <name>.rodata.Rcmd3</name>
         <load_address>0x25f6</load_address>
         <readonly>true</readonly>
         <run_address>0x25f6</run_address>
         <size>0x2b</size>
         <alignment>0x1</alignment>
         <input_file_ref idref="fl-a"/>
      </object_component>
      <object_component id="oc-1cf">
         <name>.rodata.str1.2132471336006292093.1</name>
         <load_address>0x2621</load_address>
         <readonly>true</readonly>
         <run_address>0x2621</run_address>
         <size>0x16</size>
         <alignment>0x1</alignment>
         <input_file_ref idref="fl-a"/>
      </object_component>
      <object_component id="oc-150">
         <name>.rodata.Rcmd2green</name>
         <load_address>0x2637</load_address>
         <readonly>true</readonly>
         <run_address>0x2637</run_address>
         <size>0xd</size>
         <alignment>0x1</alignment>
         <input_file_ref idref="fl-a"/>
      </object_component>
      <object_component id="oc-14f">
         <name>.rodata.Rcmd2red</name>
         <load_address>0x2644</load_address>
         <readonly>true</readonly>
         <run_address>0x2644</run_address>
         <size>0xd</size>
         <alignment>0x1</alignment>
         <input_file_ref idref="fl-a"/>
      </object_component>
      <object_component id="oc-11e">
         <name>.rodata.str1.14694424544768695619.1</name>
         <load_address>0x2651</load_address>
         <readonly>true</readonly>
         <run_address>0x2651</run_address>
         <size>0x8</size>
         <alignment>0x1</alignment>
         <input_file_ref idref="fl-a"/>
      </object_component>
      <object_component id="oc-118">
         <name>.rodata.str1.1448485181700679404.1</name>
         <load_address>0x2659</load_address>
         <readonly>true</readonly>
         <run_address>0x2659</run_address>
         <size>0x7</size>
         <alignment>0x1</alignment>
         <input_file_ref idref="fl-a"/>
      </object_component>
      <object_component id="oc-11b">
         <name>.rodata.str1.4408429423603725162.1</name>
         <load_address>0x2660</load_address>
         <readonly>true</readonly>
         <run_address>0x2660</run_address>
         <size>0x2</size>
         <alignment>0x1</alignment>
         <input_file_ref idref="fl-a"/>
      </object_component>
      <object_component id="oc-221">
         <name>.binit</name>
         <load_address>0x0</load_address>
         <readonly>true</readonly>
         <run_address>0x0</run_address>
         <size>0x0</size>
         <alignment>0x4</alignment>
      </object_component>
      <object_component id="oc-136">
         <name>.data.BusFreq</name>
         <load_address>0x202003c0</load_address>
         <readwrite>true</readwrite>
         <run_address>0x202003c0</run_address>
         <size>0x4</size>
         <alignment>0x4</alignment>
         <input_file_ref idref="fl-3"/>
      </object_component>
      <object_component id="oc-a0">
         <name>.data.findex</name>
         <load_address>0x202003d8</load_address>
         <readwrite>true</readwrite>
         <run_address>0x202003d8</run_address>
         <size>0x4</size>
         <alignment>0x4</alignment>
         <input_file_ref idref="fl-5"/>
      </object_component>
      <object_component id="oc-9f">
         <name>.data.fsize</name>
         <load_address>0x202003dc</load_address>
         <readwrite>true</readwrite>
         <run_address>0x202003dc</run_address>
         <size>0x4</size>
         <alignment>0x4</alignment>
         <input_file_ref idref="fl-5"/>
      </object_component>
      <object_component id="oc-18a">
         <name>.data.StX</name>
         <load_address>0x202003c4</load_address>
         <readwrite>true</readwrite>
         <run_address>0x202003c4</run_address>
         <size>0x4</size>
         <alignment>0x4</alignment>
         <input_file_ref idref="fl-a"/>
      </object_component>
      <object_component id="oc-18b">
         <name>.data.StY</name>
         <load_address>0x202003c8</load_address>
         <readwrite>true</readwrite>
         <run_address>0x202003c8</run_address>
         <size>0x4</size>
         <alignment>0x4</alignment>
         <input_file_ref idref="fl-a"/>
      </object_component>
      <object_component id="oc-155">
         <name>.data.StTextColor</name>
         <load_address>0x202003e4</load_address>
         <readwrite>true</readwrite>
         <run_address>0x202003e4</run_address>
         <size>0x2</size>
         <alignment>0x2</alignment>
         <input_file_ref idref="fl-a"/>
      </object_component>
      <object_component id="oc-122">
         <name>.data._width</name>
         <load_address>0x202003e8</load_address>
         <readwrite>true</readwrite>
         <run_address>0x202003e8</run_address>
         <size>0x2</size>
         <alignment>0x2</alignment>
         <input_file_ref idref="fl-a"/>
      </object_component>
      <object_component id="oc-123">
         <name>.data._height</name>
         <load_address>0x202003e6</load_address>
         <readwrite>true</readwrite>
         <run_address>0x202003e6</run_address>
         <size>0x2</size>
         <alignment>0x2</alignment>
         <input_file_ref idref="fl-a"/>
      </object_component>
      <object_component id="oc-79">
         <name>.data.sentData</name>
         <load_address>0x202003e0</load_address>
         <readwrite>true</readwrite>
         <run_address>0x202003e0</run_address>
         <size>0x4</size>
         <alignment>0x4</alignment>
         <input_file_ref idref="fl-11"/>
      </object_component>
      <object_component id="oc-140">
         <name>.data..L_MergedGlobals</name>
         <load_address>0x202003b8</load_address>
         <readwrite>true</readwrite>
         <run_address>0x202003b8</run_address>
         <size>0x8</size>
         <alignment>0x4</alignment>
         <input_file_ref idref="fl-3a"/>
      </object_component>
      <object_component id="oc-13e">
         <name>.data._lock</name>
         <load_address>0x202003d0</load_address>
         <readwrite>true</readwrite>
         <run_address>0x202003d0</run_address>
         <size>0x4</size>
         <alignment>0x4</alignment>
         <input_file_ref idref="fl-3b"/>
      </object_component>
      <object_component id="oc-141">
         <name>.data._unlock</name>
         <load_address>0x202003d4</load_address>
         <readwrite>true</readwrite>
         <run_address>0x202003d4</run_address>
         <size>0x4</size>
         <alignment>0x4</alignment>
         <input_file_ref idref="fl-3b"/>
      </object_component>
      <object_component id="oc-11c">
         <name>.data._ftable</name>
         <load_address>0x20200200</load_address>
         <readwrite>true</readwrite>
         <run_address>0x20200200</run_address>
         <size>0xf0</size>
         <alignment>0x4</alignment>
         <input_file_ref idref="fl-3d"/>
      </object_component>
      <object_component id="oc-1b3">
         <name>.data.__TI_ft_end</name>
         <load_address>0x202003cc</load_address>
         <readwrite>true</readwrite>
         <run_address>0x202003cc</run_address>
         <size>0x4</size>
         <alignment>0x4</alignment>
         <input_file_ref idref="fl-3d"/>
      </object_component>
      <object_component id="oc-20c">
         <name>.data.memory_is_initialized</name>
         <load_address>0x202003f0</load_address>
         <readwrite>true</readwrite>
         <run_address>0x202003f0</run_address>
         <size>0x1</size>
         <alignment>0x4</alignment>
         <input_file_ref idref="fl-3e"/>
      </object_component>
      <object_component id="oc-15d">
         <name>.data._device</name>
         <load_address>0x202002f0</load_address>
         <readwrite>true</readwrite>
         <run_address>0x202002f0</run_address>
         <size>0x78</size>
         <alignment>0x4</alignment>
         <input_file_ref idref="fl-f7"/>
      </object_component>
      <object_component id="oc-1f6">
         <name>.data._stream</name>
         <load_address>0x20200368</load_address>
         <readwrite>true</readwrite>
         <run_address>0x20200368</run_address>
         <size>0x50</size>
         <alignment>0x4</alignment>
         <input_file_ref idref="fl-f7"/>
      </object_component>
      <object_component id="oc-1f5">
         <name>.data.open.stream_init</name>
         <load_address>0x202003f4</load_address>
         <readwrite>true</readwrite>
         <run_address>0x202003f4</run_address>
         <size>0x1</size>
         <alignment>0x4</alignment>
         <input_file_ref idref="fl-f9"/>
      </object_component>
      <object_component id="oc-15c">
         <name>.data.add_device.device_init</name>
         <load_address>0x202003ec</load_address>
         <readwrite>true</readwrite>
         <run_address>0x202003ec</run_address>
         <size>0x1</size>
         <alignment>0x4</alignment>
         <input_file_ref idref="fl-fc"/>
      </object_component>
      <object_component id="oc-151">
         <name>.bss.ColStart</name>
         <uninitialized>true</uninitialized>
         <readwrite>true</readwrite>
         <run_address>0x202005cc</run_address>
         <size>0x1</size>
         <alignment>0x1</alignment>
         <input_file_ref idref="fl-a"/>
      </object_component>
      <object_component id="oc-152">
         <name>.bss.RowStart</name>
         <uninitialized>true</uninitialized>
         <readwrite>true</readwrite>
         <run_address>0x202005cd</run_address>
         <size>0x1</size>
         <alignment>0x1</alignment>
         <input_file_ref idref="fl-a"/>
      </object_component>
      <object_component id="oc-154">
         <name>.bss.TabColor</name>
         <uninitialized>true</uninitialized>
         <readwrite>true</readwrite>
         <run_address>0x202005ce</run_address>
         <size>0x1</size>
         <alignment>0x1</alignment>
         <input_file_ref idref="fl-a"/>
      </object_component>
      <object_component id="oc-1c6">
         <name>.bss.__TI_tmpnams</name>
         <uninitialized>true</uninitialized>
         <readwrite>true</readwrite>
         <run_address>0x20200518</run_address>
         <size>0xa0</size>
         <alignment>0x1</alignment>
         <input_file_ref idref="fl-3d"/>
      </object_component>
      <object_component id="oc-20a">
         <name>.bss.sys_free</name>
         <uninitialized>true</uninitialized>
         <readwrite>true</readwrite>
         <run_address>0x202005c0</run_address>
         <size>0x4</size>
         <alignment>0x4</alignment>
         <input_file_ref idref="fl-3e"/>
      </object_component>
      <object_component id="oc-1dd">
         <name>.bss.parmbuf</name>
         <uninitialized>true</uninitialized>
         <readwrite>true</readwrite>
         <run_address>0x202005b8</run_address>
         <size>0x8</size>
         <alignment>0x1</alignment>
         <input_file_ref idref="fl-100"/>
      </object_component>
      <object_component id="oc-20f">
         <name>.bss:_CIOBUF_</name>
         <uninitialized>true</uninitialized>
         <readwrite>true</readwrite>
         <run_address>0x202003f8</run_address>
         <size>0x120</size>
         <alignment>0x4</alignment>
         <input_file_ref idref="fl-105"/>
      </object_component>
      <object_component id="oc-a1">
         <name>.common:fifo</name>
         <uninitialized>true</uninitialized>
         <readwrite>true</readwrite>
         <run_address>0x202005cf</run_address>
         <size>0x1</size>
         <alignment>0x1</alignment>
      </object_component>
      <object_component id="oc-7c">
         <name>.common:TExaSadc</name>
         <uninitialized>true</uninitialized>
         <readwrite>true</readwrite>
         <run_address>0x202005c8</run_address>
         <size>0x4</size>
         <alignment>0x4</alignment>
      </object_component>
      <object_component id="oc-7d">
         <name>.common:TExaSLogic</name>
         <uninitialized>true</uninitialized>
         <readwrite>true</readwrite>
         <run_address>0x202005c4</run_address>
         <size>0x4</size>
         <alignment>0x4</alignment>
      </object_component>
      <object_component id="oc-2f">
         <name>.sysmem</name>
         <uninitialized>true</uninitialized>
         <readwrite>true</readwrite>
         <run_address>0x20200000</run_address>
         <size>0x10</size>
         <alignment>0x8</alignment>
         <input_file_ref idref="fl-3e"/>
      </object_component>
      <object_component id="oc-25d">
         <name>.sysmem</name>
         <uninitialized>true</uninitialized>
         <readwrite>true</readwrite>
         <run_address>0x20200000</run_address>
         <size>0x0</size>
         <alignment>0x4</alignment>
      </object_component>
      <object_component id="oc-1a">
         <name>.stack</name>
         <uninitialized>true</uninitialized>
         <readwrite>true</readwrite>
         <run_address>0x20207e00</run_address>
         <size>0x4</size>
         <alignment>0x4</alignment>
         <input_file_ref idref="fl-42"/>
      </object_component>
      <object_component id="oc-25c">
         <name>.stack</name>
         <uninitialized>true</uninitialized>
         <readwrite>true</readwrite>
         <run_address>0x20207e00</run_address>
         <size>0x0</size>
         <alignment>0x8</alignment>
      </object_component>
      <object_component id="oc-125">
         <name>.debug_abbrev</name>
         <load_address>0x0</load_address>
         <run_address>0x0</run_address>
         <size>0xf5</size>
         <alignment>0x1</alignment>
         <input_file_ref idref="fl-1"/>
      </object_component>
[...]
         <value>0x202003c8</value>
         <object_component_ref idref="oc-18b"/>
      </symbol>
      <symbol id="sm-107">
         <name>ST7735_FillRect</name>
         <value>0x571</value>
         <object_component_ref idref="oc-121"/>
      </symbol>
      <symbol id="sm-108">
         <name>ST7735_InitR</name>
         <value>0xf75</value>
         <object_component_ref idref="oc-103"/>
      </symbol>
      <symbol id="sm-109">
         <name>ST7735_DrawChar</name>
         <value>0x275</value>
         <object_component_ref idref="oc-1ce"/>
      </symbol>
      <symbol id="sm-10a">
         <name>ST7735_DrawString</name>
         <value>0x11b9</value>
         <object_component_ref idref="oc-1cd"/>
      </symbol>
      <symbol id="sm-10b">
         <name>ST7735_OutChar</name>
         <value>0xb49</value>
         <object_component_ref idref="oc-173"/>
      </symbol>
      <symbol id="sm-10c">
         <name>ST7735_open</name>
         <value>0x1f61</value>
         <object_component_ref idref="oc-119"/>
      </symbol>
      <symbol id="sm-10d">
         <name>ST7735_close</name>
         <value>0x207f</value>
         <object_component_ref idref="oc-11a"/>
      </symbol>
      <symbol id="sm-10e">
         <name>ST7735_read</name>
         <value>0x1f77</value>
         <object_component_ref idref="oc-117"/>
      </symbol>
      <symbol id="sm-10f">
         <name>ST7735_write</name>
         <value>0x1c01</value>
         <object_component_ref idref="oc-116"/>
      </symbol>
      <symbol id="sm-110">
         <name>ST7735_lseek</name>
         <value>0x200b</value>
         <object_component_ref idref="oc-115"/>
      </symbol>
      <symbol id="sm-111">
         <name>ST7735_unlink</name>
         <value>0x2089</value>
         <object_component_ref idref="oc-114"/>
      </symbol>
      <symbol id="sm-112">
         <name>ST7735_rename</name>
         <value>0x2051</value>
         <object_component_ref idref="oc-113"/>
      </symbol>
      <symbol id="sm-113">
         <name>ST7735_InitPrintf</name>
         <value>0xed9</value>
         <object_component_ref idref="oc-b6"/>
      </symbol>
      <symbol id="sm-11f">
         <name>Sound_Init</name>
         <value>0x18c3</value>
         <object_component_ref idref="oc-cb"/>
      </symbol>
      <symbol id="sm-120">
         <name>SysTick_Handler</name>
         <value>0x1edb</value>
         <object_component_ref idref="oc-37"/>
      </symbol>
      <symbol id="sm-12a">
         <name>Switch_Init</name>
         <value>0x1f31</value>
         <object_component_ref idref="oc-c1"/>
      </symbol>
      <symbol id="sm-134">
         <name>TIMG7_IRQHandler</name>
         <value>0x1a2d</value>
         <object_component_ref idref="oc-41"/>
      </symbol>
      <symbol id="sm-135">
         <name>TExaSadc</name>
         <value>0x202005c8</value>
      </symbol>
      <symbol id="sm-136">
         <name>TExaSLogic</name>
         <value>0x202005c4</value>
      </symbol>
      <symbol id="sm-140">
         <name>TimerG12_IntArm</name>
         <value>0x100d</value>
         <object_component_ref idref="oc-cc"/>
      </symbol>
      <symbol id="sm-14d">
         <name>UART1_Init</name>
         <value>0x123d</value>
         <object_component_ref idref="oc-d1"/>
      </symbol>
      <symbol id="sm-14e">
         <name>UART1_OutChar</name>
         <value>0x1f49</value>
         <object_component_ref idref="oc-dc"/>
      </symbol>
      <symbol id="sm-15f">
         <name>UART2_Init</name>
         <value>0xc19</value>
         <object_component_ref idref="oc-d6"/>
      </symbol>
      <symbol id="sm-160">
         <name>UART2_InChar</name>
         <value>0x1129</value>
         <object_component_ref idref="oc-de"/>
      </symbol>
      <symbol id="sm-161">
         <name>UART2_IRQHandler</name>
         <value>0x16b1</value>
         <object_component_ref idref="oc-3c"/>
      </symbol>
      <symbol id="sm-174">
         <name>Default_Handler</name>
         <value>0x1edd</value>
         <object_component_ref idref="oc-35"/>
      </symbol>
      <symbol id="sm-175">
         <name>Reset_Handler</name>
         <value>0x20b7</value>
         <object_component_ref idref="oc-31"/>
      </symbol>
      <symbol id="sm-176">
         <name>HardFault_Handler</name>
         <value>0x1ef9</value>
         <object_component_ref idref="oc-36"/>
      </symbol>
      <symbol id="sm-177">
         <name>interruptVectors</name>
         <value>0x0</value>
         <object_component_ref idref="oc-18"/>
      </symbol>
      <symbol id="sm-178">
         <name>NMI_Handler</name>
         <value>0x1edd</value>
         <object_component_ref idref="oc-35"/>
      </symbol>
      <symbol id="sm-179">
         <name>SVC_Handler</name>
         <value>0x1edd</value>
         <object_component_ref idref="oc-35"/>
      </symbol>
      <symbol id="sm-17a">
         <name>PendSV_Handler</name>
         <value>0x1edd</value>
         <object_component_ref idref="oc-35"/>
      </symbol>
      <symbol id="sm-17b">
         <name>GROUP0_IRQHandler</name>
         <value>0x1edd</value>
         <object_component_ref idref="oc-35"/>
      </symbol>
      <symbol id="sm-17c">
         <name>GROUP1_IRQHandler</name>
         <value>0x1edd</value>
         <object_component_ref idref="oc-35"/>
      </symbol>
      <symbol id="sm-17d">
         <name>TIMG8_IRQHandler</name>
         <value>0x1edd</value>
         <object_component_ref idref="oc-35"/>
      </symbol>
      <symbol id="sm-17e">
         <name>UART3_IRQHandler</name>
         <value>0x1edd</value>
         <object_component_ref idref="oc-35"/>
      </symbol>
      <symbol id="sm-17f">
         <name>ADC0_IRQHandler</name>
         <value>0x1edd</value>
         <object_component_ref idref="oc-35"/>
      </symbol>
      <symbol id="sm-180">
         <name>ADC1_IRQHandler</name>
         <value>0x1edd</value>
         <object_component_ref idref="oc-35"/>
      </symbol>
      <symbol id="sm-181">
         <name>CANFD0_IRQHandler</name>
         <value>0x1edd</value>
         <object_component_ref idref="oc-35"/>
      </symbol>
      <symbol id="sm-182">
         <name>DAC0_IRQHandler</name>
         <value>0x1edd</value>
         <object_component_ref idref="oc-35"/>
      </symbol>
      <symbol id="sm-183">
         <name>SPI0_IRQHandler</name>
         <value>0x1edd</value>
         <object_component_ref idref="oc-35"/>
      </symbol>
      <symbol id="sm-184">
         <name>SPI1_IRQHandler</name>
         <value>0x1edd</value>
         <object_component_ref idref="oc-35"/>
      </symbol>
      <symbol id="sm-185">
         <name>UART1_IRQHandler</name>
         <value>0x1edd</value>
         <object_component_ref idref="oc-35"/>
      </symbol>
      <symbol id="sm-186">
         <name>UART0_IRQHandler</name>
         <value>0x1edd</value>
         <object_component_ref idref="oc-35"/>
      </symbol>
      <symbol id="sm-187">
         <name>TIMG0_IRQHandler</name>
         <value>0x1edd</value>
         <object_component_ref idref="oc-35"/>
      </symbol>
      <symbol id="sm-188">
         <name>TIMG6_IRQHandler</name>
         <value>0x1edd</value>
         <object_component_ref idref="oc-35"/>
      </symbol>
      <symbol id="sm-189">
         <name>TIMA0_IRQHandler</name>
         <value>0x1edd</value>
         <object_component_ref idref="oc-35"/>
      </symbol>
      <symbol id="sm-18a">
         <name>TIMA1_IRQHandler</name>
         <value>0x1edd</value>
         <object_component_ref idref="oc-35"/>
      </symbol>
      <symbol id="sm-18b">
         <name>I2C0_IRQHandler</name>
         <value>0x1edd</value>
         <object_component_ref idref="oc-35"/>
      </symbol>
      <symbol id="sm-18c">
         <name>I2C1_IRQHandler</name>
         <value>0x1edd</value>
         <object_component_ref idref="oc-35"/>
      </symbol>
      <symbol id="sm-18d">
         <name>AES_IRQHandler</name>
         <value>0x1edd</value>
         <object_component_ref idref="oc-35"/>
      </symbol>
      <symbol id="sm-18e">
         <name>RTC_IRQHandler</name>
         <value>0x1edd</value>
         <object_component_ref idref="oc-35"/>
      </symbol>
      <symbol id="sm-18f">
         <name>DMA_IRQHandler</name>
         <value>0x1edd</value>
         <object_component_ref idref="oc-35"/>
      </symbol>
      <symbol id="sm-190">
         <name>__TI_ATRegion0_src_addr</name>
         <value>0x0</value>
      </symbol>
      <symbol id="sm-191">
         <name>__TI_ATRegion0_trg_addr</name>
         <value>0x0</value>
      </symbol>
      <symbol id="sm-192">
         <name>__TI_ATRegion0_region_sz</name>
         <value>0x0</value>
      </symbol>
      <symbol id="sm-193">
         <name>__TI_ATRegion1_src_addr</name>
         <value>0x0</value>
      </symbol>
      <symbol id="sm-194">
         <name>__TI_ATRegion1_trg_addr</name>
         <value>0x0</value>
      </symbol>
      <symbol id="sm-195">
         <name>__TI_ATRegion1_region_sz</name>
         <value>0x0</value>
      </symbol>
      <symbol id="sm-196">
         <name>__TI_ATRegion2_src_addr</name>
         <value>0x0</value>
      </symbol>
      <symbol id="sm-197">
         <name>__TI_ATRegion2_trg_addr</name>
         <value>0x0</value>
      </symbol>
      <symbol id="sm-198">
         <name>__TI_ATRegion2_region_sz</name>
         <value>0x0</value>
      </symbol>
      <symbol id="sm-1b1">
         <name>fopen</name>
         <value>0x1d9d</value>
         <object_component_ref idref="oc-108"/>
      </symbol>
      <symbol id="sm-1b2">
         <name>__TI_cleanup</name>
         <value>0x1c35</value>
         <object_component_ref idref="oc-16f"/>
      </symbol>
      <symbol id="sm-1b3">
         <name>freopen</name>
         <value>0x1d39</value>
         <object_component_ref idref="oc-10e"/>
      </symbol>
      <symbol id="sm-1bd">
         <name>setvbuf</name>
         <value>0xa69</value>
         <object_component_ref idref="oc-10f"/>
      </symbol>
      <symbol id="sm-1cc">
         <name>abort</name>
         <value>0x20ad</value>
         <object_component_ref idref="oc-df"/>
      </symbol>
      <symbol id="sm-1cd">
         <name>__TI_cleanup_ptr</name>
         <value>0x202003b8</value>
         <object_component_ref idref="oc-140"/>
      </symbol>
      <symbol id="sm-1ce">
         <name>__TI_dtors_ptr</name>
         <value>0x202003bc</value>
         <object_component_ref idref="oc-140"/>
      </symbol>
      <symbol id="sm-1cf">
         <name>exit</name>
         <value>0x1cd1</value>
         <object_component_ref idref="oc-e4"/>
      </symbol>
      <symbol id="sm-1d8">
         <name>_nop</name>
         <value>0x2043</value>
         <object_component_ref idref="oc-180"/>
      </symbol>
      <symbol id="sm-1d9">
         <name>_lock</name>
         <value>0x202003d0</value>
         <object_component_ref idref="oc-13e"/>
      </symbol>
      <symbol id="sm-1da">
         <name>_unlock</name>
         <value>0x202003d4</value>
         <object_component_ref idref="oc-141"/>
      </symbol>
      <symbol id="sm-1e0">
         <name>_ftable</name>
         <value>0x20200200</value>
         <object_component_ref idref="oc-11c"/>
      </symbol>
      <symbol id="sm-1e1">
         <name>__TI_ft_end</name>
         <value>0x202003cc</value>
         <object_component_ref idref="oc-1b3"/>
      </symbol>
      <symbol id="sm-1e2">
         <name>__TI_tmpnams</name>
         <value>0x20200518</value>
         <object_component_ref idref="oc-1c6"/>
      </symbol>
      <symbol id="sm-205">
         <name>malloc</name>
         <value>0x2069</value>
         <object_component_ref idref="oc-16e"/>
      </symbol>
      <symbol id="sm-206">
         <name>aligned_alloc</name>
         <value>0x689</value>
         <object_component_ref idref="oc-1cc"/>
      </symbol>
      <symbol id="sm-207">
         <name>free</name>
         <value>0x981</value>
         <object_component_ref idref="oc-16c"/>
      </symbol>
      <symbol id="sm-208">
         <name>_sys_memory</name>
         <value>0x20200000</value>
         <object_component_ref idref="oc-2f"/>
      </symbol>
      <symbol id="sm-209">
         <name>memalign</name>
         <value>0x689</value>
         <object_component_ref idref="oc-1cc"/>
      </symbol>
      <symbol id="sm-213">
         <name>__TI_zero_init_nomemset</name>
         <value>0x1f8d</value>
         <object_component_ref idref="oc-5d"/>
      </symbol>
      <symbol id="sm-21c">
         <name>__TI_decompress_none</name>
         <value>0x1fcb</value>
         <object_component_ref idref="oc-20"/>
      </symbol>
      <symbol id="sm-227">
         <name>__TI_decompress_lzss</name>
         <value>0x13b5</value>
         <object_component_ref idref="oc-1c"/>
      </symbol>
      <symbol id="sm-232">
         <name>_c_int00_noargs</name>
         <value>0x1e75</value>
         <object_component_ref idref="oc-66"/>
      </symbol>
      <symbol id="sm-233">
         <name>__stack</name>
         <value>0x20207e00</value>
         <object_component_ref idref="oc-1a"/>
      </symbol>
      <symbol id="sm-240">
         <name>__TI_closefile</name>
         <value>0x1339</value>
         <object_component_ref idref="oc-166"/>
      </symbol>
      <symbol id="sm-24a">
         <name>__TI_doflush</name>
         <value>0x1871</value>
         <object_component_ref idref="oc-1b8"/>
      </symbol>
      <symbol id="sm-258">
         <name>__TI_auto_init_nobinit_nopinit</name>
         <value>0x1aed</value>
         <object_component_ref idref="oc-e6"/>
      </symbol>
      <symbol id="sm-260">
         <name>_system_pre_init</name>
         <value>0x20bb</value>
         <object_component_ref idref="oc-90"/>
      </symbol>
      <symbol id="sm-271">
         <name>HOSTexit</name>
         <value>0x20b3</value>
         <object_component_ref idref="oc-138"/>
      </symbol>
      <symbol id="sm-272">
         <name>C$$EXIT</name>
         <value>0x20b2</value>
         <object_component_ref idref="oc-138"/>
      </symbol>
      <symbol id="sm-27c">
         <name>write</name>
         <value>0x1e4d</value>
         <object_component_ref idref="oc-1fa"/>
      </symbol>
      <symbol id="sm-281">
         <name>_device</name>
         <value>0x202002f0</value>
         <object_component_ref idref="oc-15d"/>
      </symbol>
      <symbol id="sm-282">
         <name>_stream</name>
         <value>0x20200368</value>
         <object_component_ref idref="oc-1f6"/>
      </symbol>
      <symbol id="sm-28b">
         <name>remove</name>
         <value>0x20a5</value>
         <object_component_ref idref="oc-1c2"/>
      </symbol>
      <symbol id="sm-297">
         <name>open</name>
         <value>0xe39</value>
         <object_component_ref idref="oc-1b4"/>
      </symbol>
      <symbol id="sm-2a2">
         <name>close</name>
         <value>0x18c5</value>
         <object_component_ref idref="oc-1be"/>
      </symbol>
      <symbol id="sm-2ae">
         <name>add_device</name>
         <value>0x895</value>
         <object_component_ref idref="oc-104"/>
      </symbol>
      <symbol id="sm-2b8">
         <name>unlink</name>
         <value>0x1df9</value>
         <object_component_ref idref="oc-203"/>
      </symbol>
      <symbol id="sm-2c2">
         <name>HOSTclose</name>
         <value>0x1915</value>
         <object_component_ref idref="oc-196"/>
      </symbol>
      <symbol id="sm-2cc">
         <name>HOSTlseek</name>
         <value>0x14a9</value>
         <object_component_ref idref="oc-1a2"/>
      </symbol>
      <symbol id="sm-2d6">
         <name>HOSTopen</name>
         <value>0x1651</value>
         <object_component_ref idref="oc-192"/>
      </symbol>
      <symbol id="sm-2d7">
         <name>parmbuf</name>
         <value>0x202005b8</value>
         <object_component_ref idref="oc-1dd"/>
      </symbol>
      <symbol id="sm-2e1">
         <name>HOSTread</name>
         <value>0x17c1</value>
         <object_component_ref idref="oc-19a"/>
      </symbol>
      <symbol id="sm-2f2">
         <name>HOSTrename</name>
         <value>0x1515</value>
         <object_component_ref idref="oc-1aa"/>
      </symbol>
      <symbol id="sm-2fc">
         <name>HOSTunlink</name>
         <value>0x195d</value>
         <object_component_ref idref="oc-1a6"/>
      </symbol>
      <symbol id="sm-306">
         <name>HOSTwrite</name>
         <value>0x1819</value>
         <object_component_ref idref="oc-19e"/>
      </symbol>
      <symbol id="sm-314">
         <name>C$$IO$$</name>
         <value>0x1cc9</value>
         <object_component_ref idref="oc-1d6"/>
      </symbol>
      <symbol id="sm-315">
         <name>__TI_writemsg</name>
         <value>0x1c9d</value>
         <object_component_ref idref="oc-1d6"/>
      </symbol>
      <symbol id="sm-316">
         <name>__CIOBUF_</name>
         <value>0x202003f8</value>
         <object_component_ref idref="oc-20f"/>
      </symbol>
      <symbol id="sm-317">
         <name>__TI_readmsg</name>
         <value>0x1c69</value>
         <object_component_ref idref="oc-1dc"/>
      </symbol>
      <symbol id="sm-318">
         <name>_CIOBUF_</name>
         <value>0x202003f8</value>
         <object_component_ref idref="oc-20f"/>
      </symbol>
      <symbol id="sm-31e">
         <name>__aeabi_memcpy</name>
         <value>0x209d</value>
         <object_component_ref idref="oc-56"/>
      </symbol>
      <symbol id="sm-31f">
         <name>__aeabi_memcpy4</name>
         <value>0x209d</value>
         <object_component_ref idref="oc-56"/>
      </symbol>
      <symbol id="sm-320">
         <name>__aeabi_memcpy8</name>
         <value>0x209d</value>
         <object_component_ref idref="oc-56"/>
      </symbol>
      <symbol id="sm-327">
         <name>__aeabi_memclr</name>
         <value>0x205d</value>
         <object_component_ref idref="oc-8b"/>
      </symbol>
      <symbol id="sm-328">
         <name>__aeabi_memclr4</name>
         <value>0x205d</value>
         <object_component_ref idref="oc-8b"/>
      </symbol>
      <symbol id="sm-329">
         <name>__aeabi_memclr8</name>
         <value>0x205d</value>
         <object_component_ref idref="oc-8b"/>
      </symbol>
      <symbol id="sm-32f">
         <name>__aeabi_uidiv</name>
         <value>0x1a6d</value>
         <object_component_ref idref="oc-132"/>
      </symbol>
      <symbol id="sm-330">
         <name>__aeabi_uidivmod</name>
         <value>0x1a6d</value>
         <object_component_ref idref="oc-132"/>
      </symbol>
      <symbol id="sm-33b">
         <name>__aeabi_idiv0</name>
         <value>0x1fa3</value>
         <object_component_ref idref="oc-178"/>
      </symbol>
      <symbol id="sm-349">
         <name>finddevice</name>
         <value>0x1d05</value>
         <object_component_ref idref="oc-156"/>
      </symbol>
      <symbol id="sm-34a">
         <name>getdevice</name>
         <value>0x1581</value>
         <object_component_ref idref="oc-1f4"/>
      </symbol>
      <symbol id="sm-353">
         <name>TI_memcpy_small</name>
         <value>0x1fb9</value>
         <object_component_ref idref="oc-a6"/>
      </symbol>
      <symbol id="sm-35c">
         <name>TI_memset_small</name>
         <value>0x2035</value>
         <object_component_ref idref="oc-f9"/>
      </symbol>
      <symbol id="sm-364">
         <name>strcmp</name>
         <value>0x1131</value>
         <object_component_ref idref="oc-18c"/>
      </symbol>
      <symbol id="sm-365">
         <name>__TI_static_base__</name>
         <value>0x0</value>
      </symbol>
      <symbol id="sm-368">
         <name>__mpu_init</name>
         <value>0x0</value>
      </symbol>
      <symbol id="sm-369">
         <name>_system_post_cinit</name>
         <value>0x0</value>
      </symbol>
   </symbol_table>
   <title>Link successful</title>
</link_info>
