******************************************************************************
            TI ARM Clang Linker Unix v4.0.4                    
******************************************************************************
>> Linked Wed Apr 15 17:43:21 2026

OUTPUT FILE NAME:   <ECE319K_Lab9.out>
ENTRY POINT SYMBOL: "_c_int00_noargs"  address: 00000165


MEMORY CONFIGURATION

         name            origin    length      used     unused   attr    fill
----------------------  --------  ---------  --------  --------  ----  --------
  FLASH                 00000000   00020000  00000208  0001fdf8  R  X
  SRAM                  20200000   00008000  00000408  00007bf8  RW X
  BCR_CONFIG            41c00000   00000080  00000000  00000080  R   
  BSL_CONFIG            41c00100   00000080  00000000  00000080  R   


SEGMENT ALLOCATION MAP

run origin  load origin   length   init length attrs members
----------  ----------- ---------- ----------- ----- -------
00000000    00000000    00000208   00000208    r-x
  00000000    00000000    000000c0   000000c0    r-- .intvecs
  000000c0    000000c0    00000130   00000130    r-x .text
  000001f0    000001f0    00000018   00000018    r-- .cinit
20200000    20200000    00000208   00000000    rw-
  20200000    20200000    00000200   00000000    rw- .sysmem
  20200200    20200200    00000008   00000000    rw- .bss
20207e00    20207e00    00000200   00000000    rw-
  20207e00    20207e00    00000200   00000000    rw- .stack


SECTION ALLOCATION MAP

 output                                  attributes/
section   page    origin      length       input sections
--------  ----  ----------  ----------   ----------------
.intvecs   0    00000000    000000c0     
                  00000000    000000c0     startup_mspm0g3507_ticlang.o (.intvecs)

.text      0    000000c0    00000130     
                  000000c0    00000040     TExaS.o (.text.TIMG7_IRQHandler)
                  00000100    0000003c     libc.a : autoinit.c.obj (.text:__TI_auto_init_nobinit_nopinit)
                  0000013c    00000028     Lab9Main.o (.text.TIMG12_IRQHandler)
                  00000164    00000028     libc.a : boot_cortex_m.c.obj (.text:_c_int00_noargs)
                  0000018c    0000001c     startup_mspm0g3507_ticlang.o (.text.Default_Handler)
                  000001a8    0000001c     startup_mspm0g3507_ticlang.o (.text.HardFault_Handler)
                  000001c4    00000016     libc.a : copy_zero_init.c.obj (.text:decompress:ZI:__TI_zero_init_nomemset)
                  000001da    00000006            : exit.c.obj (.text:abort)
                  000001e0    00000004     libsysbm.a : hostexit.c.obj (.text.HOSTexit)
                  000001e4    00000004     startup_mspm0g3507_ticlang.o (.text.Reset_Handler)
                  000001e8    00000004     libc.a : pre_init.c.obj (.text._system_pre_init)
                  000001ec    00000002     Sound.o (.text.SysTick_Handler)
                  000001ee    00000002     --HOLE-- [fill = 0]

.cinit     0    000001f0    00000018     
                  000001f0    00000008     (.cinit..bss.load) [load image, compression = zero_init]
                  000001f8    00000004     (__TI_handler_table)
                  000001fc    00000008     (__TI_cinit_table)
                  00000204    00000004     --HOLE-- [fill = 0]

.init_array 
*          0    00000000    00000000     UNINITIALIZED

.binit     0    00000000    00000000     

.sysmem    0    20200000    00000200     UNINITIALIZED
                  20200000    00000010     libc.a : memory.c.obj (.sysmem)
                  20200010    000001f0     --HOLE--

.bss       0    20200200    00000008     UNINITIALIZED
                  20200200    00000004     (.common:TExaSLogic)
                  20200204    00000004     (.common:TExaSadc)

.stack     0    20207e00    00000200     UNINITIALIZED
                  20207e00    00000004     libc.a : boot_cortex_m.c.obj (.stack)
                  20207e04    000001fc     --HOLE--

__llvm_prf_cnts 
*          0    20200000    00000000     UNINITIALIZED

__llvm_prf_bits 
*          0    20200000    00000000     UNINITIALIZED

MODULE SUMMARY

       Module                         code   ro data   rw data
       ------                         ----   -------   -------
    ./
       TExaS.o                        64     0         8      
       Lab9Main.o                     40     0         0      
       Sound.o                        2      0         0      
    +--+------------------------------+------+---------+---------+
       Total:                         106    0         8      
                                                              
    ./ticlang/
       startup_mspm0g3507_ticlang.o   60     192       0      
    +--+------------------------------+------+---------+---------+
       Total:                         60     192       0      
                                                              
    /home/hailin/ti/ccs2040/ccs/tools/compiler/ti-cgt-armllvm_4.0.4.LTS/lib/armv6m-ti-none-eabi/c/libc.a
       autoinit.c.obj                 60     0         0      
       boot_cortex_m.c.obj            40     0         0      
       copy_zero_init.c.obj           22     0         0      
       exit.c.obj                     6      0         0      
       pre_init.c.obj                 4      0         0      
    +--+------------------------------+------+---------+---------+
       Total:                         132    0         0      
                                                              
    /home/hailin/ti/ccs2040/ccs/tools/compiler/ti-cgt-armllvm_4.0.4.LTS/lib/armv6m-ti-none-eabi/c/libsysbm.a
       hostexit.c.obj                 4      0         0      
    +--+------------------------------+------+---------+---------+
       Total:                         4      0         0      
                                                              
       Heap:                          0      0         512    
       Stack:                         0      0         512    
       Linker Generated:              0      20        0      
    +--+------------------------------+------+---------+---------+
       Grand Total:                   302    212       1032   


LINKER GENERATED COPY TABLES

__TI_cinit_table @ 000001fc records: 1, size/record: 8, table size: 8
	.bss: load addr=000001f0, load size=00000008 bytes, run addr=20200200, run size=00000008 bytes, compression=zero_init


LINKER GENERATED HANDLER TABLE

__TI_handler_table @ 000001f8 records: 1, size/record: 4, table size: 4
	index: 0, handler: __TI_zero_init


GLOBAL SYMBOLS: SORTED ALPHABETICALLY BY Name 

address   name                          
-------   ----                          
0000018d  ADC0_IRQHandler               
0000018d  ADC1_IRQHandler               
0000018d  AES_IRQHandler                
000001e0  C$$EXIT                       
0000018d  CANFD0_IRQHandler             
0000018d  DAC0_IRQHandler               
0000018d  DMA_IRQHandler                
0000018d  Default_Handler               
0000018d  GROUP0_IRQHandler             
0000018d  GROUP1_IRQHandler             
000001e1  HOSTexit                      
000001a9  HardFault_Handler             
0000018d  I2C0_IRQHandler               
0000018d  I2C1_IRQHandler               
0000018d  NMI_Handler                   
0000018d  PendSV_Handler                
0000018d  RTC_IRQHandler                
000001e5  Reset_Handler                 
0000018d  SPI0_IRQHandler               
0000018d  SPI1_IRQHandler               
0000018d  SVC_Handler                   
000001ed  SysTick_Handler               
20200200  TExaSLogic                    
20200204  TExaSadc                      
0000018d  TIMA0_IRQHandler              
0000018d  TIMA1_IRQHandler              
0000018d  TIMG0_IRQHandler              
0000013d  TIMG12_IRQHandler             
0000018d  TIMG6_IRQHandler              
000000c1  TIMG7_IRQHandler              
0000018d  TIMG8_IRQHandler              
0000018d  UART0_IRQHandler              
0000018d  UART1_IRQHandler              
0000018d  UART2_IRQHandler              
0000018d  UART3_IRQHandler              
20208000  __STACK_END                   
00000200  __STACK_SIZE                  
00000200  __SYSMEM_SIZE                 
00000000  __TI_ATRegion0_region_sz      
00000000  __TI_ATRegion0_src_addr       
00000000  __TI_ATRegion0_trg_addr       
00000000  __TI_ATRegion1_region_sz      
00000000  __TI_ATRegion1_src_addr       
00000000  __TI_ATRegion1_trg_addr       
00000000  __TI_ATRegion2_region_sz      
00000000  __TI_ATRegion2_src_addr       
00000000  __TI_ATRegion2_trg_addr       
000001fc  __TI_CINIT_Base               
00000204  __TI_CINIT_Limit              
00000204  __TI_CINIT_Warm               
000001f8  __TI_Handler_Table_Base       
000001fc  __TI_Handler_Table_Limit      
00000101  __TI_auto_init_nobinit_nopinit
ffffffff  __TI_pprof_out_hndl           
ffffffff  __TI_prof_data_size           
ffffffff  __TI_prof_data_start          
00000000  __TI_static_base__            
000001c5  __TI_zero_init_nomemset       
ffffffff  __binit__                     
UNDEFED   __mpu_init                    
20207e00  __stack                       
20200000  __start___llvm_prf_bits       
20200000  __start___llvm_prf_cnts       
20200000  __stop___llvm_prf_bits        
20200000  __stop___llvm_prf_cnts        
00000165  _c_int00_noargs               
20200000  _sys_memory                   
UNDEFED   _system_post_cinit            
000001e9  _system_pre_init              
000001db  abort                         
ffffffff  binit                         
00000000  interruptVectors              
UNDEFED   main                          


GLOBAL SYMBOLS: SORTED BY Symbol Address 

address   name                          
-------   ----                          
00000000  __TI_ATRegion0_region_sz      
00000000  __TI_ATRegion0_src_addr       
00000000  __TI_ATRegion0_trg_addr       
00000000  __TI_ATRegion1_region_sz      
00000000  __TI_ATRegion1_src_addr       
00000000  __TI_ATRegion1_trg_addr       
00000000  __TI_ATRegion2_region_sz      
00000000  __TI_ATRegion2_src_addr       
00000000  __TI_ATRegion2_trg_addr       
00000000  __TI_static_base__            
00000000  interruptVectors              
000000c1  TIMG7_IRQHandler              
00000101  __TI_auto_init_nobinit_nopinit
0000013d  TIMG12_IRQHandler             
00000165  _c_int00_noargs               
0000018d  ADC0_IRQHandler               
0000018d  ADC1_IRQHandler               
0000018d  AES_IRQHandler                
0000018d  CANFD0_IRQHandler             
0000018d  DAC0_IRQHandler               
0000018d  DMA_IRQHandler                
0000018d  Default_Handler               
0000018d  GROUP0_IRQHandler             
0000018d  GROUP1_IRQHandler             
0000018d  I2C0_IRQHandler               
0000018d  I2C1_IRQHandler               
0000018d  NMI_Handler                   
0000018d  PendSV_Handler                
0000018d  RTC_IRQHandler                
0000018d  SPI0_IRQHandler               
0000018d  SPI1_IRQHandler               
0000018d  SVC_Handler                   
0000018d  TIMA0_IRQHandler              
0000018d  TIMA1_IRQHandler              
0000018d  TIMG0_IRQHandler              
0000018d  TIMG6_IRQHandler              
0000018d  TIMG8_IRQHandler              
0000018d  UART0_IRQHandler              
0000018d  UART1_IRQHandler              
0000018d  UART2_IRQHandler              
0000018d  UART3_IRQHandler              
000001a9  HardFault_Handler             
000001c5  __TI_zero_init_nomemset       
000001db  abort                         
000001e0  C$$EXIT                       
000001e1  HOSTexit                      
000001e5  Reset_Handler                 
000001e9  _system_pre_init              
000001ed  SysTick_Handler               
000001f8  __TI_Handler_Table_Base       
000001fc  __TI_CINIT_Base               
000001fc  __TI_Handler_Table_Limit      
00000200  __STACK_SIZE                  
00000200  __SYSMEM_SIZE                 
00000204  __TI_CINIT_Limit              
00000204  __TI_CINIT_Warm               
20200000  __start___llvm_prf_bits       
20200000  __start___llvm_prf_cnts       
20200000  __stop___llvm_prf_bits        
20200000  __stop___llvm_prf_cnts        
20200000  _sys_memory                   
20200200  TExaSLogic                    
20200204  TExaSadc                      
20207e00  __stack                       
20208000  __STACK_END                   
ffffffff  __TI_pprof_out_hndl           
ffffffff  __TI_prof_data_size           
ffffffff  __TI_prof_data_start          
ffffffff  __binit__                     
ffffffff  binit                         
UNDEFED   __mpu_init                    
UNDEFED   _system_post_cinit            
UNDEFED   main                          

[73 symbols]
