******************************************************************************
            TI ARM Clang Linker Unix v4.0.4                    
******************************************************************************
>> Linked Mon Apr 20 00:27:55 2026

OUTPUT FILE NAME:   <ECE319K_Lab9.out>
ENTRY POINT SYMBOL: "_c_int00_noargs"  address: 0000273d


MEMORY CONFIGURATION

         name            origin    length      used     unused   attr    fill
----------------------  --------  ---------  --------  --------  ----  --------
  FLASH                 00000000   00020000  00003200  0001ce00  R  X
  SRAM                  20200000   00008000  00000819  000077e7  RW X
  BCR_CONFIG            41c00000   00000080  00000000  00000080  R   
  BSL_CONFIG            41c00100   00000080  00000000  00000080  R   


SEGMENT ALLOCATION MAP

run origin  load origin   length   init length attrs members
----------  ----------- ---------- ----------- ----- -------
00000000    00000000    00003200   00003200    r-x
  00000000    00000000    000000c0   000000c0    r-- .intvecs
  000000c0    000000c0    00002890   00002890    r-x .text
  00002950    00002950    000007e0   000007e0    r-- .rodata
  00003130    00003130    000000d0   000000d0    r-- .cinit
20200000    20200000    0000061c   00000000    rw-
  20200000    20200000    00000235   00000000    rw- .data
  20200238    20200238    00000200   00000000    rw- .sysmem
  20200438    20200438    000001e4   00000000    rw- .bss
20207e00    20207e00    00000200   00000000    rw-
  20207e00    20207e00    00000200   00000000    rw- .stack


SECTION ALLOCATION MAP

 output                                  attributes/
section   page    origin      length       input sections
--------  ----  ----------  ----------   ----------------
.intvecs   0    00000000    000000c0     
                  00000000    000000c0     startup_mspm0g3507_ticlang.o (.intvecs)

.text      0    000000c0    00002890     
                  000000c0    00000448     Lab9Main.o (.text.makeSwords)
                  00000508    00000210     ST7735.o (.text.ST7735_DrawBitmap)
                  00000718    000001b4     Clock.o (.text.Clock_Init80MHz)
                  000008cc    000001a8     ST7735.o (.text.ST7735_DrawChar)
                  00000a74    00000154     libc.a : fopen.c.obj (.text._openfile)
                  00000bc8    00000128     TExaS.o (.text.ADC_Init)
                  00000cf0    00000118     ST7735.o (.text.ST7735_FillRect)
                  00000e08    00000114     libc.a : memory.c.obj (.text.aligned_alloc)
                  00000f1c    000000f8     SPI.o (.text.SPI_Init)
                  00001014    000000ec     libsysbm.a : add_device.c.obj (.text.add_device)
                  00001100    000000e8     TExaS.o (.text.UART_Init)
                  000011e8    000000e8     libc.a : memory.c.obj (.text.free)
                  000012d0    000000e0            : setvbuf.c.obj (.text.setvbuf)
                  000013b0    000000d0     ST7735.o (.text.ST7735_OutChar)
                  00001480    000000cc     Lab9Main.o (.text.state2_init)
                  0000154c    000000a8     Timer.o (.text.TimerG7_IntArm)
                  000015f4    000000a2     ST7735.o (.text.commandList)
                  00001696    00000002     LED.o (.text.LED_Init)
                  00001698    000000a0     libsysbm.a : open.c.obj (.text.open)
                  00001738    0000009c     ST7735.o (.text.ST7735_InitPrintf)
                  000017d4    00000098     ST7735.o (.text.ST7735_InitR)
                  0000186c    00000094     Timer.o (.text.TimerG12_IntArm)
                  00001900    00000088     ST7735.o (.text.setAddrWindow)
                  00001988    00000008     libclang_rt.builtins.a : aeabi_memcpy.S.obj (.text.__aeabi_memcpy)
                  00001990    00000088     libc.a : strcmp-armv6m.S.obj (.text:strcmp)
                  00001a18    00000084     ST7735.o (.text.ST7735_DrawString)
                  00001a9c    0000007c     LaunchPad.o (.text.LaunchPad_Init)
                  00001b18    0000007c     libc.a : fclose.c.obj (.text.__TI_closefile)
                  00001b94    0000007c            : copy_decompress_lzss.c.obj (.text:decompress:lzss)
                  00001c10    00000078     ADC1.o (.text.ADCinit)
                  00001c88    00000070     ST7735.o (.text.ST7735_DrawPixel)
                  00001cf8    0000006c     libsysbm.a : hostlseek.c.obj (.text.HOSTlseek)
                  00001d64    0000006c                : hostrename.c.obj (.text.HOSTrename)
                  00001dd0    0000006c     libc.a : getdevice.c.obj (.text.getdevice)
                  00001e3c    00000064            : memory.c.obj (.text.split)
                  00001ea0    00000060     libsysbm.a : hostopen.c.obj (.text.HOSTopen)
                  00001f00    00000060     UART2.o (.text.UART2_IRQHandler)
                  00001f60    00000058     FIFO1.o (.text.Fifo1_Put)
                  00001fb8    00000058     libsysbm.a : hostread.c.obj (.text.HOSTread)
                  00002010    00000058                : hostwrite.c.obj (.text.HOSTwrite)
                  00002068    00000058     TExaS.o (.text.TExaS_Init)
                  000020c0    00000052     libc.a : fflush.c.obj (.text.__TI_doflush)
                  00002112    00000002     Sound.o (.text.Sound_Init)
                  00002114    00000050     libsysbm.a : close.c.obj (.text.close)
                  00002164    00000050     Lab9Main.o (.text.main)
                  000021b4    00000048     libsysbm.a : hostclose.c.obj (.text.HOSTclose)
                  000021fc    00000048                : hostunlink.c.obj (.text.HOSTunlink)
                  00002244    00000048     SPI.o (.text.SPI_OutCommand)
                  0000228c    00000040     SPI.o (.text.SPI_Reset)
                  000022cc    00000040     TExaS.o (.text.TIMG7_IRQHandler)
                  0000230c    00000040     libclang_rt.builtins.a : aeabi_uidivmod.S.obj (.text.__aeabi_uidivmod)
                  0000234c    00000040     libc.a : fopen.c.obj (.text._search_fp)
                  0000238c    0000003c            : autoinit.c.obj (.text:__TI_auto_init_nobinit_nopinit)
                  000023c8    00000038     LaunchPad.o (.text.ActivatePortA_B)
                  00002400    00000038     SPI.o (.text.SPI_OutData)
                  00002438    00000034     Clock.o (.text.Clock_Delay1ms)
                  0000246c    00000034     ST7735.o (.text.ST7735_SetCursor)
                  000024a0    00000034     ST7735.o (.text.ST7735_write)
                  000024d4    00000034     libc.a : fopen.c.obj (.text.__TI_cleanup)
                  00002508    00000034     libsysbm.a : trgmsg.c.obj (.text.__TI_readmsg)
                  0000253c    00000034                : trgmsg.c.obj (.text.__TI_writemsg)
                  00002570    00000034     libc.a : exit.c.obj (.text.exit)
                  000025a4    00000034            : getdevice.c.obj (.text.finddevice)
                  000025d8    00000034            : fopen.c.obj (.text.freopen)
                  0000260c    00000030     ST7735.o (.text.commonInit)
                  0000263c    00000030     libc.a : fopen.c.obj (.text.fopen)
                  0000266c    0000002c     ST7735.o (.text.ST7735_FillScreen)
                  00002698    0000002c     libsysbm.a : unlink.c.obj (.text.unlink)
                  000026c4    00000028     TExaS.o (.text.ADC_Start)
                  000026ec    00000028     libc.a : memory.c.obj (.text.free_list_insert)
                  00002714    00000028     libsysbm.a : write.c.obj (.text.write)
                  0000273c    00000028     libc.a : boot_cortex_m.c.obj (.text:_c_int00_noargs)
                  00002764    0000001e     ST7735.o (.text.pushColor)
                  00002782    00000002     Sound.o (.text.SysTick_Handler)
                  00002784    0000001c     startup_mspm0g3507_ticlang.o (.text.Default_Handler)
                  000027a0    0000001c     startup_mspm0g3507_ticlang.o (.text.HardFault_Handler)
                  000027bc    0000001c     libc.a : memory.c.obj (.text.free_list_remove)
                  000027d8    00000018     Switch.o (.text.Switch_Init)
                  000027f0    00000016     ST7735.o (.text.ST7735_open)
                  00002806    00000016     ST7735.o (.text.ST7735_read)
                  0000281c    00000016     libc.a : copy_zero_init.c.obj (.text:decompress:ZI:__TI_zero_init_nomemset)
                  00002832    00000012            : memcpy16.S.obj (.text:TI_memcpy_small)
                  00002844    00000012            : copy_decompress_none.c.obj (.text:decompress:none)
                  00002856    00000010     Clock.o (.text.Clock_Delay)
                  00002866    00000010     LaunchPad.o (.text.Delay)
                  00002876    00000002     libclang_rt.builtins.a : aeabi_div0.c.obj (.text.__aeabi_idiv0)
                  00002878    00000010     Lab9Main.o (.text.TExaS_LaunchPadLogicPB27PB26)
                  00002888    0000000e     libc.a : memory.c.obj (.text.OUTLINED_FUNCTION_0)
                  00002896    0000000e     ST7735.o (.text.ST7735_lseek)
                  000028a4    0000000e     libsysbm.a : hostrename.c.obj (.text.strcpy)
                  000028b2    0000000e                : hostrename.c.obj (.text.strlen)
                  000028c0    0000000e     libc.a : memset16.S.obj (.text:TI_memset_small)
                  000028ce    00000002            : _lock.c.obj (.text._nop)
                  000028d0    0000000c     Clock.o (.text.Clock_Freq)
                  000028dc    0000000c     ST7735.o (.text.ST7735_rename)
                  000028e8    0000000c     libclang_rt.builtins.a : aeabi_memset.S.obj (.text.__aeabi_memclr)
                  000028f4    0000000c     libc.a : memory.c.obj (.text.malloc)
                  00002900    0000000a     Lab9Main.o (.text.PLL_Init)
                  0000290a    0000000a     ST7735.o (.text.ST7735_close)
                  00002914    0000000a     ST7735.o (.text.ST7735_unlink)
                  0000291e    0000000a     Lab9Main.o (.text.TIMG12_IRQHandler)
                  00002928    00000008     libsysbm.a : remove.c.obj (.text.remove)
                  00002930    00000006     libc.a : exit.c.obj (.text:abort)
                  00002936    00000004     libsysbm.a : hostexit.c.obj (.text.HOSTexit)
                  0000293a    00000004     startup_mspm0g3507_ticlang.o (.text.Reset_Handler)
                  0000293e    00000004     libc.a : pre_init.c.obj (.text._system_pre_init)
                  00002942    0000000e     --HOLE-- [fill = 0]

.cinit     0    00003130    000000d0     
                  00003130    000000ab     (.cinit..data.load) [load image, compression = lzss]
                  000031db    00000001     --HOLE-- [fill = 0]
                  000031dc    0000000c     (__TI_handler_table)
                  000031e8    00000008     (.cinit..bss.load) [load image, compression = zero_init]
                  000031f0    00000010     (__TI_cinit_table)

.rodata    0    00002950    000007e0     
                  00002950    000004fb     ST7735.o (.rodata.Font)
                  00002e4b    00000001     --HOLE-- [fill = 0]
                  00002e4c    0000011e     Lab9Main.o (.rodata.player1)
                  00002f6a    0000011e     Lab9Main.o (.rodata.player2)
                  00003088    0000003b     ST7735.o (.rodata.Rcmd1)
                  000030c3    0000002b     ST7735.o (.rodata.Rcmd3)
                  000030ee    00000016     ST7735.o (.rodata.str1.2132471336006292093.1)
                  00003104    0000000d     ST7735.o (.rodata.Rcmd2green)
                  00003111    0000000d     ST7735.o (.rodata.Rcmd2red)
                  0000311e    00000008     ST7735.o (.rodata.str1.14694424544768695619.1)
                  00003126    00000007     ST7735.o (.rodata.str1.1448485181700679404.1)
                  0000312d    00000002     ST7735.o (.rodata.str1.4408429423603725162.1)
                  0000312f    00000001     --HOLE-- [fill = 0]

.init_array 
*          0    00000000    00000000     UNINITIALIZED

.binit     0    00000000    00000000     

.data      0    20200000    00000235     UNINITIALIZED
                  20200000    000000f0     libc.a : defs.c.obj (.data._ftable)
                  202000f0    00000078     libsysbm.a : host_device.c.obj (.data._device)
                  20200168    00000050                : host_device.c.obj (.data._stream)
                  202001b8    00000020     Lab9Main.o (.data.pointsx)
                  202001d8    00000020     Lab9Main.o (.data.pointsy)
                  202001f8    00000008     libc.a : exit.c.obj (.data..L_MergedGlobals)
                  20200200    00000004     Clock.o (.data.BusFreq)
                  20200204    00000004     ST7735.o (.data.StX)
                  20200208    00000004     ST7735.o (.data.StY)
                  2020020c    00000004     libc.a : defs.c.obj (.data.__TI_ft_end)
                  20200210    00000004            : _lock.c.obj (.data._lock)
                  20200214    00000004            : _lock.c.obj (.data._unlock)
                  20200218    00000004     FIFO1.o (.data.findex)
                  2020021c    00000004     FIFO1.o (.data.fsize)
                  20200220    00000004     UART2.o (.data.sentData)
                  20200224    00000002     ST7735.o (.data.StTextColor)
                  20200226    00000002     ST7735.o (.data._height)
                  20200228    00000002     ST7735.o (.data._width)
                  2020022a    00000001     Lab9Main.o (.data.status1)
                  2020022b    00000001     Lab9Main.o (.data.status2)
                  2020022c    00000001     libsysbm.a : add_device.c.obj (.data.add_device.device_init)
                  2020022d    00000001     Lab9Main.o (.data.swordPos1)
                  2020022e    00000001     Lab9Main.o (.data.swordPos2)
                  2020022f    00000001     --HOLE--
                  20200230    00000001     libc.a : memory.c.obj (.data.memory_is_initialized)
                  20200231    00000003     --HOLE--
                  20200234    00000001     libsysbm.a : open.c.obj (.data.open.stream_init)

.sysmem    0    20200238    00000200     UNINITIALIZED
                  20200238    00000010     libc.a : memory.c.obj (.sysmem)
                  20200248    000001f0     --HOLE--

.bss       0    20200438    000001e4     UNINITIALIZED
                  20200438    00000120     libsysbm.a : trgmsg.c.obj (.bss:_CIOBUF_)
                  20200558    000000a0     libc.a : defs.c.obj (.bss.__TI_tmpnams)
                  202005f8    00000008     libsysbm.a : hostopen.c.obj (.bss.parmbuf)
                  20200600    00000004     libc.a : memory.c.obj (.bss.sys_free)
                  20200604    00000004     (.common:TExaSLogic)
                  20200608    00000004     (.common:TExaSadc)
                  2020060c    00000004     (.common:acceleration)
                  20200610    00000004     (.common:positions)
                  20200614    00000004     (.common:velocity)
                  20200618    00000001     ST7735.o (.bss.ColStart)
                  20200619    00000001     ST7735.o (.bss.RowStart)
                  2020061a    00000001     ST7735.o (.bss.TabColor)
                  2020061b    00000001     (.common:fifo)

.stack     0    20207e00    00000200     UNINITIALIZED
                  20207e00    00000004     libc.a : boot_cortex_m.c.obj (.stack)
                  20207e04    000001fc     --HOLE--

__llvm_prf_cnts 
*          0    20200000    00000000     UNINITIALIZED

__llvm_prf_bits 
*          0    20200000    00000000     UNINITIALIZED

MODULE SUMMARY

       Module                         code    ro data   rw data
       ------                         ----    -------   -------
    ./
       ST7735.o                       2606    1442      17     
       Lab9Main.o                     1416    572       80     
       TExaS.o                        720     0         8      
       Clock.o                        516     0         4      
       SPI.o                          440     0         0      
       Timer.o                        316     0         0      
       LaunchPad.o                    196     0         0      
       ADC1.o                         120     0         0      
       UART2.o                        96      0         4      
       FIFO1.o                        88      0         9      
       Switch.o                       24      0         0      
       Sound.o                        4       0         0      
       LED.o                          2       0         0      
    +--+------------------------------+-------+---------+---------+
       Total:                         6544    2014      122    
                                                               
    ./ticlang/
       startup_mspm0g3507_ticlang.o   60      192       0      
    +--+------------------------------+-------+---------+---------+
       Total:                         60      192       0      
                                                               
    /home/hailin/ti/ccs2040/ccs/tools/compiler/ti-cgt-armllvm_4.0.4.LTS/lib/armv6m-ti-none-eabi/c/libc.a
       memory.c.obj                   702     0         5      
       fopen.c.obj                    556     0         0      
       defs.c.obj                     0       0         404    
       setvbuf.c.obj                  224     0         0      
       getdevice.c.obj                160     0         0      
       strcmp-armv6m.S.obj            136     0         0      
       copy_decompress_lzss.c.obj     124     0         0      
       fclose.c.obj                   124     0         0      
       fflush.c.obj                   82      0         0      
       exit.c.obj                     58      0         8      
       autoinit.c.obj                 60      0         0      
       boot_cortex_m.c.obj            40      0         0      
       copy_zero_init.c.obj           22      0         0      
       copy_decompress_none.c.obj     18      0         0      
       memcpy16.S.obj                 18      0         0      
       memset16.S.obj                 14      0         0      
       _lock.c.obj                    2       0         8      
       pre_init.c.obj                 4       0         0      
    +--+------------------------------+-------+---------+---------+
       Total:                         2344    0         425    
                                                               
    /home/hailin/ti/ccs2040/ccs/tools/compiler/ti-cgt-armllvm_4.0.4.LTS/lib/armv6m-ti-none-eabi/c/libsysbm.a
       trgmsg.c.obj                   104     0         288    
       add_device.c.obj               236     0         1      
       host_device.c.obj              0       0         200    
       open.c.obj                     160     0         1      
       hostrename.c.obj               136     0         0      
       hostlseek.c.obj                108     0         0      
       hostopen.c.obj                 96      0         8      
       hostread.c.obj                 88      0         0      
       hostwrite.c.obj                88      0         0      
       close.c.obj                    80      0         0      
       hostclose.c.obj                72      0         0      
       hostunlink.c.obj               72      0         0      
       unlink.c.obj                   44      0         0      
       write.c.obj                    40      0         0      
       remove.c.obj                   8       0         0      
       hostexit.c.obj                 4       0         0      
    +--+------------------------------+-------+---------+---------+
       Total:                         1336    0         498    
                                                               
    /home/hailin/ti/ccs2040/ccs/tools/compiler/ti-cgt-armllvm_4.0.4.LTS/lib/armv6m-ti-none-eabi/libclang_rt.builtins.a
       aeabi_uidivmod.S.obj           64      0         0      
       aeabi_memset.S.obj             12      0         0      
       aeabi_memcpy.S.obj             8       0         0      
       aeabi_div0.c.obj               2       0         0      
    +--+------------------------------+-------+---------+---------+
       Total:                         86      0         0      
                                                               
       Heap:                          0       0         512    
       Stack:                         0       0         512    
       Linker Generated:              0       207       0      
    +--+------------------------------+-------+---------+---------+
       Grand Total:                   10370   2413      2069   


LINKER GENERATED COPY TABLES

__TI_cinit_table @ 000031f0 records: 2, size/record: 8, table size: 16
	.data: load addr=00003130, load size=000000ab bytes, run addr=20200000, run size=00000235 bytes, compression=lzss
	.bss: load addr=000031e8, load size=00000008 bytes, run addr=20200438, run size=000001e4 bytes, compression=zero_init


LINKER GENERATED HANDLER TABLE

__TI_handler_table @ 000031dc records: 3, size/record: 4, table size: 12
	index: 0, handler: __TI_decompress_lzss
	index: 1, handler: __TI_decompress_none
	index: 2, handler: __TI_zero_init


GLOBAL SYMBOLS: SORTED ALPHABETICALLY BY Name 

address   name                          
-------   ----                          
00002785  ADC0_IRQHandler               
00002785  ADC1_IRQHandler               
00000bc9  ADC_Init                      
000026c5  ADC_Start                     
00001c11  ADCinit                       
00002785  AES_IRQHandler                
000023c9  ActivatePortA_B               
20200200  BusFreq                       
00002936  C$$EXIT                       
00002569  C$$IO$$                       
00002785  CANFD0_IRQHandler             
00002857  Clock_Delay                   
00002439  Clock_Delay1ms                
000028d1  Clock_Freq                    
00000719  Clock_Init80MHz               
00002785  DAC0_IRQHandler               
00002785  DMA_IRQHandler                
00002785  Default_Handler               
00002867  Delay                         
00001f61  Fifo1_Put                     
00002785  GROUP0_IRQHandler             
00002785  GROUP1_IRQHandler             
000021b5  HOSTclose                     
00002937  HOSTexit                      
00001cf9  HOSTlseek                     
00001ea1  HOSTopen                      
00001fb9  HOSTread                      
00001d65  HOSTrename                    
000021fd  HOSTunlink                    
00002011  HOSTwrite                     
000027a1  HardFault_Handler             
00002785  I2C0_IRQHandler               
00002785  I2C1_IRQHandler               
00001697  LED_Init                      
00001a9d  LaunchPad_Init                
00002785  NMI_Handler                   
00002901  PLL_Init                      
00002785  PendSV_Handler                
00002785  RTC_IRQHandler                
0000293b  Reset_Handler                 
00002785  SPI0_IRQHandler               
00002785  SPI1_IRQHandler               
00000f1d  SPI_Init                      
00002245  SPI_OutCommand                
00002401  SPI_OutData                   
0000228d  SPI_Reset                     
00000509  ST7735_DrawBitmap             
000008cd  ST7735_DrawChar               
00001c89  ST7735_DrawPixel              
00001a19  ST7735_DrawString             
00000cf1  ST7735_FillRect               
0000266d  ST7735_FillScreen             
00001739  ST7735_InitPrintf             
000017d5  ST7735_InitR                  
000013b1  ST7735_OutChar                
0000246d  ST7735_SetCursor              
0000290b  ST7735_close                  
00002897  ST7735_lseek                  
000027f1  ST7735_open                   
00002807  ST7735_read                   
000028dd  ST7735_rename                 
00002915  ST7735_unlink                 
000024a1  ST7735_write                  
00002785  SVC_Handler                   
00002113  Sound_Init                    
20200224  StTextColor                   
20200204  StX                           
20200208  StY                           
000027d9  Switch_Init                   
00002783  SysTick_Handler               
20200604  TExaSLogic                    
00002069  TExaS_Init                    
00002879  TExaS_LaunchPadLogicPB27PB26  
20200608  TExaSadc                      
00002785  TIMA0_IRQHandler              
00002785  TIMA1_IRQHandler              
00002785  TIMG0_IRQHandler              
0000291f  TIMG12_IRQHandler             
00002785  TIMG6_IRQHandler              
000022cd  TIMG7_IRQHandler              
00002785  TIMG8_IRQHandler              
00002833  TI_memcpy_small               
000028c1  TI_memset_small               
0000186d  TimerG12_IntArm               
0000154d  TimerG7_IntArm                
00002785  UART0_IRQHandler              
00002785  UART1_IRQHandler              
00001f01  UART2_IRQHandler              
00002785  UART3_IRQHandler              
00001101  UART_Init                     
20200438  _CIOBUF_                      
20200438  __CIOBUF_                     
20208000  __STACK_END                   
00000200  __STACK_SIZE                  
00000200  __SYSMEM_SIZE                 
00000000  __TI_ATRegion0_region_sz      
00000000  __TI_ATRegion0_src_addr       
00000000  __TI_ATRegion0_trg_addr       
00000000  __TI_ATRegion1_region_sz      
00000000  __TI_ATRegion1_src_addr       
00000000  __TI_ATRegion1_trg_addr       
00000000  __TI_ATRegion2_region_sz      
00000000  __TI_ATRegion2_src_addr       
00000000  __TI_ATRegion2_trg_addr       
000031f0  __TI_CINIT_Base               
00003200  __TI_CINIT_Limit              
00003200  __TI_CINIT_Warm               
000031dc  __TI_Handler_Table_Base       
000031e8  __TI_Handler_Table_Limit      
0000238d  __TI_auto_init_nobinit_nopinit
000024d5  __TI_cleanup                  
202001f8  __TI_cleanup_ptr              
00001b19  __TI_closefile                
00001b95  __TI_decompress_lzss          
00002845  __TI_decompress_none          
000020c1  __TI_doflush                  
202001fc  __TI_dtors_ptr                
2020020c  __TI_ft_end                   
ffffffff  __TI_pprof_out_hndl           
ffffffff  __TI_prof_data_size           
ffffffff  __TI_prof_data_start          
00002509  __TI_readmsg                  
00000000  __TI_static_base__            
20200558  __TI_tmpnams                  
0000253d  __TI_writemsg                 
0000281d  __TI_zero_init_nomemset       
00002877  __aeabi_idiv0                 
000028e9  __aeabi_memclr                
000028e9  __aeabi_memclr4               
000028e9  __aeabi_memclr8               
00001989  __aeabi_memcpy                
00001989  __aeabi_memcpy4               
00001989  __aeabi_memcpy8               
0000230d  __aeabi_uidiv                 
0000230d  __aeabi_uidivmod              
ffffffff  __binit__                     
UNDEFED   __mpu_init                    
20207e00  __stack                       
20200000  __start___llvm_prf_bits       
20200000  __start___llvm_prf_cnts       
20200000  __stop___llvm_prf_bits        
20200000  __stop___llvm_prf_cnts        
0000273d  _c_int00_noargs               
202000f0  _device                       
20200000  _ftable                       
20200210  _lock                         
000028cf  _nop                          
20200168  _stream                       
20200238  _sys_memory                   
UNDEFED   _system_post_cinit            
0000293f  _system_pre_init              
20200214  _unlock                       
00002931  abort                         
2020060c  acceleration                  
00001015  add_device                    
00000e09  aligned_alloc                 
ffffffff  binit                         
00002115  close                         
00002571  exit                          
2020061b  fifo                          
000025a5  finddevice                    
20200218  findex                        
0000263d  fopen                         
000011e9  free                          
000025d9  freopen                       
2020021c  fsize                         
00001dd1  getdevice                     
00000000  interruptVectors              
00002165  main                          
000000c1  makeSwords                    
000028f5  malloc                        
00000e09  memalign                      
00001699  open                          
202005f8  parmbuf                       
00002e4c  player1                       
00002f6a  player2                       
202001b8  pointsx                       
202001d8  pointsy                       
20200610  positions                     
00002929  remove                        
000012d1  setvbuf                       
00001481  state2_init                   
2020022a  status1                       
2020022b  status2                       
00001991  strcmp                        
2020022d  swordPos1                     
2020022e  swordPos2                     
00002699  unlink                        
20200614  velocity                      
00002715  write                         


GLOBAL SYMBOLS: SORTED BY Symbol Address 

address   name                          
-------   ----                          
00000000  __TI_ATRegion0_region_sz      
00000000  __TI_ATRegion0_src_addr       
00000000  __TI_ATRegion0_trg_addr       
00000000  __TI_ATRegion1_region_sz      
00000000  __TI_ATRegion1_src_addr       
00000000  __TI_ATRegion1_trg_addr       
00000000  __TI_ATRegion2_region_sz      
00000000  __TI_ATRegion2_src_addr       
00000000  __TI_ATRegion2_trg_addr       
00000000  __TI_static_base__            
00000000  interruptVectors              
000000c1  makeSwords                    
00000200  __STACK_SIZE                  
00000200  __SYSMEM_SIZE                 
00000509  ST7735_DrawBitmap             
00000719  Clock_Init80MHz               
000008cd  ST7735_DrawChar               
00000bc9  ADC_Init                      
00000cf1  ST7735_FillRect               
00000e09  aligned_alloc                 
00000e09  memalign                      
00000f1d  SPI_Init                      
00001015  add_device                    
00001101  UART_Init                     
000011e9  free                          
000012d1  setvbuf                       
000013b1  ST7735_OutChar                
00001481  state2_init                   
0000154d  TimerG7_IntArm                
00001697  LED_Init                      
00001699  open                          
00001739  ST7735_InitPrintf             
000017d5  ST7735_InitR                  
0000186d  TimerG12_IntArm               
00001989  __aeabi_memcpy                
00001989  __aeabi_memcpy4               
00001989  __aeabi_memcpy8               
00001991  strcmp                        
00001a19  ST7735_DrawString             
00001a9d  LaunchPad_Init                
00001b19  __TI_closefile                
00001b95  __TI_decompress_lzss          
00001c11  ADCinit                       
00001c89  ST7735_DrawPixel              
00001cf9  HOSTlseek                     
00001d65  HOSTrename                    
00001dd1  getdevice                     
00001ea1  HOSTopen                      
00001f01  UART2_IRQHandler              
00001f61  Fifo1_Put                     
00001fb9  HOSTread                      
00002011  HOSTwrite                     
00002069  TExaS_Init                    
000020c1  __TI_doflush                  
00002113  Sound_Init                    
00002115  close                         
00002165  main                          
000021b5  HOSTclose                     
000021fd  HOSTunlink                    
00002245  SPI_OutCommand                
0000228d  SPI_Reset                     
000022cd  TIMG7_IRQHandler              
0000230d  __aeabi_uidiv                 
0000230d  __aeabi_uidivmod              
0000238d  __TI_auto_init_nobinit_nopinit
000023c9  ActivatePortA_B               
00002401  SPI_OutData                   
00002439  Clock_Delay1ms                
0000246d  ST7735_SetCursor              
000024a1  ST7735_write                  
000024d5  __TI_cleanup                  
00002509  __TI_readmsg                  
0000253d  __TI_writemsg                 
00002569  C$$IO$$                       
00002571  exit                          
000025a5  finddevice                    
000025d9  freopen                       
0000263d  fopen                         
0000266d  ST7735_FillScreen             
00002699  unlink                        
000026c5  ADC_Start                     
00002715  write                         
0000273d  _c_int00_noargs               
00002783  SysTick_Handler               
00002785  ADC0_IRQHandler               
00002785  ADC1_IRQHandler               
00002785  AES_IRQHandler                
00002785  CANFD0_IRQHandler             
00002785  DAC0_IRQHandler               
00002785  DMA_IRQHandler                
00002785  Default_Handler               
00002785  GROUP0_IRQHandler             
00002785  GROUP1_IRQHandler             
00002785  I2C0_IRQHandler               
00002785  I2C1_IRQHandler               
00002785  NMI_Handler                   
00002785  PendSV_Handler                
00002785  RTC_IRQHandler                
00002785  SPI0_IRQHandler               
00002785  SPI1_IRQHandler               
00002785  SVC_Handler                   
00002785  TIMA0_IRQHandler              
00002785  TIMA1_IRQHandler              
00002785  TIMG0_IRQHandler              
00002785  TIMG6_IRQHandler              
00002785  TIMG8_IRQHandler              
00002785  UART0_IRQHandler              
00002785  UART1_IRQHandler              
00002785  UART3_IRQHandler              
000027a1  HardFault_Handler             
000027d9  Switch_Init                   
000027f1  ST7735_open                   
00002807  ST7735_read                   
0000281d  __TI_zero_init_nomemset       
00002833  TI_memcpy_small               
00002845  __TI_decompress_none          
00002857  Clock_Delay                   
00002867  Delay                         
00002877  __aeabi_idiv0                 
00002879  TExaS_LaunchPadLogicPB27PB26  
00002897  ST7735_lseek                  
000028c1  TI_memset_small               
000028cf  _nop                          
000028d1  Clock_Freq                    
000028dd  ST7735_rename                 
000028e9  __aeabi_memclr                
000028e9  __aeabi_memclr4               
000028e9  __aeabi_memclr8               
000028f5  malloc                        
00002901  PLL_Init                      
0000290b  ST7735_close                  
00002915  ST7735_unlink                 
0000291f  TIMG12_IRQHandler             
00002929  remove                        
00002931  abort                         
00002936  C$$EXIT                       
00002937  HOSTexit                      
0000293b  Reset_Handler                 
0000293f  _system_pre_init              
00002e4c  player1                       
00002f6a  player2                       
000031dc  __TI_Handler_Table_Base       
000031e8  __TI_Handler_Table_Limit      
000031f0  __TI_CINIT_Base               
00003200  __TI_CINIT_Limit              
00003200  __TI_CINIT_Warm               
20200000  __start___llvm_prf_bits       
20200000  __start___llvm_prf_cnts       
20200000  __stop___llvm_prf_bits        
20200000  __stop___llvm_prf_cnts        
20200000  _ftable                       
202000f0  _device                       
20200168  _stream                       
202001b8  pointsx                       
202001d8  pointsy                       
202001f8  __TI_cleanup_ptr              
202001fc  __TI_dtors_ptr                
20200200  BusFreq                       
20200204  StX                           
20200208  StY                           
2020020c  __TI_ft_end                   
20200210  _lock                         
20200214  _unlock                       
20200218  findex                        
2020021c  fsize                         
20200224  StTextColor                   
2020022a  status1                       
2020022b  status2                       
2020022d  swordPos1                     
2020022e  swordPos2                     
20200238  _sys_memory                   
20200438  _CIOBUF_                      
20200438  __CIOBUF_                     
20200558  __TI_tmpnams                  
202005f8  parmbuf                       
20200604  TExaSLogic                    
20200608  TExaSadc                      
2020060c  acceleration                  
20200610  positions                     
20200614  velocity                      
2020061b  fifo                          
20207e00  __stack                       
20208000  __STACK_END                   
ffffffff  __TI_pprof_out_hndl           
ffffffff  __TI_prof_data_size           
ffffffff  __TI_prof_data_start          
ffffffff  __binit__                     
ffffffff  binit                         
UNDEFED   __mpu_init                    
UNDEFED   _system_post_cinit            

[190 symbols]
