******************************************************************************
            TI ARM Clang Linker Unix v4.0.4                    
******************************************************************************
>> Linked Mon Apr 20 14:18:15 2026

OUTPUT FILE NAME:   <ECE319K_Lab9.out>
ENTRY POINT SYMBOL: "_c_int00_noargs"  address: 00001e75


MEMORY CONFIGURATION

         name            origin    length      used     unused   attr    fill
----------------------  --------  ---------  --------  --------  ----  --------
  FLASH                 00000000   00020000  00002700  0001d900  R  X
  SRAM                  20200000   00008000  000007cd  00007833  RW X
  BCR_CONFIG            41c00000   00000080  00000000  00000080  R   
  BSL_CONFIG            41c00100   00000080  00000000  00000080  R   


SEGMENT ALLOCATION MAP

run origin  load origin   length   init length attrs members
----------  ----------- ---------- ----------- ----- -------
00000000    00000000    00002700   00002700    r-x
  00000000    00000000    000000c0   000000c0    r-- .intvecs
  000000c0    000000c0    00002000   00002000    r-x .text
  000020c0    000020c0    000005a8   000005a8    r-- .rodata
  00002668    00002668    00000098   00000098    r-- .cinit
20200000    20200000    000005d0   00000000    rw-
  20200000    20200000    00000200   00000000    rw- .sysmem
  20200200    20200200    000001f5   00000000    rw- .data
  202003f8    202003f8    000001d8   00000000    rw- .bss
20207e00    20207e00    00000200   00000000    rw-
  20207e00    20207e00    00000200   00000000    rw- .stack


SECTION ALLOCATION MAP

 output                                  attributes/
section   page    origin      length       input sections
--------  ----  ----------  ----------   ----------------
.intvecs   0    00000000    000000c0     
                  00000000    000000c0     startup_mspm0g3507_ticlang.o (.intvecs)

.text      0    000000c0    00002000     
                  000000c0    000001b4     Clock.o (.text.Clock_Init80MHz)
                  00000274    000001a8     ST7735.o (.text.ST7735_DrawChar)
                  0000041c    00000154     libc.a : fopen.c.obj (.text._openfile)
                  00000570    00000118     ST7735.o (.text.ST7735_FillRect)
                  00000688    00000114     libc.a : memory.c.obj (.text.aligned_alloc)
                  0000079c    000000f8     SPI.o (.text.SPI_Init)
                  00000894    000000ec     libsysbm.a : add_device.c.obj (.text.add_device)
                  00000980    000000e8     libc.a : memory.c.obj (.text.free)
                  00000a68    000000e0            : setvbuf.c.obj (.text.setvbuf)
                  00000b48    000000d0     ST7735.o (.text.ST7735_OutChar)
                  00000c18    000000c4     UART2.o (.text.UART2_Init)
                  00000cdc    000000b8     Lab9Main.o (.text.main)
                  00000d94    000000a2     ST7735.o (.text.commandList)
                  00000e36    00000002     LED.o (.text.LED_Init)
                  00000e38    000000a0     libsysbm.a : open.c.obj (.text.open)
                  00000ed8    0000009c     ST7735.o (.text.ST7735_InitPrintf)
                  00000f74    00000098     ST7735.o (.text.ST7735_InitR)
                  0000100c    00000094     Timer.o (.text.TimerG12_IntArm)
                  000010a0    00000088     ST7735.o (.text.setAddrWindow)
                  00001128    00000008     UART2.o (.text.UART2_InChar)
                  00001130    00000088     libc.a : strcmp-armv6m.S.obj (.text:strcmp)
                  000011b8    00000084     ST7735.o (.text.ST7735_DrawString)
                  0000123c    00000080     UART1.o (.text.UART1_Init)
                  000012bc    0000007c     LaunchPad.o (.text.LaunchPad_Init)
                  00001338    0000007c     libc.a : fclose.c.obj (.text.__TI_closefile)
                  000013b4    0000007c            : copy_decompress_lzss.c.obj (.text:decompress:lzss)
                  00001430    00000078     ADC1.o (.text.ADCinit)
                  000014a8    0000006c     libsysbm.a : hostlseek.c.obj (.text.HOSTlseek)
                  00001514    0000006c                : hostrename.c.obj (.text.HOSTrename)
                  00001580    0000006c     libc.a : getdevice.c.obj (.text.getdevice)
                  000015ec    00000064            : memory.c.obj (.text.split)
                  00001650    00000060     libsysbm.a : hostopen.c.obj (.text.HOSTopen)
                  000016b0    00000060     UART2.o (.text.UART2_IRQHandler)
                  00001710    00000058     FIFO1.o (.text.Fifo1_Get)
                  00001768    00000058     FIFO1.o (.text.Fifo1_Put)
                  000017c0    00000058     libsysbm.a : hostread.c.obj (.text.HOSTread)
                  00001818    00000058                : hostwrite.c.obj (.text.HOSTwrite)
                  00001870    00000052     libc.a : fflush.c.obj (.text.__TI_doflush)
                  000018c2    00000002     Sound.o (.text.Sound_Init)
                  000018c4    00000050     libsysbm.a : close.c.obj (.text.close)
                  00001914    00000048                : hostclose.c.obj (.text.HOSTclose)
                  0000195c    00000048                : hostunlink.c.obj (.text.HOSTunlink)
                  000019a4    00000048     SPI.o (.text.SPI_OutCommand)
                  000019ec    00000040     SPI.o (.text.SPI_Reset)
                  00001a2c    00000040     TExaS.o (.text.TIMG7_IRQHandler)
                  00001a6c    00000040     libclang_rt.builtins.a : aeabi_uidivmod.S.obj (.text.__aeabi_uidivmod)
                  00001aac    00000040     libc.a : fopen.c.obj (.text._search_fp)
                  00001aec    0000003c            : autoinit.c.obj (.text:__TI_auto_init_nobinit_nopinit)
                  00001b28    00000038     LaunchPad.o (.text.ActivatePortA_B)
                  00001b60    00000038     SPI.o (.text.SPI_OutData)
                  00001b98    00000034     Clock.o (.text.Clock_Delay1ms)
                  00001bcc    00000034     ST7735.o (.text.ST7735_SetCursor)
                  00001c00    00000034     ST7735.o (.text.ST7735_write)
                  00001c34    00000034     libc.a : fopen.c.obj (.text.__TI_cleanup)
                  00001c68    00000034     libsysbm.a : trgmsg.c.obj (.text.__TI_readmsg)
                  00001c9c    00000034                : trgmsg.c.obj (.text.__TI_writemsg)
                  00001cd0    00000034     libc.a : exit.c.obj (.text.exit)
                  00001d04    00000034            : getdevice.c.obj (.text.finddevice)
                  00001d38    00000034            : fopen.c.obj (.text.freopen)
                  00001d6c    00000030     ST7735.o (.text.commonInit)
                  00001d9c    00000030     libc.a : fopen.c.obj (.text.fopen)
                  00001dcc    0000002c     ST7735.o (.text.ST7735_FillScreen)
                  00001df8    0000002c     libsysbm.a : unlink.c.obj (.text.unlink)
                  00001e24    00000028     libc.a : memory.c.obj (.text.free_list_insert)
                  00001e4c    00000028     libsysbm.a : write.c.obj (.text.write)
                  00001e74    00000028     libc.a : boot_cortex_m.c.obj (.text:_c_int00_noargs)
                  00001e9c    00000020     Clock.o (.text.SysTick_Init)
                  00001ebc    0000001e     ST7735.o (.text.pushColor)
                  00001eda    00000002     Sound.o (.text.SysTick_Handler)
                  00001edc    0000001c     startup_mspm0g3507_ticlang.o (.text.Default_Handler)
                  00001ef8    0000001c     startup_mspm0g3507_ticlang.o (.text.HardFault_Handler)
                  00001f14    0000001c     libc.a : memory.c.obj (.text.free_list_remove)
                  00001f30    00000018     Switch.o (.text.Switch_Init)
                  00001f48    00000018     UART1.o (.text.UART1_OutChar)
                  00001f60    00000016     ST7735.o (.text.ST7735_open)
                  00001f76    00000016     ST7735.o (.text.ST7735_read)
                  00001f8c    00000016     libc.a : copy_zero_init.c.obj (.text:decompress:ZI:__TI_zero_init_nomemset)
                  00001fa2    00000002     libclang_rt.builtins.a : aeabi_div0.c.obj (.text.__aeabi_idiv0)
                  00001fa4    00000014     FIFO1.o (.text.Fifo1_Init)
                  00001fb8    00000012     libc.a : memcpy16.S.obj (.text:TI_memcpy_small)
                  00001fca    00000012            : copy_decompress_none.c.obj (.text:decompress:none)
                  00001fdc    00000010     Clock.o (.text.Clock_Delay)
                  00001fec    00000010     LaunchPad.o (.text.Delay)
                  00001ffc    0000000e     libc.a : memory.c.obj (.text.OUTLINED_FUNCTION_0)
                  0000200a    0000000e     ST7735.o (.text.ST7735_lseek)
                  00002018    0000000e     libsysbm.a : hostrename.c.obj (.text.strcpy)
                  00002026    0000000e                : hostrename.c.obj (.text.strlen)
                  00002034    0000000e     libc.a : memset16.S.obj (.text:TI_memset_small)
                  00002042    00000002            : _lock.c.obj (.text._nop)
                  00002044    0000000c     Clock.o (.text.Clock_Freq)
                  00002050    0000000c     ST7735.o (.text.ST7735_rename)
                  0000205c    0000000c     libclang_rt.builtins.a : aeabi_memset.S.obj (.text.__aeabi_memclr)
                  00002068    0000000c     libc.a : memory.c.obj (.text.malloc)
                  00002074    0000000a     Lab9Main.o (.text.PLL_Init)
                  0000207e    0000000a     ST7735.o (.text.ST7735_close)
                  00002088    0000000a     ST7735.o (.text.ST7735_unlink)
                  00002092    0000000a     Lab9Main.o (.text.TIMG12_IRQHandler)
                  0000209c    00000008     libclang_rt.builtins.a : aeabi_memcpy.S.obj (.text.__aeabi_memcpy)
                  000020a4    00000008     libsysbm.a : remove.c.obj (.text.remove)
                  000020ac    00000006     libc.a : exit.c.obj (.text:abort)
                  000020b2    00000004     libsysbm.a : hostexit.c.obj (.text.HOSTexit)
                  000020b6    00000004     startup_mspm0g3507_ticlang.o (.text.Reset_Handler)
                  000020ba    00000004     libc.a : pre_init.c.obj (.text._system_pre_init)
                  000020be    00000002     --HOLE-- [fill = 0]

.cinit     0    00002668    00000098     
                  00002668    00000071     (.cinit..data.load) [load image, compression = lzss]
                  000026d9    00000003     --HOLE-- [fill = 0]
                  000026dc    0000000c     (__TI_handler_table)
                  000026e8    00000008     (.cinit..bss.load) [load image, compression = zero_init]
                  000026f0    00000010     (__TI_cinit_table)

.rodata    0    000020c0    000005a8     
                  000020c0    000004fb     ST7735.o (.rodata.Font)
                  000025bb    0000003b     ST7735.o (.rodata.Rcmd1)
                  000025f6    0000002b     ST7735.o (.rodata.Rcmd3)
                  00002621    00000016     ST7735.o (.rodata.str1.2132471336006292093.1)
                  00002637    0000000d     ST7735.o (.rodata.Rcmd2green)
                  00002644    0000000d     ST7735.o (.rodata.Rcmd2red)
                  00002651    00000008     ST7735.o (.rodata.str1.14694424544768695619.1)
                  00002659    00000007     ST7735.o (.rodata.str1.1448485181700679404.1)
                  00002660    00000002     ST7735.o (.rodata.str1.4408429423603725162.1)
                  00002662    00000006     --HOLE-- [fill = 0]

.init_array 
*          0    00000000    00000000     UNINITIALIZED

.binit     0    00000000    00000000     

.sysmem    0    20200000    00000200     UNINITIALIZED
                  20200000    00000010     libc.a : memory.c.obj (.sysmem)
                  20200010    000001f0     --HOLE--

.data      0    20200200    000001f5     UNINITIALIZED
                  20200200    000000f0     libc.a : defs.c.obj (.data._ftable)
                  202002f0    00000078     libsysbm.a : host_device.c.obj (.data._device)
                  20200368    00000050                : host_device.c.obj (.data._stream)
                  202003b8    00000008     libc.a : exit.c.obj (.data..L_MergedGlobals)
                  202003c0    00000004     Clock.o (.data.BusFreq)
                  202003c4    00000004     ST7735.o (.data.StX)
                  202003c8    00000004     ST7735.o (.data.StY)
                  202003cc    00000004     libc.a : defs.c.obj (.data.__TI_ft_end)
                  202003d0    00000004            : _lock.c.obj (.data._lock)
                  202003d4    00000004            : _lock.c.obj (.data._unlock)
                  202003d8    00000004     FIFO1.o (.data.findex)
                  202003dc    00000004     FIFO1.o (.data.fsize)
                  202003e0    00000004     UART2.o (.data.sentData)
                  202003e4    00000002     ST7735.o (.data.StTextColor)
                  202003e6    00000002     ST7735.o (.data._height)
                  202003e8    00000002     ST7735.o (.data._width)
                  202003ea    00000002     --HOLE--
                  202003ec    00000001     libsysbm.a : add_device.c.obj (.data.add_device.device_init)
                  202003ed    00000003     --HOLE--
                  202003f0    00000001     libc.a : memory.c.obj (.data.memory_is_initialized)
                  202003f1    00000003     --HOLE--
                  202003f4    00000001     libsysbm.a : open.c.obj (.data.open.stream_init)

.bss       0    202003f8    000001d8     UNINITIALIZED
                  202003f8    00000120     libsysbm.a : trgmsg.c.obj (.bss:_CIOBUF_)
                  20200518    000000a0     libc.a : defs.c.obj (.bss.__TI_tmpnams)
                  202005b8    00000008     libsysbm.a : hostopen.c.obj (.bss.parmbuf)
                  202005c0    00000004     libc.a : memory.c.obj (.bss.sys_free)
                  202005c4    00000004     (.common:TExaSLogic)
                  202005c8    00000004     (.common:TExaSadc)
                  202005cc    00000001     ST7735.o (.bss.ColStart)
                  202005cd    00000001     ST7735.o (.bss.RowStart)
                  202005ce    00000001     ST7735.o (.bss.TabColor)
                  202005cf    00000001     (.common:fifo)

.stack     0    20207e00    00000200     UNINITIALIZED
                  20207e00    00000004     libc.a : boot_cortex_m.c.obj (.stack)
                  20207e04    000001fc     --HOLE--

__llvm_prf_cnts 
*          0    20200000    00000000     UNINITIALIZED

__llvm_prf_bits 
*          0    20200000    00000000     UNINITIALIZED

MODULE SUMMARY

       Module                         code   ro data   rw data
       ------                         ----   -------   -------
    ./
       ST7735.o                       1966   1442      17     
       Clock.o                        548    0         4      
       SPI.o                          440    0         0      
       UART2.o                        300    0         4      
       FIFO1.o                        196    0         9      
       Lab9Main.o                     204    0         0      
       LaunchPad.o                    196    0         0      
       UART1.o                        152    0         0      
       Timer.o                        148    0         0      
       ADC1.o                         120    0         0      
       TExaS.o                        64     0         8      
       Switch.o                       24     0         0      
       Sound.o                        4      0         0      
       LED.o                          2      0         0      
    +--+------------------------------+------+---------+---------+
       Total:                         4364   1442      42     
                                                              
    ./ticlang/
       startup_mspm0g3507_ticlang.o   60     192       0      
    +--+------------------------------+------+---------+---------+
       Total:                         60     192       0      
                                                              
    /home/hailin/ti/ccs2040/ccs/tools/compiler/ti-cgt-armllvm_4.0.4.LTS/lib/armv6m-ti-none-eabi/c/libc.a
       memory.c.obj                   702    0         5      
       fopen.c.obj                    556    0         0      
       defs.c.obj                     0      0         404    
       setvbuf.c.obj                  224    0         0      
       getdevice.c.obj                160    0         0      
       strcmp-armv6m.S.obj            136    0         0      
       copy_decompress_lzss.c.obj     124    0         0      
       fclose.c.obj                   124    0         0      
       fflush.c.obj                   82     0         0      
       exit.c.obj                     58     0         8      
       autoinit.c.obj                 60     0         0      
       boot_cortex_m.c.obj            40     0         0      
       copy_zero_init.c.obj           22     0         0      
       copy_decompress_none.c.obj     18     0         0      
       memcpy16.S.obj                 18     0         0      
       memset16.S.obj                 14     0         0      
       _lock.c.obj                    2      0         8      
       pre_init.c.obj                 4      0         0      
    +--+------------------------------+------+---------+---------+
       Total:                         2344   0         425    
                                                              
    /home/hailin/ti/ccs2040/ccs/tools/compiler/ti-cgt-armllvm_4.0.4.LTS/lib/armv6m-ti-none-eabi/c/libsysbm.a
       trgmsg.c.obj                   104    0         288    
       add_device.c.obj               236    0         1      
       host_device.c.obj              0      0         200    
       open.c.obj                     160    0         1      
       hostrename.c.obj               136    0         0      
       hostlseek.c.obj                108    0         0      
       hostopen.c.obj                 96     0         8      
       hostread.c.obj                 88     0         0      
       hostwrite.c.obj                88     0         0      
       close.c.obj                    80     0         0      
       hostclose.c.obj                72     0         0      
       hostunlink.c.obj               72     0         0      
       unlink.c.obj                   44     0         0      
       write.c.obj                    40     0         0      
       remove.c.obj                   8      0         0      
       hostexit.c.obj                 4      0         0      
    +--+------------------------------+------+---------+---------+
       Total:                         1336   0         498    
                                                              
    /home/hailin/ti/ccs2040/ccs/tools/compiler/ti-cgt-armllvm_4.0.4.LTS/lib/armv6m-ti-none-eabi/libclang_rt.builtins.a
       aeabi_uidivmod.S.obj           64     0         0      
       aeabi_memset.S.obj             12     0         0      
       aeabi_memcpy.S.obj             8      0         0      
       aeabi_div0.c.obj               2      0         0      
    +--+------------------------------+------+---------+---------+
       Total:                         86     0         0      
                                                              
       Heap:                          0      0         512    
       Stack:                         0      0         512    
       Linker Generated:              0      149       0      
    +--+------------------------------+------+---------+---------+
       Grand Total:                   8190   1783      1989   


LINKER GENERATED COPY TABLES

__TI_cinit_table @ 000026f0 records: 2, size/record: 8, table size: 16
	.data: load addr=00002668, load size=00000071 bytes, run addr=20200200, run size=000001f5 bytes, compression=lzss
	.bss: load addr=000026e8, load size=00000008 bytes, run addr=202003f8, run size=000001d8 bytes, compression=zero_init


LINKER GENERATED HANDLER TABLE

__TI_handler_table @ 000026dc records: 3, size/record: 4, table size: 12
	index: 0, handler: __TI_decompress_lzss
	index: 1, handler: __TI_decompress_none
	index: 2, handler: __TI_zero_init


GLOBAL SYMBOLS: SORTED ALPHABETICALLY BY Name 

address   name                          
-------   ----                          
00001edd  ADC0_IRQHandler               
00001edd  ADC1_IRQHandler               
00001431  ADCinit                       
00001edd  AES_IRQHandler                
00001b29  ActivatePortA_B               
202003c0  BusFreq                       
000020b2  C$$EXIT                       
00001cc9  C$$IO$$                       
00001edd  CANFD0_IRQHandler             
00001fdd  Clock_Delay                   
00001b99  Clock_Delay1ms                
00002045  Clock_Freq                    
000000c1  Clock_Init80MHz               
00001edd  DAC0_IRQHandler               
00001edd  DMA_IRQHandler                
00001edd  Default_Handler               
00001fed  Delay                         
00001711  Fifo1_Get                     
00001fa5  Fifo1_Init                    
00001769  Fifo1_Put                     
00001edd  GROUP0_IRQHandler             
00001edd  GROUP1_IRQHandler             
00001915  HOSTclose                     
000020b3  HOSTexit                      
000014a9  HOSTlseek                     
00001651  HOSTopen                      
000017c1  HOSTread                      
00001515  HOSTrename                    
0000195d  HOSTunlink                    
00001819  HOSTwrite                     
00001ef9  HardFault_Handler             
00001edd  I2C0_IRQHandler               
00001edd  I2C1_IRQHandler               
00000e37  LED_Init                      
000012bd  LaunchPad_Init                
00001edd  NMI_Handler                   
00002075  PLL_Init                      
00001edd  PendSV_Handler                
00001edd  RTC_IRQHandler                
000020b7  Reset_Handler                 
00001edd  SPI0_IRQHandler               
00001edd  SPI1_IRQHandler               
0000079d  SPI_Init                      
000019a5  SPI_OutCommand                
00001b61  SPI_OutData                   
000019ed  SPI_Reset                     
00000275  ST7735_DrawChar               
000011b9  ST7735_DrawString             
00000571  ST7735_FillRect               
00001dcd  ST7735_FillScreen             
00000ed9  ST7735_InitPrintf             
00000f75  ST7735_InitR                  
00000b49  ST7735_OutChar                
00001bcd  ST7735_SetCursor              
0000207f  ST7735_close                  
0000200b  ST7735_lseek                  
00001f61  ST7735_open                   
00001f77  ST7735_read                   
00002051  ST7735_rename                 
00002089  ST7735_unlink                 
00001c01  ST7735_write                  
00001edd  SVC_Handler                   
000018c3  Sound_Init                    
202003e4  StTextColor                   
202003c4  StX                           
202003c8  StY                           
00001f31  Switch_Init                   
00001edb  SysTick_Handler               
00001e9d  SysTick_Init                  
202005c4  TExaSLogic                    
202005c8  TExaSadc                      
00001edd  TIMA0_IRQHandler              
00001edd  TIMA1_IRQHandler              
00001edd  TIMG0_IRQHandler              
00002093  TIMG12_IRQHandler             
00001edd  TIMG6_IRQHandler              
00001a2d  TIMG7_IRQHandler              
00001edd  TIMG8_IRQHandler              
00001fb9  TI_memcpy_small               
00002035  TI_memset_small               
0000100d  TimerG12_IntArm               
00001edd  UART0_IRQHandler              
00001edd  UART1_IRQHandler              
0000123d  UART1_Init                    
00001f49  UART1_OutChar                 
000016b1  UART2_IRQHandler              
00001129  UART2_InChar                  
00000c19  UART2_Init                    
00001edd  UART3_IRQHandler              
202003f8  _CIOBUF_                      
202003f8  __CIOBUF_                     
20208000  __STACK_END                   
00000200  __STACK_SIZE                  
00000200  __SYSMEM_SIZE                 
00000000  __TI_ATRegion0_region_sz      
00000000  __TI_ATRegion0_src_addr       
00000000  __TI_ATRegion0_trg_addr       
00000000  __TI_ATRegion1_region_sz      
00000000  __TI_ATRegion1_src_addr       
00000000  __TI_ATRegion1_trg_addr       
00000000  __TI_ATRegion2_region_sz      
00000000  __TI_ATRegion2_src_addr       
00000000  __TI_ATRegion2_trg_addr       
000026f0  __TI_CINIT_Base               
00002700  __TI_CINIT_Limit              
00002700  __TI_CINIT_Warm               
000026dc  __TI_Handler_Table_Base       
000026e8  __TI_Handler_Table_Limit      
00001aed  __TI_auto_init_nobinit_nopinit
00001c35  __TI_cleanup                  
202003b8  __TI_cleanup_ptr              
00001339  __TI_closefile                
000013b5  __TI_decompress_lzss          
00001fcb  __TI_decompress_none          
00001871  __TI_doflush                  
202003bc  __TI_dtors_ptr                
202003cc  __TI_ft_end                   
ffffffff  __TI_pprof_out_hndl           
ffffffff  __TI_prof_data_size           
ffffffff  __TI_prof_data_start          
00001c69  __TI_readmsg                  
00000000  __TI_static_base__            
20200518  __TI_tmpnams                  
00001c9d  __TI_writemsg                 
00001f8d  __TI_zero_init_nomemset       
00001fa3  __aeabi_idiv0                 
0000205d  __aeabi_memclr                
0000205d  __aeabi_memclr4               
0000205d  __aeabi_memclr8               
0000209d  __aeabi_memcpy                
0000209d  __aeabi_memcpy4               
0000209d  __aeabi_memcpy8               
00001a6d  __aeabi_uidiv                 
00001a6d  __aeabi_uidivmod              
ffffffff  __binit__                     
UNDEFED   __mpu_init                    
20207e00  __stack                       
20200000  __start___llvm_prf_bits       
20200000  __start___llvm_prf_cnts       
20200000  __stop___llvm_prf_bits        
20200000  __stop___llvm_prf_cnts        
00001e75  _c_int00_noargs               
202002f0  _device                       
20200200  _ftable                       
202003d0  _lock                         
00002043  _nop                          
20200368  _stream                       
20200000  _sys_memory                   
UNDEFED   _system_post_cinit            
000020bb  _system_pre_init              
202003d4  _unlock                       
000020ad  abort                         
00000895  add_device                    
00000689  aligned_alloc                 
ffffffff  binit                         
000018c5  close                         
00001cd1  exit                          
202005cf  fifo                          
00001d05  finddevice                    
202003d8  findex                        
00001d9d  fopen                         
00000981  free                          
00001d39  freopen                       
202003dc  fsize                         
00001581  getdevice                     
00000000  interruptVectors              
00000cdd  main                          
00002069  malloc                        
00000689  memalign                      
00000e39  open                          
202005b8  parmbuf                       
000020a5  remove                        
00000a69  setvbuf                       
00001131  strcmp                        
00001df9  unlink                        
00001e4d  write                         


GLOBAL SYMBOLS: SORTED BY Symbol Address 

address   name                          
-------   ----                          
00000000  __TI_ATRegion0_region_sz      
00000000  __TI_ATRegion0_src_addr       
00000000  __TI_ATRegion0_trg_addr       
00000000  __TI_ATRegion1_region_sz      
00000000  __TI_ATRegion1_src_addr       
00000000  __TI_ATRegion1_trg_addr       
00000000  __TI_ATRegion2_region_sz      
00000000  __TI_ATRegion2_src_addr       
00000000  __TI_ATRegion2_trg_addr       
00000000  __TI_static_base__            
00000000  interruptVectors              
000000c1  Clock_Init80MHz               
00000200  __STACK_SIZE                  
00000200  __SYSMEM_SIZE                 
00000275  ST7735_DrawChar               
00000571  ST7735_FillRect               
00000689  aligned_alloc                 
00000689  memalign                      
0000079d  SPI_Init                      
00000895  add_device                    
00000981  free                          
00000a69  setvbuf                       
00000b49  ST7735_OutChar                
00000c19  UART2_Init                    
00000cdd  main                          
00000e37  LED_Init                      
00000e39  open                          
00000ed9  ST7735_InitPrintf             
00000f75  ST7735_InitR                  
0000100d  TimerG12_IntArm               
00001129  UART2_InChar                  
00001131  strcmp                        
000011b9  ST7735_DrawString             
0000123d  UART1_Init                    
000012bd  LaunchPad_Init                
00001339  __TI_closefile                
000013b5  __TI_decompress_lzss          
00001431  ADCinit                       
000014a9  HOSTlseek                     
00001515  HOSTrename                    
00001581  getdevice                     
00001651  HOSTopen                      
000016b1  UART2_IRQHandler              
00001711  Fifo1_Get                     
00001769  Fifo1_Put                     
000017c1  HOSTread                      
00001819  HOSTwrite                     
00001871  __TI_doflush                  
000018c3  Sound_Init                    
000018c5  close                         
00001915  HOSTclose                     
0000195d  HOSTunlink                    
000019a5  SPI_OutCommand                
000019ed  SPI_Reset                     
00001a2d  TIMG7_IRQHandler              
00001a6d  __aeabi_uidiv                 
00001a6d  __aeabi_uidivmod              
00001aed  __TI_auto_init_nobinit_nopinit
00001b29  ActivatePortA_B               
00001b61  SPI_OutData                   
00001b99  Clock_Delay1ms                
00001bcd  ST7735_SetCursor              
00001c01  ST7735_write                  
00001c35  __TI_cleanup                  
00001c69  __TI_readmsg                  
00001c9d  __TI_writemsg                 
00001cc9  C$$IO$$                       
00001cd1  exit                          
00001d05  finddevice                    
00001d39  freopen                       
00001d9d  fopen                         
00001dcd  ST7735_FillScreen             
00001df9  unlink                        
00001e4d  write                         
00001e75  _c_int00_noargs               
00001e9d  SysTick_Init                  
00001edb  SysTick_Handler               
00001edd  ADC0_IRQHandler               
00001edd  ADC1_IRQHandler               
00001edd  AES_IRQHandler                
00001edd  CANFD0_IRQHandler             
00001edd  DAC0_IRQHandler               
00001edd  DMA_IRQHandler                
00001edd  Default_Handler               
00001edd  GROUP0_IRQHandler             
00001edd  GROUP1_IRQHandler             
00001edd  I2C0_IRQHandler               
00001edd  I2C1_IRQHandler               
00001edd  NMI_Handler                   
00001edd  PendSV_Handler                
00001edd  RTC_IRQHandler                
00001edd  SPI0_IRQHandler               
00001edd  SPI1_IRQHandler               
00001edd  SVC_Handler                   
00001edd  TIMA0_IRQHandler              
00001edd  TIMA1_IRQHandler              
00001edd  TIMG0_IRQHandler              
00001edd  TIMG6_IRQHandler              
00001edd  TIMG8_IRQHandler              
00001edd  UART0_IRQHandler              
00001edd  UART1_IRQHandler              
00001edd  UART3_IRQHandler              
00001ef9  HardFault_Handler             
00001f31  Switch_Init                   
00001f49  UART1_OutChar                 
00001f61  ST7735_open                   
00001f77  ST7735_read                   
00001f8d  __TI_zero_init_nomemset       
00001fa3  __aeabi_idiv0                 
00001fa5  Fifo1_Init                    
00001fb9  TI_memcpy_small               
00001fcb  __TI_decompress_none          
00001fdd  Clock_Delay                   
00001fed  Delay                         
0000200b  ST7735_lseek                  
00002035  TI_memset_small               
00002043  _nop                          
00002045  Clock_Freq                    
00002051  ST7735_rename                 
0000205d  __aeabi_memclr                
0000205d  __aeabi_memclr4               
0000205d  __aeabi_memclr8               
00002069  malloc                        
00002075  PLL_Init                      
0000207f  ST7735_close                  
00002089  ST7735_unlink                 
00002093  TIMG12_IRQHandler             
0000209d  __aeabi_memcpy                
0000209d  __aeabi_memcpy4               
0000209d  __aeabi_memcpy8               
000020a5  remove                        
000020ad  abort                         
000020b2  C$$EXIT                       
000020b3  HOSTexit                      
000020b7  Reset_Handler                 
000020bb  _system_pre_init              
000026dc  __TI_Handler_Table_Base       
000026e8  __TI_Handler_Table_Limit      
000026f0  __TI_CINIT_Base               
00002700  __TI_CINIT_Limit              
00002700  __TI_CINIT_Warm               
20200000  __start___llvm_prf_bits       
20200000  __start___llvm_prf_cnts       
20200000  __stop___llvm_prf_bits        
20200000  __stop___llvm_prf_cnts        
20200000  _sys_memory                   
20200200  _ftable                       
202002f0  _device                       
20200368  _stream                       
202003b8  __TI_cleanup_ptr              
202003bc  __TI_dtors_ptr                
202003c0  BusFreq                       
202003c4  StX                           
202003c8  StY                           
202003cc  __TI_ft_end                   
202003d0  _lock                         
202003d4  _unlock                       
202003d8  findex                        
202003dc  fsize                         
202003e4  StTextColor                   
202003f8  _CIOBUF_                      
202003f8  __CIOBUF_                     
20200518  __TI_tmpnams                  
202005b8  parmbuf                       
202005c4  TExaSLogic                    
202005c8  TExaSadc                      
202005cf  fifo                          
20207e00  __stack                       
20208000  __STACK_END                   
ffffffff  __TI_pprof_out_hndl           
ffffffff  __TI_prof_data_size           
ffffffff  __TI_prof_data_start          
ffffffff  __binit__                     
ffffffff  binit                         
UNDEFED   __mpu_init                    
UNDEFED   _system_post_cinit            

[176 symbols]
