<?xml version="1.0" encoding="ISO-8859-1" ?>
<link_info>
   <banner>TI ARM Clang Linker Unix v4.0.4.LTS</banner>
   <copyright>Copyright (c) 1996-2018 Texas Instruments Incorporated</copyright>
   <command_line>/home/hailin/ti/ccs2040/ccs/tools/compiler/ti-cgt-armllvm_4.0.4.LTS/bin/tiarmlnk -I/home/hailin/ti/ccs2040/ccs/tools/compiler/ti-cgt-armllvm_4.0.4.LTS/lib -o ECE319K_Lab4.out -mECE319K_Lab4.map --heap_size=512 --stack_size=512 -i/home/hailin/chenh/Hailin_stuff/tech_applications/319k/MSPM0_ValvanoWare/ECE319K_Lab4/Debug/syscfg -i/home/hailin/ti/ccs2040/ccs/tools/compiler/ti-cgt-armllvm_4.0.4.LTS/lib --diag_wrap=off --display_error_number --warn_sections --xml_link_info=ECE319K_Lab4_linkInfo.xml --rom_model ./Clock.o ./Dump.o ./ECE319K_Lab4Grader.o ./ECE319K_Lab4main.o ./FIFO.o ./LaunchPad.o ./Timer.o ./UART.o ./UARTints.o ./ticlang/startup_mspm0g3507_ticlang.o ../mspm0g3507.cmd -l/home/hailin/ti/mspm0_sdk_2_09_00_01/source/ti/driverlib/lib/ticlang/m0p/mspm0g1x0x_g3x0x/driverlib.a -llibc.a --start-group -llibc++.a -llibc++abi.a -llibc.a -llibsys.a -llibsysbm.a -llibclang_rt.builtins.a -llibclang_rt.profile.a --end-group --cg_opt_level=0</command_line>
   <link_time>0x69e2de3c</link_time>
   <link_errors>0x0</link_errors>
   <output_file>/home/hailin/chenh/Hailin_stuff/tech_applications/319k/MSPM0_ValvanoWare/ECE319K_Lab4/Debug/ECE319K_Lab4.out</output_file>
   <entry_point>
      <name>_c_int00_noargs</name>
      <address>0x16b5</address>
   </entry_point>
   <input_file_list>
      <input_file id="fl-1">
         <path>/home/hailin/chenh/Hailin_stuff/tech_applications/319k/MSPM0_ValvanoWare/ECE319K_Lab4/Debug/./</path>
         <kind>object</kind>
         <file>Clock.o</file>
         <name>Clock.o</name>
      </input_file>
      <input_file id="fl-2">
         <path>/home/hailin/chenh/Hailin_stuff/tech_applications/319k/MSPM0_ValvanoWare/ECE319K_Lab4/Debug/./</path>
         <kind>object</kind>
         <file>Dump.o</file>
         <name>Dump.o</name>
      </input_file>
      <input_file id="fl-3">
         <path>/home/hailin/chenh/Hailin_stuff/tech_applications/319k/MSPM0_ValvanoWare/ECE319K_Lab4/Debug/./</path>
         <kind>object</kind>
         <file>ECE319K_Lab4Grader.o</file>
         <name>ECE319K_Lab4Grader.o</name>
      </input_file>
      <input_file id="fl-4">
         <path>/home/hailin/chenh/Hailin_stuff/tech_applications/319k/MSPM0_ValvanoWare/ECE319K_Lab4/Debug/./</path>
         <kind>object</kind>
         <file>ECE319K_Lab4main.o</file>
         <name>ECE319K_Lab4main.o</name>
      </input_file>
      <input_file id="fl-5">
         <path>/home/hailin/chenh/Hailin_stuff/tech_applications/319k/MSPM0_ValvanoWare/ECE319K_Lab4/Debug/./</path>
         <kind>object</kind>
         <file>FIFO.o</file>
         <name>FIFO.o</name>
      </input_file>
      <input_file id="fl-6">
         <path>/home/hailin/chenh/Hailin_stuff/tech_applications/319k/MSPM0_ValvanoWare/ECE319K_Lab4/Debug/./</path>
         <kind>object</kind>
         <file>LaunchPad.o</file>
         <name>LaunchPad.o</name>
      </input_file>
      <input_file id="fl-7">
         <path>/home/hailin/chenh/Hailin_stuff/tech_applications/319k/MSPM0_ValvanoWare/ECE319K_Lab4/Debug/./</path>
         <kind>object</kind>
         <file>Timer.o</file>
         <name>Timer.o</name>
      </input_file>
      <input_file id="fl-8">
         <path>/home/hailin/chenh/Hailin_stuff/tech_applications/319k/MSPM0_ValvanoWare/ECE319K_Lab4/Debug/./</path>
         <kind>object</kind>
         <file>UART.o</file>
         <name>UART.o</name>
      </input_file>
      <input_file id="fl-9">
         <path>/home/hailin/chenh/Hailin_stuff/tech_applications/319k/MSPM0_ValvanoWare/ECE319K_Lab4/Debug/./</path>
         <kind>object</kind>
         <file>UARTints.o</file>
         <name>UARTints.o</name>
      </input_file>
      <input_file id="fl-a">
         <path>/home/hailin/chenh/Hailin_stuff/tech_applications/319k/MSPM0_ValvanoWare/ECE319K_Lab4/Debug/./ticlang/</path>
         <kind>object</kind>
         <file>startup_mspm0g3507_ticlang.o</file>
         <name>startup_mspm0g3507_ticlang.o</name>
      </input_file>
      <input_file id="fl-16">
         <path>/home/hailin/chenh/Hailin_stuff/tech_applications/319k/MSPM0_ValvanoWare/ECE319K_Lab4/Debug/</path>
         <kind>object</kind>
         <file>&lt;internal&gt;</file>
         <name>&lt;internal&gt;</name>
      </input_file>
      <input_file id="fl-2d">
         <path>/home/hailin/ti/ccs2040/ccs/tools/compiler/ti-cgt-armllvm_4.0.4.LTS/lib/armv6m-ti-none-eabi/c/</path>
         <kind>archive</kind>
         <file>libc.a</file>
         <name>fopen.c.obj</name>
      </input_file>
      <input_file id="fl-2e">
         <path>/home/hailin/ti/ccs2040/ccs/tools/compiler/ti-cgt-armllvm_4.0.4.LTS/lib/armv6m-ti-none-eabi/c/</path>
         <kind>archive</kind>
         <file>libc.a</file>
         <name>setvbuf.c.obj</name>
      </input_file>
      <input_file id="fl-2f">
         <path>/home/hailin/ti/ccs2040/ccs/tools/compiler/ti-cgt-armllvm_4.0.4.LTS/lib/armv6m-ti-none-eabi/c/</path>
         <kind>archive</kind>
         <file>libc.a</file>
         <name>strcmp-armv6m.S.obj</name>
      </input_file>
      <input_file id="fl-30">
         <path>/home/hailin/ti/ccs2040/ccs/tools/compiler/ti-cgt-armllvm_4.0.4.LTS/lib/armv6m-ti-none-eabi/c/</path>
         <kind>archive</kind>
         <file>libc.a</file>
         <name>aeabi_portable.c.obj</name>
      </input_file>
      <input_file id="fl-31">
         <path>/home/hailin/ti/ccs2040/ccs/tools/compiler/ti-cgt-armllvm_4.0.4.LTS/lib/armv6m-ti-none-eabi/c/</path>
         <kind>archive</kind>
         <file>libc.a</file>
         <name>exit.c.obj</name>
      </input_file>
      <input_file id="fl-32">
         <path>/home/hailin/ti/ccs2040/ccs/tools/compiler/ti-cgt-armllvm_4.0.4.LTS/lib/armv6m-ti-none-eabi/c/</path>
         <kind>archive</kind>
         <file>libc.a</file>
         <name>_lock.c.obj</name>
      </input_file>
      <input_file id="fl-33">
         <path>/home/hailin/ti/ccs2040/ccs/tools/compiler/ti-cgt-armllvm_4.0.4.LTS/lib/armv6m-ti-none-eabi/c/</path>
         <kind>archive</kind>
         <file>libc.a</file>
         <name>assert.c.obj</name>
      </input_file>
      <input_file id="fl-34">
         <path>/home/hailin/ti/ccs2040/ccs/tools/compiler/ti-cgt-armllvm_4.0.4.LTS/lib/armv6m-ti-none-eabi/c/</path>
         <kind>archive</kind>
         <file>libc.a</file>
         <name>defs.c.obj</name>
      </input_file>
      <input_file id="fl-35">
         <path>/home/hailin/ti/ccs2040/ccs/tools/compiler/ti-cgt-armllvm_4.0.4.LTS/lib/armv6m-ti-none-eabi/c/</path>
         <kind>archive</kind>
         <file>libc.a</file>
         <name>memory.c.obj</name>
      </input_file>
      <input_file id="fl-36">
         <path>/home/hailin/ti/ccs2040/ccs/tools/compiler/ti-cgt-armllvm_4.0.4.LTS/lib/armv6m-ti-none-eabi/c/</path>
         <kind>archive</kind>
         <file>libc.a</file>
         <name>copy_zero_init.c.obj</name>
      </input_file>
      <input_file id="fl-37">
         <path>/home/hailin/ti/ccs2040/ccs/tools/compiler/ti-cgt-armllvm_4.0.4.LTS/lib/armv6m-ti-none-eabi/c/</path>
         <kind>archive</kind>
         <file>libc.a</file>
         <name>copy_decompress_none.c.obj</name>
      </input_file>
      <input_file id="fl-38">
         <path>/home/hailin/ti/ccs2040/ccs/tools/compiler/ti-cgt-armllvm_4.0.4.LTS/lib/armv6m-ti-none-eabi/c/</path>
         <kind>archive</kind>
         <file>libc.a</file>
         <name>copy_decompress_lzss.c.obj</name>
      </input_file>
      <input_file id="fl-39">
         <path>/home/hailin/ti/ccs2040/ccs/tools/compiler/ti-cgt-armllvm_4.0.4.LTS/lib/armv6m-ti-none-eabi/c/</path>
         <kind>archive</kind>
         <file>libc.a</file>
         <name>boot_cortex_m.c.obj</name>
      </input_file>
      <input_file id="fl-3a">
         <path>/home/hailin/ti/ccs2040/ccs/tools/compiler/ti-cgt-armllvm_4.0.4.LTS/lib/armv6m-ti-none-eabi/c/</path>
         <kind>archive</kind>
         <file>libc.a</file>
         <name>mathacl_init.c.obj</name>
      </input_file>
      <input_file id="fl-3b">
         <path>/home/hailin/ti/ccs2040/ccs/tools/compiler/ti-cgt-armllvm_4.0.4.LTS/lib/armv6m-ti-none-eabi/c/</path>
         <kind>archive</kind>
         <file>libc.a</file>
         <name>sprintf.c.obj</name>
      </input_file>
      <input_file id="fl-3c">
         <path>/home/hailin/ti/ccs2040/ccs/tools/compiler/ti-cgt-armllvm_4.0.4.LTS/lib/armv6m-ti-none-eabi/c/</path>
         <kind>archive</kind>
         <file>libc.a</file>
         <name>fclose.c.obj</name>
      </input_file>
      <input_file id="fl-3d">
         <path>/home/hailin/ti/ccs2040/ccs/tools/compiler/ti-cgt-armllvm_4.0.4.LTS/lib/armv6m-ti-none-eabi/c/</path>
         <kind>archive</kind>
         <file>libc.a</file>
         <name>fflush.c.obj</name>
      </input_file>
      <input_file id="fl-3e">
         <path>/home/hailin/ti/ccs2040/ccs/tools/compiler/ti-cgt-armllvm_4.0.4.LTS/lib/armv6m-ti-none-eabi/c/</path>
         <kind>archive</kind>
         <file>libc.a</file>
         <name>fputs.c.obj</name>
      </input_file>
      <input_file id="fl-3f">
         <path>/home/hailin/ti/ccs2040/ccs/tools/compiler/ti-cgt-armllvm_4.0.4.LTS/lib/armv6m-ti-none-eabi/c/</path>
         <kind>archive</kind>
         <file>libc.a</file>
         <name>_io_perm.c.obj</name>
      </input_file>
      <input_file id="fl-40">
         <path>/home/hailin/ti/ccs2040/ccs/tools/compiler/ti-cgt-armllvm_4.0.4.LTS/lib/armv6m-ti-none-eabi/c/</path>
         <kind>archive</kind>
         <file>libc.a</file>
         <name>args_main.c.obj</name>
      </input_file>
      <input_file id="fl-41">
         <path>/home/hailin/ti/ccs2040/ccs/tools/compiler/ti-cgt-armllvm_4.0.4.LTS/lib/armv6m-ti-none-eabi/c/</path>
         <kind>archive</kind>
         <file>libc.a</file>
         <name>autoinit.c.obj</name>
      </input_file>
      <input_file id="fl-42">
         <path>/home/hailin/ti/ccs2040/ccs/tools/compiler/ti-cgt-armllvm_4.0.4.LTS/lib/armv6m-ti-none-eabi/c/</path>
         <kind>archive</kind>
         <file>libc.a</file>
         <name>pre_init.c.obj</name>
      </input_file>
      <input_file id="fl-43">
         <path>/home/hailin/ti/ccs2040/ccs/tools/compiler/ti-cgt-armllvm_4.0.4.LTS/lib/armv6m-ti-none-eabi/c/</path>
         <kind>archive</kind>
         <file>libc.a</file>
         <name>cpy_tbl.c.obj</name>
      </input_file>
      <input_file id="fl-44">
         <path>/home/hailin/ti/ccs2040/ccs/tools/compiler/ti-cgt-armllvm_4.0.4.LTS/lib/armv6m-ti-none-eabi/c/</path>
         <kind>archive</kind>
         <file>libc.a</file>
         <name>_printfi.c.obj</name>
      </input_file>
      <input_file id="fl-45">
         <path>/home/hailin/ti/ccs2040/ccs/tools/compiler/ti-cgt-armllvm_4.0.4.LTS/lib/armv6m-ti-none-eabi/c/</path>
         <kind>archive</kind>
         <file>libc.a</file>
         <name>fseek.c.obj</name>
      </input_file>
      <input_file id="fl-46">
         <path>/home/hailin/ti/ccs2040/ccs/tools/compiler/ti-cgt-armllvm_4.0.4.LTS/lib/armv6m-ti-none-eabi/c/</path>
         <kind>archive</kind>
         <file>libc.a</file>
         <name>s_frexp.c.obj</name>
      </input_file>
      <input_file id="fl-47">
         <path>/home/hailin/ti/ccs2040/ccs/tools/compiler/ti-cgt-armllvm_4.0.4.LTS/lib/armv6m-ti-none-eabi/c/</path>
         <kind>archive</kind>
         <file>libc.a</file>
         <name>s_scalbn.c.obj</name>
      </input_file>
      <input_file id="fl-48">
         <path>/home/hailin/ti/ccs2040/ccs/tools/compiler/ti-cgt-armllvm_4.0.4.LTS/lib/armv6m-ti-none-eabi/c/</path>
         <kind>archive</kind>
         <file>libc.a</file>
         <name>wcslen.c.obj</name>
      </input_file>
      <input_file id="fl-49">
         <path>/home/hailin/ti/ccs2040/ccs/tools/compiler/ti-cgt-armllvm_4.0.4.LTS/lib/armv6m-ti-none-eabi/c/</path>
         <kind>archive</kind>
         <file>libc.a</file>
         <name>_ltoa.c.obj</name>
      </input_file>
      <input_file id="fl-4a">
         <path>/home/hailin/ti/ccs2040/ccs/tools/compiler/ti-cgt-armllvm_4.0.4.LTS/lib/armv6m-ti-none-eabi/c/</path>
         <kind>archive</kind>
         <file>libc.a</file>
         <name>atoi.c.obj</name>
      </input_file>
      <input_file id="fl-4b">
         <path>/home/hailin/ti/ccs2040/ccs/tools/compiler/ti-cgt-armllvm_4.0.4.LTS/lib/armv6m-ti-none-eabi/c/</path>
         <kind>archive</kind>
         <file>libc.a</file>
         <name>memccpy.c.obj</name>
      </input_file>
      <input_file id="fl-4c">
         <path>/home/hailin/ti/ccs2040/ccs/tools/compiler/ti-cgt-armllvm_4.0.4.LTS/lib/armv6m-ti-none-eabi/c/</path>
         <kind>archive</kind>
         <file>libc.a</file>
         <name>aeabi_ctype.S.obj</name>
      </input_file>
      <input_file id="fl-ec">
         <path>/home/hailin/ti/ccs2040/ccs/tools/compiler/ti-cgt-armllvm_4.0.4.LTS/lib/armv6m-ti-none-eabi/c/</path>
         <kind>archive</kind>
         <file>libsysbm.a</file>
         <name>hostexit.c.obj</name>
      </input_file>
      <input_file id="fl-ed">
         <path>/home/hailin/ti/ccs2040/ccs/tools/compiler/ti-cgt-armllvm_4.0.4.LTS/lib/armv6m-ti-none-eabi/c/</path>
         <kind>archive</kind>
         <file>libsysbm.a</file>
         <name>write.c.obj</name>
      </input_file>
      <input_file id="fl-ee">
         <path>/home/hailin/ti/ccs2040/ccs/tools/compiler/ti-cgt-armllvm_4.0.4.LTS/lib/armv6m-ti-none-eabi/c/</path>
         <kind>archive</kind>
         <file>libsysbm.a</file>
         <name>host_device.c.obj</name>
      </input_file>
      <input_file id="fl-ef">
         <path>/home/hailin/ti/ccs2040/ccs/tools/compiler/ti-cgt-armllvm_4.0.4.LTS/lib/armv6m-ti-none-eabi/c/</path>
         <kind>archive</kind>
         <file>libsysbm.a</file>
         <name>remove.c.obj</name>
      </input_file>
      <input_file id="fl-f0">
         <path>/home/hailin/ti/ccs2040/ccs/tools/compiler/ti-cgt-armllvm_4.0.4.LTS/lib/armv6m-ti-none-eabi/c/</path>
         <kind>archive</kind>
         <file>libsysbm.a</file>
         <name>open.c.obj</name>
      </input_file>
      <input_file id="fl-f1">
         <path>/home/hailin/ti/ccs2040/ccs/tools/compiler/ti-cgt-armllvm_4.0.4.LTS/lib/armv6m-ti-none-eabi/c/</path>
         <kind>archive</kind>
         <file>libsysbm.a</file>
         <name>lseek.c.obj</name>
      </input_file>
      <input_file id="fl-f2">
         <path>/home/hailin/ti/ccs2040/ccs/tools/compiler/ti-cgt-armllvm_4.0.4.LTS/lib/armv6m-ti-none-eabi/c/</path>
         <kind>archive</kind>
         <file>libsysbm.a</file>
         <name>close.c.obj</name>
      </input_file>
      <input_file id="fl-f3">
         <path>/home/hailin/ti/ccs2040/ccs/tools/compiler/ti-cgt-armllvm_4.0.4.LTS/lib/armv6m-ti-none-eabi/c/</path>
         <kind>archive</kind>
         <file>libsysbm.a</file>
         <name>add_device.c.obj</name>
      </input_file>
      <input_file id="fl-f4">
         <path>/home/hailin/ti/ccs2040/ccs/tools/compiler/ti-cgt-armllvm_4.0.4.LTS/lib/armv6m-ti-none-eabi/c/</path>
         <kind>archive</kind>
         <file>libsysbm.a</file>
         <name>unlink.c.obj</name>
      </input_file>
      <input_file id="fl-f5">
         <path>/home/hailin/ti/ccs2040/ccs/tools/compiler/ti-cgt-armllvm_4.0.4.LTS/lib/armv6m-ti-none-eabi/c/</path>
         <kind>archive</kind>
         <file>libsysbm.a</file>
         <name>hostclose.c.obj</name>
      </input_file>
      <input_file id="fl-f6">
         <path>/home/hailin/ti/ccs2040/ccs/tools/compiler/ti-cgt-armllvm_4.0.4.LTS/lib/armv6m-ti-none-eabi/c/</path>
         <kind>archive</kind>
         <file>libsysbm.a</file>
         <name>hostlseek.c.obj</name>
      </input_file>
      <input_file id="fl-f7">
         <path>/home/hailin/ti/ccs2040/ccs/tools/compiler/ti-cgt-armllvm_4.0.4.LTS/lib/armv6m-ti-none-eabi/c/</path>
         <kind>archive</kind>
         <file>libsysbm.a</file>
         <name>hostopen.c.obj</name>
      </input_file>
      <input_file id="fl-f8">
         <path>/home/hailin/ti/ccs2040/ccs/tools/compiler/ti-cgt-armllvm_4.0.4.LTS/lib/armv6m-ti-none-eabi/c/</path>
         <kind>archive</kind>
         <file>libsysbm.a</file>
         <name>hostread.c.obj</name>
      </input_file>
      <input_file id="fl-f9">
         <path>/home/hailin/ti/ccs2040/ccs/tools/compiler/ti-cgt-armllvm_4.0.4.LTS/lib/armv6m-ti-none-eabi/c/</path>
         <kind>archive</kind>
         <file>libsysbm.a</file>
         <name>hostrename.c.obj</name>
      </input_file>
      <input_file id="fl-fa">
         <path>/home/hailin/ti/ccs2040/ccs/tools/compiler/ti-cgt-armllvm_4.0.4.LTS/lib/armv6m-ti-none-eabi/c/</path>
         <kind>archive</kind>
         <file>libsysbm.a</file>
         <name>hostunlink.c.obj</name>
      </input_file>
      <input_file id="fl-fb">
         <path>/home/hailin/ti/ccs2040/ccs/tools/compiler/ti-cgt-armllvm_4.0.4.LTS/lib/armv6m-ti-none-eabi/c/</path>
         <kind>archive</kind>
         <file>libsysbm.a</file>
         <name>hostwrite.c.obj</name>
      </input_file>
      <input_file id="fl-fc">
         <path>/home/hailin/ti/ccs2040/ccs/tools/compiler/ti-cgt-armllvm_4.0.4.LTS/lib/armv6m-ti-none-eabi/c/</path>
         <kind>archive</kind>
         <file>libsysbm.a</file>
         <name>trgmsg.c.obj</name>
      </input_file>
      <input_file id="fl-fd">
         <path>/home/hailin/ti/ccs2040/ccs/tools/compiler/ti-cgt-armllvm_4.0.4.LTS/lib/armv6m-ti-none-eabi/</path>
         <kind>archive</kind>
         <file>libclang_rt.builtins.a</file>
         <name>adddf3.S.obj</name>
      </input_file>
      <input_file id="fl-fe">
         <path>/home/hailin/ti/ccs2040/ccs/tools/compiler/ti-cgt-armllvm_4.0.4.LTS/lib/armv6m-ti-none-eabi/</path>
         <kind>archive</kind>
         <file>libclang_rt.builtins.a</file>
         <name>muldf3.S.obj</name>
      </input_file>
      <input_file id="fl-ff">
         <path>/home/hailin/ti/ccs2040/ccs/tools/compiler/ti-cgt-armllvm_4.0.4.LTS/lib/armv6m-ti-none-eabi/</path>
         <kind>archive</kind>
         <file>libclang_rt.builtins.a</file>
         <name>muldsi3.S.obj</name>
      </input_file>
      <input_file id="fl-100">
         <path>/home/hailin/ti/ccs2040/ccs/tools/compiler/ti-cgt-armllvm_4.0.4.LTS/lib/armv6m-ti-none-eabi/</path>
         <kind>archive</kind>
         <file>libclang_rt.builtins.a</file>
         <name>divdf3.S.obj</name>
      </input_file>
      <input_file id="fl-101">
         <path>/home/hailin/ti/ccs2040/ccs/tools/compiler/ti-cgt-armllvm_4.0.4.LTS/lib/armv6m-ti-none-eabi/</path>
         <kind>archive</kind>
         <file>libclang_rt.builtins.a</file>
         <name>fixdfsi.S.obj</name>
      </input_file>
      <input_file id="fl-102">
         <path>/home/hailin/ti/ccs2040/ccs/tools/compiler/ti-cgt-armllvm_4.0.4.LTS/lib/armv6m-ti-none-eabi/</path>
         <kind>archive</kind>
         <file>libclang_rt.builtins.a</file>
         <name>floatsidf.S.obj</name>
      </input_file>
      <input_file id="fl-103">
         <path>/home/hailin/ti/ccs2040/ccs/tools/compiler/ti-cgt-armllvm_4.0.4.LTS/lib/armv6m-ti-none-eabi/</path>
         <kind>archive</kind>
         <file>libclang_rt.builtins.a</file>
         <name>muldi3.S.obj</name>
      </input_file>
      <input_file id="fl-104">
         <path>/home/hailin/ti/ccs2040/ccs/tools/compiler/ti-cgt-armllvm_4.0.4.LTS/lib/armv6m-ti-none-eabi/</path>
         <kind>archive</kind>
         <file>libclang_rt.builtins.a</file>
         <name>aeabi_dcmp.S.obj</name>
      </input_file>
      <input_file id="fl-105">
         <path>/home/hailin/ti/ccs2040/ccs/tools/compiler/ti-cgt-armllvm_4.0.4.LTS/lib/armv6m-ti-none-eabi/</path>
         <kind>archive</kind>
         <file>libclang_rt.builtins.a</file>
         <name>aeabi_idivmod.S.obj</name>
      </input_file>
      <input_file id="fl-106">
         <path>/home/hailin/ti/ccs2040/ccs/tools/compiler/ti-cgt-armllvm_4.0.4.LTS/lib/armv6m-ti-none-eabi/</path>
         <kind>archive</kind>
         <file>libclang_rt.builtins.a</file>
         <name>aeabi_memcpy.S.obj</name>
      </input_file>
      <input_file id="fl-107">
         <path>/home/hailin/ti/ccs2040/ccs/tools/compiler/ti-cgt-armllvm_4.0.4.LTS/lib/armv6m-ti-none-eabi/</path>
         <kind>archive</kind>
         <file>libclang_rt.builtins.a</file>
         <name>aeabi_memset.S.obj</name>
      </input_file>
      <input_file id="fl-108">
         <path>/home/hailin/ti/ccs2040/ccs/tools/compiler/ti-cgt-armllvm_4.0.4.LTS/lib/armv6m-ti-none-eabi/</path>
         <kind>archive</kind>
         <file>libclang_rt.builtins.a</file>
         <name>aeabi_uidivmod.S.obj</name>
      </input_file>
      <input_file id="fl-109">
         <path>/home/hailin/ti/ccs2040/ccs/tools/compiler/ti-cgt-armllvm_4.0.4.LTS/lib/armv6m-ti-none-eabi/</path>
         <kind>archive</kind>
         <file>libclang_rt.builtins.a</file>
         <name>aeabi_uldivmod.S.obj</name>
      </input_file>
      <input_file id="fl-10a">
         <path>/home/hailin/ti/ccs2040/ccs/tools/compiler/ti-cgt-armllvm_4.0.4.LTS/lib/armv6m-ti-none-eabi/</path>
         <kind>archive</kind>
         <file>libclang_rt.builtins.a</file>
         <name>udivmoddi4.S.obj</name>
      </input_file>
      <input_file id="fl-10b">
         <path>/home/hailin/ti/ccs2040/ccs/tools/compiler/ti-cgt-armllvm_4.0.4.LTS/lib/armv6m-ti-none-eabi/</path>
         <kind>archive</kind>
         <file>libclang_rt.builtins.a</file>
         <name>ashldi3.S.obj</name>
      </input_file>
      <input_file id="fl-10c">
         <path>/home/hailin/ti/ccs2040/ccs/tools/compiler/ti-cgt-armllvm_4.0.4.LTS/lib/armv6m-ti-none-eabi/</path>
         <kind>archive</kind>
         <file>libclang_rt.builtins.a</file>
         <name>comparedf2.c.obj</name>
      </input_file>
      <input_file id="fl-10d">
         <path>/home/hailin/ti/ccs2040/ccs/tools/compiler/ti-cgt-armllvm_4.0.4.LTS/lib/armv6m-ti-none-eabi/</path>
         <kind>archive</kind>
         <file>libclang_rt.builtins.a</file>
         <name>aeabi_div0.c.obj</name>
      </input_file>
      <input_file id="fl-10e">
         <path>/home/hailin/ti/ccs2040/ccs/tools/compiler/ti-cgt-armllvm_4.0.4.LTS/lib/armv6m-ti-none-eabi/c/</path>
         <kind>archive</kind>
         <file>libc.a</file>
         <name>getdevice.c.obj</name>
      </input_file>
      <input_file id="fl-10f">
         <path>/home/hailin/ti/ccs2040/ccs/tools/compiler/ti-cgt-armllvm_4.0.4.LTS/lib/armv6m-ti-none-eabi/c/</path>
         <kind>archive</kind>
         <file>libc.a</file>
         <name>memcpy16.S.obj</name>
      </input_file>
      <input_file id="fl-110">
         <path>/home/hailin/ti/ccs2040/ccs/tools/compiler/ti-cgt-armllvm_4.0.4.LTS/lib/armv6m-ti-none-eabi/c/</path>
         <kind>archive</kind>
         <file>libc.a</file>
         <name>memset16.S.obj</name>
      </input_file>
   </input_file_list>
   <object_component_list>
      <object_component id="oc-18">
         <name>.intvecs</name>
         <load_address>0x0</load_address>
         <readonly>true</readonly>
         <run_address>0x0</run_address>
         <size>0xc0</size>
         <alignment>0x4</alignment>
         <input_file_ref idref="fl-a"/>
      </object_component>
      <object_component id="oc-41">
         <name>.text.TIMG7_IRQHandler</name>
         <load_address>0xc0</load_address>
         <readonly>true</readonly>
         <executable>true</executable>
         <run_address>0xc0</run_address>
         <size>0x31c</size>
         <alignment>0x4</alignment>
         <input_file_ref idref="fl-3"/>
      </object_component>
      <object_component id="oc-11d">
         <name>.text.CheckInitialization</name>
         <load_address>0x3dc</load_address>
         <readonly>true</readonly>
         <executable>true</executable>
         <run_address>0x3dc</run_address>
         <size>0x298</size>
         <alignment>0x4</alignment>
         <input_file_ref idref="fl-3"/>
      </object_component>
      <object_component id="oc-e3">
         <name>.text.Lab4Grader</name>
         <load_address>0x674</load_address>
         <readonly>true</readonly>
         <executable>true</executable>
         <run_address>0x674</run_address>
         <size>0x218</size>
         <alignment>0x4</alignment>
         <input_file_ref idref="fl-3"/>
      </object_component>
      <object_component id="oc-e4">
         <name>.text.tmain</name>
         <load_address>0x88c</load_address>
         <readonly>true</readonly>
         <executable>true</executable>
         <run_address>0x88c</run_address>
         <size>0x1d0</size>
         <alignment>0x4</alignment>
         <input_file_ref idref="fl-4"/>
      </object_component>
      <object_component id="oc-d5">
         <name>.text.Clock_Init80MHz</name>
         <load_address>0xa5c</load_address>
         <readonly>true</readonly>
         <executable>true</executable>
         <run_address>0xa5c</run_address>
         <size>0x1b4</size>
         <alignment>0x4</alignment>
         <input_file_ref idref="fl-1"/>
      </object_component>
      <object_component id="oc-116">
         <name>.text.UART_Init</name>
         <load_address>0xc10</load_address>
         <readonly>true</readonly>
         <executable>true</executable>
         <run_address>0xc10</run_address>
         <size>0x130</size>
         <alignment>0x4</alignment>
         <input_file_ref idref="fl-9"/>
      </object_component>
      <object_component id="oc-11e">
         <name>.text.TimerG7_IntArm</name>
         <load_address>0xd40</load_address>
         <readonly>true</readonly>
         <executable>true</executable>
         <run_address>0xd40</run_address>
         <size>0xa8</size>
         <alignment>0x4</alignment>
         <input_file_ref idref="fl-7"/>
      </object_component>
      <object_component id="oc-e1">
         <name>.text.Traffic_Init</name>
         <load_address>0xde8</load_address>
         <readonly>true</readonly>
         <executable>true</executable>
         <run_address>0xde8</run_address>
         <size>0x8c</size>
         <alignment>0x4</alignment>
         <input_file_ref idref="fl-4"/>
      </object_component>
      <object_component id="oc-157">
         <name>.text.Clock_Freq</name>
         <load_address>0xe74</load_address>
         <readonly>true</readonly>
         <executable>true</executable>
         <run_address>0xe74</run_address>
         <size>0xc</size>
         <alignment>0x4</alignment>
         <input_file_ref idref="fl-1"/>
      </object_component>
      <object_component id="oc-117">
         <name>.text:strcmp</name>
         <load_address>0xe80</load_address>
         <readonly>true</readonly>
         <executable>true</executable>
         <run_address>0xe80</run_address>
         <size>0x88</size>
         <alignment>0x10</alignment>
         <input_file_ref idref="fl-2f"/>
      </object_component>
      <object_component id="oc-da">
         <name>.text.LaunchPad_Init</name>
         <load_address>0xf08</load_address>
         <readonly>true</readonly>
         <executable>true</executable>
         <run_address>0xf08</run_address>
         <size>0x7c</size>
         <alignment>0x4</alignment>
         <input_file_ref idref="fl-6"/>
      </object_component>
      <object_component id="oc-80">
         <name>.text.ReadSensor</name>
         <load_address>0xf84</load_address>
         <readonly>true</readonly>
         <executable>true</executable>
         <run_address>0xf84</run_address>
         <size>0x7c</size>
         <alignment>0x4</alignment>
         <input_file_ref idref="fl-3"/>
      </object_component>
      <object_component id="oc-1c">
         <name>.text:decompress:lzss</name>
         <load_address>0x1000</load_address>
         <readonly>true</readonly>
         <executable>true</executable>
         <run_address>0x1000</run_address>
         <size>0x7c</size>
         <alignment>0x4</alignment>
         <input_file_ref idref="fl-38"/>
      </object_component>
      <object_component id="oc-131">
         <name>.text.Debug_Dump2</name>
         <load_address>0x107c</load_address>
         <readonly>true</readonly>
         <executable>true</executable>
         <run_address>0x107c</run_address>
         <size>0x64</size>
         <alignment>0x4</alignment>
         <input_file_ref idref="fl-2"/>
      </object_component>
      <object_component id="oc-84">
         <name>.text.GetState</name>
         <load_address>0x10e0</load_address>
         <readonly>true</readonly>
         <executable>true</executable>
         <run_address>0x10e0</run_address>
         <size>0x64</size>
         <alignment>0x4</alignment>
         <input_file_ref idref="fl-3"/>
      </object_component>
      <object_component id="oc-81">
         <name>.text.ReadSouth</name>
         <load_address>0x1144</load_address>
         <readonly>true</readonly>
         <executable>true</executable>
         <run_address>0x1144</run_address>
         <size>0x5c</size>
         <alignment>0x4</alignment>
         <input_file_ref idref="fl-3"/>
      </object_component>
      <object_component id="oc-3c">
         <name>.text.UART0_IRQHandler</name>
         <load_address>0x11a0</load_address>
         <readonly>true</readonly>
         <executable>true</executable>
         <run_address>0x11a0</run_address>
         <size>0x5c</size>
         <alignment>0x4</alignment>
         <input_file_ref idref="fl-9"/>
      </object_component>
      <object_component id="oc-70">
         <name>.text.copyHardwareToSoftware</name>
         <load_address>0x11fc</load_address>
         <readonly>true</readonly>
         <executable>true</executable>
         <run_address>0x11fc</run_address>
         <size>0x58</size>
         <alignment>0x4</alignment>
         <input_file_ref idref="fl-9"/>
      </object_component>
      <object_component id="oc-136">
         <name>.text.__aeabi_idivmod</name>
         <load_address>0x1254</load_address>
         <readonly>true</readonly>
         <executable>true</executable>
         <run_address>0x1254</run_address>
         <size>0x56</size>
         <alignment>0x4</alignment>
         <input_file_ref idref="fl-105"/>
      </object_component>
      <object_component id="oc-103">
         <name>.text.__aeabi_idiv0</name>
         <load_address>0x12aa</load_address>
         <readonly>true</readonly>
         <executable>true</executable>
         <run_address>0x12aa</run_address>
         <size>0x2</size>
         <alignment>0x2</alignment>
         <input_file_ref idref="fl-10d"/>
      </object_component>
      <object_component id="oc-163">
         <name>.text.Debug_Dump</name>
         <load_address>0x12ac</load_address>
         <readonly>true</readonly>
         <executable>true</executable>
         <run_address>0x12ac</run_address>
         <size>0x50</size>
         <alignment>0x4</alignment>
         <input_file_ref idref="fl-2"/>
      </object_component>
      <object_component id="oc-82">
         <name>.text.ReadWest</name>
         <load_address>0x12fc</load_address>
         <readonly>true</readonly>
         <executable>true</executable>
         <run_address>0x12fc</run_address>
         <size>0x4c</size>
         <alignment>0x4</alignment>
         <input_file_ref idref="fl-3"/>
      </object_component>
      <object_component id="oc-b9">
         <name>.text.RxFifo_Put</name>
         <load_address>0x1348</load_address>
         <readonly>true</readonly>
         <executable>true</executable>
         <run_address>0x1348</run_address>
         <size>0x4c</size>
         <alignment>0x4</alignment>
         <input_file_ref idref="fl-5"/>
      </object_component>
      <object_component id="oc-ba">
         <name>.text.TxFifo_Get</name>
         <load_address>0x1394</load_address>
         <readonly>true</readonly>
         <executable>true</executable>
         <run_address>0x1394</run_address>
         <size>0x4c</size>
         <alignment>0x4</alignment>
         <input_file_ref idref="fl-5"/>
      </object_component>
      <object_component id="oc-102">
         <name>.text.TxFifo_Put</name>
         <load_address>0x13e0</load_address>
         <readonly>true</readonly>
         <executable>true</executable>
         <run_address>0x13e0</run_address>
         <size>0x4c</size>
         <alignment>0x4</alignment>
         <input_file_ref idref="fl-5"/>
      </object_component>
      <object_component id="oc-71">
         <name>.text.copySoftwareToHardware</name>
         <load_address>0x142c</load_address>
         <readonly>true</readonly>
         <executable>true</executable>
         <run_address>0x142c</run_address>
         <size>0x4c</size>
         <alignment>0x4</alignment>
         <input_file_ref idref="fl-9"/>
      </object_component>
      <object_component id="oc-ad">
         <name>.text.main</name>
         <load_address>0x1478</load_address>
         <readonly>true</readonly>
         <executable>true</executable>
         <run_address>0x1478</run_address>
         <size>0x4c</size>
         <alignment>0x4</alignment>
         <input_file_ref idref="fl-4"/>
      </object_component>
      <object_component id="oc-130">
         <name>.text.Traffic_Out</name>
         <load_address>0x14c4</load_address>
         <readonly>true</readonly>
         <executable>true</executable>
         <run_address>0x14c4</run_address>
         <size>0x40</size>
         <alignment>0x4</alignment>
         <input_file_ref idref="fl-4"/>
      </object_component>
      <object_component id="oc-bf">
         <name>.text.UART_OutChar</name>
         <load_address>0x1504</load_address>
         <readonly>true</readonly>
         <executable>true</executable>
         <run_address>0x1504</run_address>
         <size>0x40</size>
         <alignment>0x4</alignment>
         <input_file_ref idref="fl-9"/>
      </object_component>
      <object_component id="oc-c2">
         <name>.text.__aeabi_uidivmod</name>
         <load_address>0x1544</load_address>
         <readonly>true</readonly>
         <executable>true</executable>
         <run_address>0x1544</run_address>
         <size>0x40</size>
         <alignment>0x4</alignment>
         <input_file_ref idref="fl-108"/>
      </object_component>
      <object_component id="oc-ec">
         <name>.text:__TI_auto_init_nobinit_nopinit</name>
         <load_address>0x1584</load_address>
         <readonly>true</readonly>
         <executable>true</executable>
         <run_address>0x1584</run_address>
         <size>0x3c</size>
         <alignment>0x4</alignment>
         <input_file_ref idref="fl-41"/>
      </object_component>
      <object_component id="oc-113">
         <name>.text.ActivatePortA_B</name>
         <load_address>0x15c0</load_address>
         <readonly>true</readonly>
         <executable>true</executable>
         <run_address>0x15c0</run_address>
         <size>0x38</size>
         <alignment>0x4</alignment>
         <input_file_ref idref="fl-6"/>
      </object_component>
      <object_component id="oc-7e">
         <name>.text.UART_OutUDec</name>
         <load_address>0x15f8</load_address>
         <readonly>true</readonly>
         <executable>true</executable>
         <run_address>0x15f8</run_address>
         <size>0x36</size>
         <alignment>0x2</alignment>
         <input_file_ref idref="fl-8"/>
      </object_component>
      <object_component id="oc-11b">
         <name>.text.setUpper</name>
         <load_address>0x162e</load_address>
         <readonly>true</readonly>
         <executable>true</executable>
         <run_address>0x162e</run_address>
         <size>0x34</size>
         <alignment>0x2</alignment>
         <input_file_ref idref="fl-3"/>
      </object_component>
      <object_component id="oc-df">
         <name>.text.Grader_Init</name>
         <load_address>0x1664</load_address>
         <readonly>true</readonly>
         <executable>true</executable>
         <run_address>0x1664</run_address>
         <size>0x28</size>
         <alignment>0x4</alignment>
         <input_file_ref idref="fl-3"/>
      </object_component>
      <object_component id="oc-83">
         <name>.text.ReadWalk</name>
         <load_address>0x168c</load_address>
         <readonly>true</readonly>
         <executable>true</executable>
         <run_address>0x168c</run_address>
         <size>0x28</size>
         <alignment>0x4</alignment>
         <input_file_ref idref="fl-3"/>
      </object_component>
      <object_component id="oc-61">
         <name>.text:_c_int00_noargs</name>
         <load_address>0x16b4</load_address>
         <readonly>true</readonly>
         <executable>true</executable>
         <run_address>0x16b4</run_address>
         <size>0x28</size>
         <alignment>0x4</alignment>
         <input_file_ref idref="fl-39"/>
      </object_component>
      <object_component id="oc-79">
         <name>.text.UART_OutString</name>
         <load_address>0x16dc</load_address>
         <readonly>true</readonly>
         <executable>true</executable>
         <run_address>0x16dc</run_address>
         <size>0x26</size>
         <alignment>0x2</alignment>
         <input_file_ref idref="fl-8"/>
      </object_component>
      <object_component id="oc-13a">
         <name>.text.Traffic_In</name>
         <load_address>0x1704</load_address>
         <readonly>true</readonly>
         <executable>true</executable>
         <run_address>0x1704</run_address>
         <size>0x24</size>
         <alignment>0x4</alignment>
         <input_file_ref idref="fl-4"/>
      </object_component>
      <object_component id="oc-11c">
         <name>.text.Random32</name>
         <load_address>0x1728</load_address>
         <readonly>true</readonly>
         <executable>true</executable>
         <run_address>0x1728</run_address>
         <size>0x20</size>
         <alignment>0x4</alignment>
         <input_file_ref idref="fl-3"/>
      </object_component>
      <object_component id="oc-37">
         <name>.text.SysTick_Handler</name>
         <load_address>0x1748</load_address>
         <readonly>true</readonly>
         <executable>true</executable>
         <run_address>0x1748</run_address>
         <size>0x20</size>
         <alignment>0x4</alignment>
         <input_file_ref idref="fl-4"/>
      </object_component>
      <object_component id="oc-e2">
         <name>.text.SysTick_Init</name>
         <load_address>0x1768</load_address>
         <readonly>true</readonly>
         <executable>true</executable>
         <run_address>0x1768</run_address>
         <size>0x20</size>
         <alignment>0x4</alignment>
         <input_file_ref idref="fl-1"/>
      </object_component>
      <object_component id="oc-35">
         <name>.text.Default_Handler</name>
         <load_address>0x1788</load_address>
         <readonly>true</readonly>
         <executable>true</executable>
         <run_address>0x1788</run_address>
         <size>0x1c</size>
         <alignment>0x4</alignment>
         <input_file_ref idref="fl-a"/>
      </object_component>
      <object_component id="oc-36">
         <name>.text.HardFault_Handler</name>
         <load_address>0x17a4</load_address>
         <readonly>true</readonly>
         <executable>true</executable>
         <run_address>0x17a4</run_address>
         <size>0x1c</size>
         <alignment>0x4</alignment>
         <input_file_ref idref="fl-a"/>
      </object_component>
      <object_component id="oc-b8">
         <name>.text.RxFifo_Size</name>
         <load_address>0x17c0</load_address>
         <readonly>true</readonly>
         <executable>true</executable>
         <run_address>0x17c0</run_address>
         <size>0x18</size>
         <alignment>0x4</alignment>
         <input_file_ref idref="fl-5"/>
      </object_component>
      <object_component id="oc-72">
         <name>.text.TxFifo_Size</name>
         <load_address>0x17d8</load_address>
         <readonly>true</readonly>
         <executable>true</executable>
         <run_address>0x17d8</run_address>
         <size>0x18</size>
         <alignment>0x4</alignment>
         <input_file_ref idref="fl-5"/>
      </object_component>
      <object_component id="oc-58">
         <name>.text:decompress:ZI:__TI_zero_init_nomemset</name>
         <load_address>0x17f0</load_address>
         <readonly>true</readonly>
         <executable>true</executable>
         <run_address>0x17f0</run_address>
         <size>0x16</size>
         <alignment>0x2</alignment>
         <input_file_ref idref="fl-36"/>
      </object_component>
      <object_component id="oc-156">
         <name>.text.RxFifo_Init</name>
         <load_address>0x1808</load_address>
         <readonly>true</readonly>
         <executable>true</executable>
         <run_address>0x1808</run_address>
         <size>0x14</size>
         <alignment>0x4</alignment>
         <input_file_ref idref="fl-5"/>
      </object_component>
      <object_component id="oc-155">
         <name>.text.TxFifo_Init</name>
         <load_address>0x181c</load_address>
         <readonly>true</readonly>
         <executable>true</executable>
         <run_address>0x181c</run_address>
         <size>0x14</size>
         <alignment>0x4</alignment>
         <input_file_ref idref="fl-5"/>
      </object_component>
      <object_component id="oc-cb">
         <name>.text:TI_memcpy_small</name>
         <load_address>0x1830</load_address>
         <readonly>true</readonly>
         <executable>true</executable>
         <run_address>0x1830</run_address>
         <size>0x12</size>
         <alignment>0x1</alignment>
         <input_file_ref idref="fl-10f"/>
      </object_component>
      <object_component id="oc-20">
         <name>.text:decompress:none</name>
         <load_address>0x1842</load_address>
         <readonly>true</readonly>
         <executable>true</executable>
         <run_address>0x1842</run_address>
         <size>0x12</size>
         <alignment>0x2</alignment>
         <input_file_ref idref="fl-37"/>
      </object_component>
      <object_component id="oc-154">
         <name>.text.Clock_Delay</name>
         <load_address>0x1854</load_address>
         <readonly>true</readonly>
         <executable>true</executable>
         <run_address>0x1854</run_address>
         <size>0x10</size>
         <alignment>0x2</alignment>
         <input_file_ref idref="fl-1"/>
      </object_component>
      <object_component id="oc-153">
         <name>.text.Delay</name>
         <load_address>0x1864</load_address>
         <readonly>true</readonly>
         <executable>true</executable>
         <run_address>0x1864</run_address>
         <size>0x10</size>
         <alignment>0x2</alignment>
         <input_file_ref idref="fl-6"/>
      </object_component>
      <object_component id="oc-7f">
         <name>.text.OutCRLF</name>
         <load_address>0x1874</load_address>
         <readonly>true</readonly>
         <executable>true</executable>
         <run_address>0x1874</run_address>
         <size>0x10</size>
         <alignment>0x2</alignment>
         <input_file_ref idref="fl-3"/>
      </object_component>
      <object_component id="oc-e0">
         <name>.text.LaunchPad_LED1off</name>
         <load_address>0x1884</load_address>
         <readonly>true</readonly>
         <executable>true</executable>
         <run_address>0x1884</run_address>
         <size>0xc</size>
         <alignment>0x4</alignment>
         <input_file_ref idref="fl-6"/>
      </object_component>
      <object_component id="oc-51">
         <name>.text.__aeabi_memcpy</name>
         <load_address>0x1890</load_address>
         <readonly>true</readonly>
         <executable>true</executable>
         <run_address>0x1890</run_address>
         <size>0x8</size>
         <alignment>0x4</alignment>
         <input_file_ref idref="fl-106"/>
      </object_component>
      <object_component id="oc-e5">
         <name>.text:abort</name>
         <load_address>0x1898</load_address>
         <readonly>true</readonly>
         <executable>true</executable>
         <run_address>0x1898</run_address>
         <size>0x6</size>
         <alignment>0x2</alignment>
         <input_file_ref idref="fl-31"/>
      </object_component>
      <object_component id="oc-13f">
         <name>.text.HOSTexit</name>
         <load_address>0x189e</load_address>
         <readonly>true</readonly>
         <executable>true</executable>
         <run_address>0x189e</run_address>
         <size>0x4</size>
         <alignment>0x2</alignment>
         <input_file_ref idref="fl-ec"/>
      </object_component>
      <object_component id="oc-31">
         <name>.text.Reset_Handler</name>
         <load_address>0x18a2</load_address>
         <readonly>true</readonly>
         <executable>true</executable>
         <run_address>0x18a2</run_address>
         <size>0x4</size>
         <alignment>0x2</alignment>
         <input_file_ref idref="fl-a"/>
      </object_component>
      <object_component id="oc-a9">
         <name>.text._system_pre_init</name>
         <load_address>0x18a6</load_address>
         <readonly>true</readonly>
         <executable>true</executable>
         <run_address>0x18a6</run_address>
         <size>0x4</size>
         <alignment>0x2</alignment>
         <input_file_ref idref="fl-42"/>
      </object_component>
      <object_component id="oc-1b6">
         <name>.cinit..data.load</name>
         <load_address>0x1fd0</load_address>
         <readonly>true</readonly>
         <run_address>0x1fd0</run_address>
         <size>0x13</size>
         <alignment>0x1</alignment>
      </object_component>
      <object_component id="oc-1b4">
         <name>__TI_handler_table</name>
         <load_address>0x1fe4</load_address>
         <readonly>true</readonly>
         <run_address>0x1fe4</run_address>
         <size>0xc</size>
         <alignment>0x4</alignment>
      </object_component>
      <object_component id="oc-1b7">
         <name>.cinit..bss.load</name>
         <load_address>0x1ff0</load_address>
         <readonly>true</readonly>
         <run_address>0x1ff0</run_address>
         <size>0x8</size>
         <alignment>0x4</alignment>
      </object_component>
      <object_component id="oc-1b5">
         <name>__TI_cinit_table</name>
         <load_address>0x1ff8</load_address>
         <readonly>true</readonly>
         <run_address>0x1ff8</run_address>
         <size>0x10</size>
         <alignment>0x4</alignment>
      </object_component>
      <object_component id="oc-12b">
         <name>.rodata.SensorProblem</name>
         <load_address>0x18b0</load_address>
         <readonly>true</readonly>
         <run_address>0x18b0</run_address>
         <size>0x140</size>
         <alignment>0x1</alignment>
         <input_file_ref idref="fl-3"/>
      </object_component>
      <object_component id="oc-129">
         <name>.rodata.SouthProblem</name>
         <load_address>0x19f0</load_address>
         <readonly>true</readonly>
         <run_address>0x19f0</run_address>
         <size>0xf0</size>
         <alignment>0x1</alignment>
         <input_file_ref idref="fl-3"/>
      </object_component>
      <object_component id="oc-12c">
         <name>.rodata.PatternProblem</name>
         <load_address>0x1ae0</load_address>
         <readonly>true</readonly>
         <run_address>0x1ae0</run_address>
         <size>0xc8</size>
         <alignment>0x1</alignment>
         <input_file_ref idref="fl-3"/>
      </object_component>
      <object_component id="oc-94">
         <name>.rodata.pat</name>
         <load_address>0x1ba8</load_address>
         <readonly>true</readonly>
         <run_address>0x1ba8</run_address>
         <size>0xc4</size>
         <alignment>0x4</alignment>
         <input_file_ref idref="fl-3"/>
      </object_component>
      <object_component id="oc-12a">
         <name>.rodata.WestProblem</name>
         <load_address>0x1c6c</load_address>
         <readonly>true</readonly>
         <run_address>0x1c6c</run_address>
         <size>0xa0</size>
         <alignment>0x1</alignment>
         <input_file_ref idref="fl-3"/>
      </object_component>
      <object_component id="oc-15d">
         <name>.rodata.str1.2038070715119815532.1</name>
         <load_address>0x1d0c</load_address>
         <readonly>true</readonly>
         <run_address>0x1d0c</run_address>
         <size>0x3c</size>
         <alignment>0x1</alignment>
         <input_file_ref idref="fl-3"/>
      </object_component>
      <object_component id="oc-15a">
         <name>.rodata.str1.16779530290509432624.1</name>
         <load_address>0x1d48</load_address>
         <readonly>true</readonly>
         <run_address>0x1d48</run_address>
         <size>0x3b</size>
         <alignment>0x1</alignment>
         <input_file_ref idref="fl-3"/>
      </object_component>
      <object_component id="oc-15b">
         <name>.rodata.str1.17498187953803785574.1</name>
         <load_address>0x1d83</load_address>
         <readonly>true</readonly>
         <run_address>0x1d83</run_address>
         <size>0x3b</size>
         <alignment>0x1</alignment>
         <input_file_ref idref="fl-3"/>
      </object_component>
      <object_component id="oc-15e">
         <name>.rodata.str1.16606019205615201728.1</name>
         <load_address>0x1dbe</load_address>
         <readonly>true</readonly>
         <run_address>0x1dbe</run_address>
         <size>0x3a</size>
         <alignment>0x1</alignment>
         <input_file_ref idref="fl-3"/>
      </object_component>
      <object_component id="oc-15c">
         <name>.rodata.str1.9284763985356082046.1</name>
         <load_address>0x1df8</load_address>
         <readonly>true</readonly>
         <run_address>0x1df8</run_address>
         <size>0x39</size>
         <alignment>0x1</alignment>
         <input_file_ref idref="fl-3"/>
      </object_component>
      <object_component id="oc-127">
         <name>.rodata.str1.15359886083784593313.1</name>
         <load_address>0x1e31</load_address>
         <readonly>true</readonly>
         <run_address>0x1e31</run_address>
         <size>0x32</size>
         <alignment>0x1</alignment>
         <input_file_ref idref="fl-3"/>
      </object_component>
      <object_component id="oc-15f">
         <name>.rodata.str1.15781115582186980426.1</name>
         <load_address>0x1e63</load_address>
         <readonly>true</readonly>
         <run_address>0x1e63</run_address>
         <size>0x2f</size>
         <alignment>0x1</alignment>
         <input_file_ref idref="fl-3"/>
      </object_component>
      <object_component id="oc-12e">
         <name>.rodata.str1.17275021033968133986.1</name>
         <load_address>0x1e92</load_address>
         <readonly>true</readonly>
         <run_address>0x1e92</run_address>
         <size>0x2d</size>
         <alignment>0x1</alignment>
         <input_file_ref idref="fl-3"/>
      </object_component>
      <object_component id="oc-ca">
         <name>.rodata.validPatterns</name>
         <load_address>0x1ec0</load_address>
         <readonly>true</readonly>
         <run_address>0x1ec0</run_address>
         <size>0x1c</size>
         <alignment>0x4</alignment>
         <input_file_ref idref="fl-3"/>
      </object_component>
      <object_component id="oc-91">
         <name>.rodata.Patterns</name>
         <load_address>0x1edc</load_address>
         <readonly>true</readonly>
         <run_address>0x1edc</run_address>
         <size>0x18</size>
         <alignment>0x4</alignment>
         <input_file_ref idref="fl-3"/>
      </object_component>
      <object_component id="oc-124">
         <name>.rodata.str1.2555402902467091046.1</name>
         <load_address>0x1ef4</load_address>
         <readonly>true</readonly>
         <run_address>0x1ef4</run_address>
         <size>0x15</size>
         <alignment>0x1</alignment>
         <input_file_ref idref="fl-3"/>
      </object_component>
      <object_component id="oc-9a">
         <name>.rodata.str1.15234707301245262108.1</name>
         <load_address>0x1f09</load_address>
         <readonly>true</readonly>
         <run_address>0x1f09</run_address>
         <size>0x14</size>
         <alignment>0x1</alignment>
         <input_file_ref idref="fl-3"/>
      </object_component>
      <object_component id="oc-9d">
         <name>.rodata.str1.4246148022987157469.1</name>
         <load_address>0x1f1d</load_address>
         <readonly>true</readonly>
         <run_address>0x1f1d</run_address>
         <size>0x14</size>
         <alignment>0x1</alignment>
         <input_file_ref idref="fl-3"/>
      </object_component>
      <object_component id="oc-159">
         <name>.rodata.str1.15784370611720847563.1</name>
         <load_address>0x1f31</load_address>
         <readonly>true</readonly>
         <run_address>0x1f31</run_address>
         <size>0x11</size>
         <alignment>0x1</alignment>
         <input_file_ref idref="fl-3"/>
      </object_component>
      <object_component id="oc-12f">
         <name>.rodata.str1.1843502570865695391.1</name>
         <load_address>0x1f42</load_address>
         <readonly>true</readonly>
         <run_address>0x1f42</run_address>
         <size>0x11</size>
         <alignment>0x1</alignment>
         <input_file_ref idref="fl-3"/>
      </object_component>
      <object_component id="oc-c9">
         <name>.rodata.str1.5588775933247468439.1</name>
         <load_address>0x1f53</load_address>
         <readonly>true</readonly>
         <run_address>0x1f53</run_address>
         <size>0x11</size>
         <alignment>0x1</alignment>
         <input_file_ref idref="fl-3"/>
      </object_component>
      <object_component id="oc-86">
         <name>.rodata.str1.13656068226097152554.1</name>
         <load_address>0x1f64</load_address>
         <readonly>true</readonly>
         <run_address>0x1f64</run_address>
         <size>0x10</size>
         <alignment>0x1</alignment>
         <input_file_ref idref="fl-3"/>
      </object_component>
      <object_component id="oc-9c">
         <name>.rodata.str1.1892906268486917520.1</name>
         <load_address>0x1f74</load_address>
         <readonly>true</readonly>
         <run_address>0x1f74</run_address>
         <size>0x10</size>
         <alignment>0x1</alignment>
         <input_file_ref idref="fl-3"/>
      </object_component>
      <object_component id="oc-8f">
         <name>.rodata.str1.13250458590540267396.1</name>
         <load_address>0x1f84</load_address>
         <readonly>true</readonly>
         <run_address>0x1f84</run_address>
         <size>0xd</size>
         <alignment>0x1</alignment>
         <input_file_ref idref="fl-3"/>
      </object_component>
      <object_component id="oc-9b">
         <name>.rodata.str1.17435735570853986759.1</name>
         <load_address>0x1f91</load_address>
         <readonly>true</readonly>
         <run_address>0x1f91</run_address>
         <size>0xa</size>
         <alignment>0x1</alignment>
         <input_file_ref idref="fl-3"/>
      </object_component>
      <object_component id="oc-97">
         <name>.rodata.str1.2378633843444072158.1</name>
         <load_address>0x1f9b</load_address>
         <readonly>true</readonly>
         <run_address>0x1f9b</run_address>
         <size>0xa</size>
         <alignment>0x1</alignment>
         <input_file_ref idref="fl-3"/>
      </object_component>
      <object_component id="oc-125">
         <name>.rodata.EID1</name>
         <load_address>0x1fa5</load_address>
         <readonly>true</readonly>
         <run_address>0x1fa5</run_address>
         <size>0x8</size>
         <alignment>0x1</alignment>
         <input_file_ref idref="fl-4"/>
      </object_component>
      <object_component id="oc-126">
         <name>.rodata.str1.13204408886487587144.1</name>
         <load_address>0x1fad</load_address>
         <readonly>true</readonly>
         <run_address>0x1fad</run_address>
         <size>0x7</size>
         <alignment>0x1</alignment>
         <input_file_ref idref="fl-3"/>
      </object_component>
      <object_component id="oc-99">
         <name>.rodata.str1.16432026393149098184.1</name>
         <load_address>0x1fb4</load_address>
         <readonly>true</readonly>
         <run_address>0x1fb4</run_address>
         <size>0x7</size>
         <alignment>0x1</alignment>
         <input_file_ref idref="fl-3"/>
      </object_component>
      <object_component id="oc-12d">
         <name>.rodata.str1.18047125755768554460.1</name>
         <load_address>0x1fbb</load_address>
         <readonly>true</readonly>
         <run_address>0x1fbb</run_address>
         <size>0x7</size>
         <alignment>0x1</alignment>
         <input_file_ref idref="fl-3"/>
      </object_component>
      <object_component id="oc-128">
         <name>.rodata.str1.5065595287206724195.1</name>
         <load_address>0x1fc2</load_address>
         <readonly>true</readonly>
         <run_address>0x1fc2</run_address>
         <size>0x6</size>
         <alignment>0x1</alignment>
         <input_file_ref idref="fl-3"/>
      </object_component>
      <object_component id="oc-98">
         <name>.rodata.str1.9434006009711075035.1</name>
         <load_address>0x1fc8</load_address>
         <readonly>true</readonly>
         <run_address>0x1fc8</run_address>
         <size>0x5</size>
         <alignment>0x1</alignment>
         <input_file_ref idref="fl-3"/>
      </object_component>
      <object_component id="oc-17e">
         <name>.binit</name>
         <load_address>0x0</load_address>
         <readonly>true</readonly>
         <run_address>0x0</run_address>
         <size>0x0</size>
         <alignment>0x4</alignment>
      </object_component>
      <object_component id="oc-110">
         <name>.data.BusFreq</name>
         <load_address>0x20200510</load_address>
         <readwrite>true</readwrite>
         <run_address>0x20200510</run_address>
         <size>0x4</size>
         <alignment>0x4</alignment>
         <input_file_ref idref="fl-1"/>
      </object_component>
      <object_component id="oc-88">
         <name>.data.Time</name>
         <load_address>0x20200528</load_address>
         <readwrite>true</readwrite>
         <run_address>0x20200528</run_address>
         <size>0x4</size>
         <alignment>0x4</alignment>
         <input_file_ref idref="fl-3"/>
      </object_component>
      <object_component id="oc-85">
         <name>.data.Fail</name>
         <load_address>0x20200514</load_address>
         <readwrite>true</readwrite>
         <run_address>0x20200514</run_address>
         <size>0x4</size>
         <alignment>0x4</alignment>
         <input_file_ref idref="fl-3"/>
      </object_component>
      <object_component id="oc-c7">
         <name>.data.SouthMode</name>
         <load_address>0x20200524</load_address>
         <readwrite>true</readwrite>
         <run_address>0x20200524</run_address>
         <size>0x4</size>
         <alignment>0x4</alignment>
         <input_file_ref idref="fl-3"/>
      </object_component>
      <object_component id="oc-c8">
         <name>.data.WestMode</name>
         <load_address>0x2020052c</load_address>
         <readwrite>true</readwrite>
         <run_address>0x2020052c</run_address>
         <size>0x4</size>
         <alignment>0x4</alignment>
         <input_file_ref idref="fl-3"/>
      </object_component>
      <object_component id="oc-c6">
         <name>.data.SensorMode</name>
         <load_address>0x20200520</load_address>
         <readwrite>true</readwrite>
         <run_address>0x20200520</run_address>
         <size>0x4</size>
         <alignment>0x4</alignment>
         <input_file_ref idref="fl-3"/>
      </object_component>
      <object_component id="oc-87">
         <name>.data.Score</name>
         <load_address>0x2020051c</load_address>
         <readwrite>true</readwrite>
         <run_address>0x2020051c</run_address>
         <size>0x4</size>
         <alignment>0x4</alignment>
         <input_file_ref idref="fl-3"/>
      </object_component>
      <object_component id="oc-90">
         <name>.data.PatternMode</name>
         <load_address>0x20200518</load_address>
         <readwrite>true</readwrite>
         <run_address>0x20200518</run_address>
         <size>0x4</size>
         <alignment>0x4</alignment>
         <input_file_ref idref="fl-3"/>
      </object_component>
      <object_component id="oc-13d">
         <name>.data.light_state</name>
         <load_address>0x20200530</load_address>
         <readwrite>true</readwrite>
         <run_address>0x20200530</run_address>
         <size>0x4</size>
         <alignment>0x4</alignment>
         <input_file_ref idref="fl-4"/>
      </object_component>
      <object_component id="oc-6d">
         <name>.data.timer</name>
         <load_address>0x20200534</load_address>
         <readwrite>true</readwrite>
         <run_address>0x20200534</run_address>
         <size>0x4</size>
         <alignment>0x4</alignment>
         <input_file_ref idref="fl-4"/>
      </object_component>
      <object_component id="oc-13e">
         <name>.data.turn</name>
         <load_address>0x20200538</load_address>
         <readwrite>true</readwrite>
         <run_address>0x20200538</run_address>
         <size>0x4</size>
         <alignment>0x4</alignment>
         <input_file_ref idref="fl-4"/>
      </object_component>
      <object_component id="oc-13c">
         <name>.data.white</name>
         <load_address>0x2020053c</load_address>
         <readwrite>true</readwrite>
         <run_address>0x2020053c</run_address>
         <size>0x4</size>
         <alignment>0x4</alignment>
         <input_file_ref idref="fl-4"/>
      </object_component>
      <object_component id="oc-162">
         <name>.data.whyAreTheseNumbersRandom</name>
         <load_address>0x20200540</load_address>
         <readwrite>true</readwrite>
         <run_address>0x20200540</run_address>
         <size>0x4</size>
         <alignment>0x4</alignment>
         <input_file_ref idref="fl-4"/>
      </object_component>
      <object_component id="oc-101">
         <name>.bss.TxFifo</name>
         <uninitialized>true</uninitialized>
         <readwrite>true</readwrite>
         <run_address>0x20200280</run_address>
         <size>0x40</size>
         <alignment>0x1</alignment>
         <input_file_ref idref="fl-5"/>
      </object_component>
      <object_component id="oc-100">
         <name>.bss.RxFifo</name>
         <uninitialized>true</uninitialized>
         <readwrite>true</readwrite>
         <run_address>0x202002c0</run_address>
         <size>0x10</size>
         <alignment>0x1</alignment>
         <input_file_ref idref="fl-5"/>
      </object_component>
      <object_component id="oc-164">
         <name>.common:DebugCnt</name>
         <uninitialized>true</uninitialized>
         <readwrite>true</readwrite>
         <run_address>0x202002d0</run_address>
         <size>0x4</size>
         <alignment>0x4</alignment>
      </object_component>
      <object_component id="oc-165">
         <name>.common:DataBuffer</name>
         <uninitialized>true</uninitialized>
         <readwrite>true</readwrite>
         <run_address>0x202000f0</run_address>
         <size>0xc8</size>
         <alignment>0x4</alignment>
      </object_component>
      <object_component id="oc-174">
         <name>.common:TimeBuffer</name>
         <uninitialized>true</uninitialized>
         <readwrite>true</readwrite>
         <run_address>0x202001b8</run_address>
         <size>0xc8</size>
         <alignment>0x4</alignment>
      </object_component>
      <object_component id="oc-123">
         <name>.common:M</name>
         <uninitialized>true</uninitialized>
         <readwrite>true</readwrite>
         <run_address>0x202002e8</run_address>
         <size>0x4</size>
         <alignment>0x4</alignment>
      </object_component>
      <object_component id="oc-89">
         <name>.common:in</name>
         <uninitialized>true</uninitialized>
         <readwrite>true</readwrite>
         <run_address>0x20200304</run_address>
         <size>0x4</size>
         <alignment>0x4</alignment>
      </object_component>
      <object_component id="oc-8a">
         <name>.common:out</name>
         <uninitialized>true</uninitialized>
         <readwrite>true</readwrite>
         <run_address>0x20200308</run_address>
         <size>0x4</size>
         <alignment>0x4</alignment>
      </object_component>
      <object_component id="oc-8b">
         <name>.common:LastIn</name>
         <uninitialized>true</uninitialized>
         <readwrite>true</readwrite>
         <run_address>0x202002d4</run_address>
         <size>0x4</size>
         <alignment>0x4</alignment>
      </object_component>
      <object_component id="oc-8c">
         <name>.common:LastOut</name>
         <uninitialized>true</uninitialized>
         <readwrite>true</readwrite>
         <run_address>0x202002d8</run_address>
         <size>0x4</size>
         <alignment>0x4</alignment>
      </object_component>
      <object_component id="oc-8d">
         <name>.common:state</name>
         <uninitialized>true</uninitialized>
         <readwrite>true</readwrite>
         <run_address>0x2020030c</run_address>
         <size>0x4</size>
         <alignment>0x4</alignment>
      </object_component>
      <object_component id="oc-8e">
         <name>.common:LookingFlag</name>
         <uninitialized>true</uninitialized>
         <readwrite>true</readwrite>
         <run_address>0x202002e0</run_address>
         <size>0x4</size>
         <alignment>0x4</alignment>
      </object_component>
      <object_component id="oc-92">
         <name>.common:LookingFor</name>
         <uninitialized>true</uninitialized>
         <readwrite>true</readwrite>
         <run_address>0x202002e4</run_address>
         <size>0x4</size>
         <alignment>0x4</alignment>
      </object_component>
      <object_component id="oc-93">
         <name>.common:NeedState</name>
         <uninitialized>true</uninitialized>
         <readwrite>true</readwrite>
         <run_address>0x202002ec</run_address>
         <size>0x4</size>
         <alignment>0x4</alignment>
      </object_component>
      <object_component id="oc-95">
         <name>.common:WrongState</name>
         <uninitialized>true</uninitialized>
         <readwrite>true</readwrite>
         <run_address>0x20200300</run_address>
         <size>0x4</size>
         <alignment>0x4</alignment>
      </object_component>
      <object_component id="oc-96">
         <name>.common:LastState</name>
         <uninitialized>true</uninitialized>
         <readwrite>true</readwrite>
         <run_address>0x202002dc</run_address>
         <size>0x4</size>
         <alignment>0x4</alignment>
      </object_component>
      <object_component id="oc-13b">
         <name>.common:states</name>
         <uninitialized>true</uninitialized>
         <readwrite>true</readwrite>
         <run_address>0x20200000</run_address>
         <size>0xf0</size>
         <alignment>0x4</alignment>
      </object_component>
      <object_component id="oc-bc">
         <name>.common:TxGetI</name>
         <uninitialized>true</uninitialized>
         <readwrite>true</readwrite>
         <run_address>0x202002f8</run_address>
         <size>0x4</size>
         <alignment>0x4</alignment>
      </object_component>
      <object_component id="oc-bb">
         <name>.common:TxPutI</name>
         <uninitialized>true</uninitialized>
         <readwrite>true</readwrite>
         <run_address>0x202002fc</run_address>
         <size>0x4</size>
         <alignment>0x4</alignment>
      </object_component>
      <object_component id="oc-ff">
         <name>.common:RxGetI</name>
         <uninitialized>true</uninitialized>
         <readwrite>true</readwrite>
         <run_address>0x202002f0</run_address>
         <size>0x4</size>
         <alignment>0x4</alignment>
      </object_component>
      <object_component id="oc-fe">
         <name>.common:RxPutI</name>
         <uninitialized>true</uninitialized>
         <readwrite>true</readwrite>
         <run_address>0x202002f4</run_address>
         <size>0x4</size>
         <alignment>0x4</alignment>
      </object_component>
      <object_component id="oc-2f">
         <name>.sysmem</name>
         <uninitialized>true</uninitialized>
         <readwrite>true</readwrite>
         <run_address>0x20200310</run_address>
         <size>0x10</size>
         <alignment>0x8</alignment>
         <input_file_ref idref="fl-35"/>
      </object_component>
      <object_component id="oc-1ba">
         <name>.sysmem</name>
         <uninitialized>true</uninitialized>
         <readwrite>true</readwrite>
         <run_address>0x20200310</run_address>
         <size>0x0</size>
         <alignment>0x4</alignment>
      </object_component>
      <object_component id="oc-1a">
         <name>.stack</name>
         <uninitialized>true</uninitialized>
         <readwrite>true</readwrite>
         <run_address>0x20207e00</run_address>
         <size>0x4</size>
         <alignment>0x4</alignment>
         <input_file_ref idref="fl-39"/>
      </object_component>
      <object_component id="oc-1b9">
         <name>.stack</name>
         <uninitialized>true</uninitialized>
         <readwrite>true</readwrite>
         <run_address>0x20207e00</run_address>
         <size>0x0</size>
         <alignment>0x8</alignment>
      </object_component>
      <object_component id="oc-111">
         <name>.debug_abbrev</name>
         <load_address>0x0</load_address>
         <run_address>0x0</run_address>
         <size>0x16c</size>
         <alignment>0x1</alignment>
         <input_file_ref idref="fl-1"/>
      </object_component>
      <object_component id="oc-166">
         <name>.debug_abbrev</name>
         <load_address>0x16c</load_address>
         <run_address>0x16c</run_address>
         <size>0x10f</size>
         <alignment>0x1</alignment>
         <input_file_ref idref="fl-2"/>
      </object_component>
      <object_component id="oc-9e">
         <name>.debug_abbrev</name>
         <load_address>0x27b</load_address>
         <run_address>0x27b</run_address>
         <size>0x21f</size>
         <alignment>0x1</alignment>
         <input_file_ref idref="fl-3"/>
      </object_component>
      <object_component id="oc-6e">
         <name>.debug_abbrev</name>
         <load_address>0x49a</load_address>
         <run_address>0x49a</run_address>
         <size>0x1c5</size>
         <alignment>0x1</alignment>
         <input_file_ref idref="fl-4"/>
      </object_component>
      <object_component id="oc-bd">
         <name>.debug_abbrev</name>
         <load_address>0x65f</load_address>
         <run_address>0x65f</run_address>
         <size>0xd8</size>
         <alignment>0x1</alignment>
         <input_file_ref idref="fl-5"/>
      </object_component>
      <object_component id="oc-114">
         <name>.debug_abbrev</name>
         <load_address>0x737</load_address>
         <run_address>0x737</run_address>
         <size>0x10d</size>
         <alignment>0x1</alignment>
         <input_file_ref idref="fl-6"/>
      </object_component>
      <object_component id="oc-160">
         <name>.debug_abbrev</name>
         <load_address>0x844</load_address>
         <run_address>0x844</run_address>
         <size>0xf3</size>
         <alignment>0x1</alignment>
         <input_file_ref idref="fl-7"/>
      </object_component>
      <object_component id="oc-c0">
         <name>.debug_abbrev</name>
         <load_address>0x937</load_address>
         <run_address>0x937</run_address>
         <size>0xdc</size>
         <alignment>0x1</alignment>
         <input_file_ref idref="fl-8"/>
      </object_component>
      <object_component id="oc-77">
         <name>.debug_abbrev</name>
         <load_address>0xa13</load_address>
         <run_address>0xa13</run_address>
         <size>0x132</size>
         <alignment>0x1</alignment>
         <input_file_ref idref="fl-9"/>
      </object_component>
      <object_component id="oc-46">
         <name>.debug_abbrev</name>
         <load_address>0xb45</load_address>
         <run_address>0xb45</run_address>
         <size>0x6d</size>
         <alignment>0x1</alignment>
         <input_file_ref idref="fl-a"/>
      </object_component>
      <object_component id="oc-158">
         <name>.debug_abbrev</name>
         <load_address>0xbb2</load_address>
         <run_address>0xbb2</run_address>
         <size>0x21</size>
         <alignment>0x1</alignment>
         <input_file_ref idref="fl-2f"/>
      </object_component>
      <object_component id="oc-143">
         <name>.debug_abbrev</name>
         <load_address>0xbd3</load_address>
         <run_address>0xbd3</run_address>
         <size>0x98</size>
         <alignment>0x1</alignment>
         <input_file_ref idref="fl-31"/>
      </object_component>
      <object_component id="oc-68">
         <name>.debug_abbrev</name>
         <load_address>0xc6b</load_address>
         <run_address>0xc6b</run_address>
         <size>0x299</size>
         <alignment>0x1</alignment>
         <input_file_ref idref="fl-35"/>
      </object_component>
      <object_component id="oc-a2">
         <name>.debug_abbrev</name>
         <load_address>0xf04</load_address>
         <run_address>0xf04</run_address>
         <size>0xc2</size>
         <alignment>0x1</alignment>
         <input_file_ref idref="fl-36"/>
      </object_component>
      <object_component id="oc-55">
         <name>.debug_abbrev</name>
         <load_address>0xfc6</load_address>
         <run_address>0xfc6</run_address>
         <size>0x70</size>
         <alignment>0x1</alignment>
         <input_file_ref idref="fl-37"/>
      </object_component>
      <object_component id="oc-4d">
         <name>.debug_abbrev</name>
         <load_address>0x1036</load_address>
         <run_address>0x1036</run_address>
         <size>0x8d</size>
         <alignment>0x1</alignment>
         <input_file_ref idref="fl-38"/>
      </object_component>
      <object_component id="oc-48">
         <name>.debug_abbrev</name>
         <load_address>0x10c3</load_address>
         <run_address>0x10c3</run_address>
         <size>0xaf</size>
         <alignment>0x1</alignment>
         <input_file_ref idref="fl-39"/>
      </object_component>
      <object_component id="oc-149">
         <name>.debug_abbrev</name>
         <load_address>0x1172</load_address>
         <run_address>0x1172</run_address>
         <size>0x170</size>
         <alignment>0x1</alignment>
         <input_file_ref idref="fl-41"/>
      </object_component>
      <object_component id="oc-d3">
         <name>.debug_abbrev</name>
         <load_address>0x12e2</load_address>
         <run_address>0x12e2</run_address>
         <size>0x39</size>
         <alignment>0x1</alignment>
         <input_file_ref idref="fl-42"/>
      </object_component>
      <object_component id="oc-169">
         <name>.debug_abbrev</name>
         <load_address>0x131b</load_address>
         <run_address>0x131b</run_address>
         <size>0x2c</size>
         <alignment>0x1</alignment>
         <input_file_ref idref="fl-ec"/>
      </object_component>
      <object_component id="oc-168">
         <name>.debug_abbrev</name>
         <load_address>0x1347</load_address>
         <run_address>0x1347</run_address>
         <size>0x27</size>
         <alignment>0x1</alignment>
         <input_file_ref idref="fl-105"/>
      </object_component>
      <object_component id="oc-a1">
         <name>.debug_abbrev</name>
         <load_address>0x136e</load_address>
         <run_address>0x136e</run_address>
         <size>0x27</size>
         <alignment>0x1</alignment>
         <input_file_ref idref="fl-106"/>
      </object_component>
      <object_component id="oc-108">
         <name>.debug_abbrev</name>
         <load_address>0x1395</load_address>
         <run_address>0x1395</run_address>
         <size>0x27</size>
         <alignment>0x1</alignment>
         <input_file_ref idref="fl-108"/>
      </object_component>
      <object_component id="oc-14f">
         <name>.debug_abbrev</name>
         <load_address>0x13bc</load_address>
         <run_address>0x13bc</run_address>
         <size>0x59</size>
         <alignment>0x1</alignment>
         <input_file_ref idref="fl-10d"/>
      </object_component>
      <object_component id="oc-109">
         <name>.debug_abbrev</name>
         <load_address>0x1415</load_address>
         <run_address>0x1415</run_address>
         <size>0x25</size>
         <alignment>0x1</alignment>
         <input_file_ref idref="fl-10f"/>
      </object_component>
      <object_component id="oc-1bc">
         <name>.debug_abbrev</name>
         <load_address>0x143a</load_address>
         <run_address>0x143a</run_address>
         <size>0xf</size>
         <alignment>0x0</alignment>
      </object_component>
      <object_component id="oc-d6">
         <name>.debug_info</name>
         <load_address>0x0</load_address>
         <run_address>0x0</run_address>
         <size>0x1363</size>
         <alignment>0x1</alignment>
         <input_file_ref idref="fl-1"/>
      </object_component>
      <object_component id="oc-132">
         <name>.debug_info</name>
         <load_address>0x1363</load_address>
         <run_address>0x1363</run_address>
         <size>0xee4</size>
         <alignment>0x1</alignment>
         <input_file_ref idref="fl-2"/>
      </object_component>
      <object_component id="oc-42">
         <name>.debug_info</name>
         <load_address>0x2247</load_address>
         <run_address>0x2247</run_address>
         <size>0x1727</size>
         <alignment>0x1</alignment>
         <input_file_ref idref="fl-3"/>
      </object_component>
      <object_component id="oc-38">
         <name>.debug_info</name>
         <load_address>0x396e</load_address>
         <run_address>0x396e</run_address>
         <size>0xe2c</size>
         <alignment>0x1</alignment>
         <input_file_ref idref="fl-4"/>
      </object_component>
      <object_component id="oc-73">
         <name>.debug_info</name>
         <load_address>0x479a</load_address>
         <run_address>0x479a</run_address>
         <size>0x1f0</size>
         <alignment>0x1</alignment>
         <input_file_ref idref="fl-5"/>
      </object_component>
      <object_component id="oc-db">
         <name>.debug_info</name>
         <load_address>0x498a</load_address>
         <run_address>0x498a</run_address>
         <size>0x879</size>
         <alignment>0x1</alignment>
         <input_file_ref idref="fl-6"/>
      </object_component>
      <object_component id="oc-11f">
         <name>.debug_info</name>
         <load_address>0x5203</load_address>
         <run_address>0x5203</run_address>
         <size>0x9b1</size>
         <alignment>0x1</alignment>
         <input_file_ref idref="fl-7"/>
      </object_component>
      <object_component id="oc-7a">
         <name>.debug_info</name>
         <load_address>0x5bb4</load_address>
         <run_address>0x5bb4</run_address>
         <size>0x5da</size>
         <alignment>0x1</alignment>
         <input_file_ref idref="fl-8"/>
      </object_component>
      <object_component id="oc-3d">
         <name>.debug_info</name>
         <load_address>0x618e</load_address>
         <run_address>0x618e</run_address>
         <size>0x785</size>
         <alignment>0x1</alignment>
         <input_file_ref idref="fl-9"/>
      </object_component>
      <object_component id="oc-19">
         <name>.debug_info</name>
         <load_address>0x6913</load_address>
         <run_address>0x6913</run_address>
         <size>0x94</size>
         <alignment>0x1</alignment>
         <input_file_ref idref="fl-a"/>
      </object_component>
      <object_component id="oc-118">
         <name>.debug_info</name>
[...]
         <object_component_ref idref="oc-157"/>
      </symbol>
      <symbol id="sm-47">
         <name>BusFreq</name>
         <value>0x20200510</value>
         <object_component_ref idref="oc-110"/>
      </symbol>
      <symbol id="sm-48">
         <name>Clock_Init80MHz</name>
         <value>0xa5d</value>
         <object_component_ref idref="oc-d5"/>
      </symbol>
      <symbol id="sm-49">
         <name>Clock_Delay</name>
         <value>0x1855</value>
         <object_component_ref idref="oc-154"/>
      </symbol>
      <symbol id="sm-4a">
         <name>SysTick_Init</name>
         <value>0x1769</value>
         <object_component_ref idref="oc-e2"/>
      </symbol>
      <symbol id="sm-57">
         <name>DebugCnt</name>
         <value>0x202002d0</value>
      </symbol>
      <symbol id="sm-58">
         <name>Debug_Dump</name>
         <value>0x12ad</value>
         <object_component_ref idref="oc-163"/>
      </symbol>
      <symbol id="sm-59">
         <name>DataBuffer</name>
         <value>0x202000f0</value>
      </symbol>
      <symbol id="sm-5a">
         <name>TimeBuffer</name>
         <value>0x202001b8</value>
      </symbol>
      <symbol id="sm-5b">
         <name>Debug_Dump2</name>
         <value>0x107d</value>
         <object_component_ref idref="oc-131"/>
      </symbol>
      <symbol id="sm-ac">
         <name>OutCRLF</name>
         <value>0x1875</value>
         <object_component_ref idref="oc-7f"/>
      </symbol>
      <symbol id="sm-ad">
         <name>Random32</name>
         <value>0x1729</value>
         <object_component_ref idref="oc-11c"/>
      </symbol>
      <symbol id="sm-ae">
         <name>M</name>
         <value>0x202002e8</value>
      </symbol>
      <symbol id="sm-af">
         <name>setUpper</name>
         <value>0x162f</value>
         <object_component_ref idref="oc-11b"/>
      </symbol>
      <symbol id="sm-b0">
         <name>CheckInitialization</name>
         <value>0x3dd</value>
         <object_component_ref idref="oc-11d"/>
      </symbol>
      <symbol id="sm-b1">
         <name>ReadSouth</name>
         <value>0x1145</value>
         <object_component_ref idref="oc-81"/>
      </symbol>
      <symbol id="sm-b2">
         <name>ReadSensor</name>
         <value>0xf85</value>
         <object_component_ref idref="oc-80"/>
      </symbol>
      <symbol id="sm-b3">
         <name>ReadWest</name>
         <value>0x12fd</value>
         <object_component_ref idref="oc-82"/>
      </symbol>
      <symbol id="sm-b4">
         <name>ReadWalk</name>
         <value>0x168d</value>
         <object_component_ref idref="oc-83"/>
      </symbol>
      <symbol id="sm-b5">
         <name>GetState</name>
         <value>0x10e1</value>
         <object_component_ref idref="oc-84"/>
      </symbol>
      <symbol id="sm-b6">
         <name>validPatterns</name>
         <value>0x1ec0</value>
         <object_component_ref idref="oc-ca"/>
      </symbol>
      <symbol id="sm-b7">
         <name>TIMG7_IRQHandler</name>
         <value>0xc1</value>
         <object_component_ref idref="oc-41"/>
      </symbol>
      <symbol id="sm-b8">
         <name>Time</name>
         <value>0x20200528</value>
         <object_component_ref idref="oc-88"/>
      </symbol>
      <symbol id="sm-b9">
         <name>in</name>
         <value>0x20200304</value>
      </symbol>
      <symbol id="sm-ba">
         <name>out</name>
         <value>0x20200308</value>
      </symbol>
      <symbol id="sm-bb">
         <name>LastIn</name>
         <value>0x202002d4</value>
      </symbol>
      <symbol id="sm-bc">
         <name>LastOut</name>
         <value>0x202002d8</value>
      </symbol>
      <symbol id="sm-bd">
         <name>state</name>
         <value>0x2020030c</value>
      </symbol>
      <symbol id="sm-be">
         <name>LookingFlag</name>
         <value>0x202002e0</value>
      </symbol>
      <symbol id="sm-bf">
         <name>Patterns</name>
         <value>0x1edc</value>
         <object_component_ref idref="oc-91"/>
      </symbol>
      <symbol id="sm-c0">
         <name>LookingFor</name>
         <value>0x202002e4</value>
      </symbol>
      <symbol id="sm-c1">
         <name>NeedState</name>
         <value>0x202002ec</value>
      </symbol>
      <symbol id="sm-c2">
         <name>pat</name>
         <value>0x1ba8</value>
         <object_component_ref idref="oc-94"/>
      </symbol>
      <symbol id="sm-c3">
         <name>WrongState</name>
         <value>0x20200300</value>
      </symbol>
      <symbol id="sm-c4">
         <name>LastState</name>
         <value>0x202002dc</value>
      </symbol>
      <symbol id="sm-c5">
         <name>Grader_Init</name>
         <value>0x1665</value>
         <object_component_ref idref="oc-df"/>
      </symbol>
      <symbol id="sm-c6">
         <name>Lab4Grader</name>
         <value>0x675</value>
         <object_component_ref idref="oc-e3"/>
      </symbol>
      <symbol id="sm-c7">
         <name>SouthProblem</name>
         <value>0x19f0</value>
         <object_component_ref idref="oc-129"/>
      </symbol>
      <symbol id="sm-c8">
         <name>WestProblem</name>
         <value>0x1c6c</value>
         <object_component_ref idref="oc-12a"/>
      </symbol>
      <symbol id="sm-c9">
         <name>SensorProblem</name>
         <value>0x18b0</value>
         <object_component_ref idref="oc-12b"/>
      </symbol>
      <symbol id="sm-ca">
         <name>PatternProblem</name>
         <value>0x1ae0</value>
         <object_component_ref idref="oc-12c"/>
      </symbol>
      <symbol id="sm-e3">
         <name>Traffic_Init</name>
         <value>0xde9</value>
         <object_component_ref idref="oc-e1"/>
      </symbol>
      <symbol id="sm-e4">
         <name>Traffic_Out</name>
         <value>0x14c5</value>
         <object_component_ref idref="oc-130"/>
      </symbol>
      <symbol id="sm-e5">
         <name>whyAreTheseNumbersRandom</name>
         <value>0x20200540</value>
         <object_component_ref idref="oc-162"/>
      </symbol>
      <symbol id="sm-e6">
         <name>Traffic_In</name>
         <value>0x1705</value>
         <object_component_ref idref="oc-13a"/>
      </symbol>
      <symbol id="sm-e7">
         <name>SysTick_Handler</name>
         <value>0x1749</value>
         <object_component_ref idref="oc-37"/>
      </symbol>
      <symbol id="sm-e8">
         <name>timer</name>
         <value>0x20200534</value>
         <object_component_ref idref="oc-6d"/>
      </symbol>
      <symbol id="sm-e9">
         <name>light_state</name>
         <value>0x20200530</value>
         <object_component_ref idref="oc-13d"/>
      </symbol>
      <symbol id="sm-ea">
         <name>white</name>
         <value>0x2020053c</value>
         <object_component_ref idref="oc-13c"/>
      </symbol>
      <symbol id="sm-eb">
         <name>tmain</name>
         <value>0x88d</value>
         <object_component_ref idref="oc-e4"/>
      </symbol>
      <symbol id="sm-ec">
         <name>states</name>
         <value>0x20200000</value>
      </symbol>
      <symbol id="sm-ed">
         <name>turn</name>
         <value>0x20200538</value>
         <object_component_ref idref="oc-13e"/>
      </symbol>
      <symbol id="sm-ee">
         <name>EID1</name>
         <value>0x1fa5</value>
         <object_component_ref idref="oc-125"/>
      </symbol>
      <symbol id="sm-ef">
         <name>main</name>
         <value>0x1479</value>
         <object_component_ref idref="oc-ad"/>
      </symbol>
      <symbol id="sm-10f">
         <name>TxFifo_Init</name>
         <value>0x181d</value>
         <object_component_ref idref="oc-155"/>
      </symbol>
      <symbol id="sm-110">
         <name>TxGetI</name>
         <value>0x202002f8</value>
      </symbol>
      <symbol id="sm-111">
         <name>TxPutI</name>
         <value>0x202002fc</value>
      </symbol>
      <symbol id="sm-112">
         <name>TxFifo_Put</name>
         <value>0x13e1</value>
         <object_component_ref idref="oc-102"/>
      </symbol>
      <symbol id="sm-113">
         <name>TxFifo_Get</name>
         <value>0x1395</value>
         <object_component_ref idref="oc-ba"/>
      </symbol>
      <symbol id="sm-114">
         <name>TxFifo_Size</name>
         <value>0x17d9</value>
         <object_component_ref idref="oc-72"/>
      </symbol>
      <symbol id="sm-115">
         <name>RxFifo_Init</name>
         <value>0x1809</value>
         <object_component_ref idref="oc-156"/>
      </symbol>
      <symbol id="sm-116">
         <name>RxGetI</name>
         <value>0x202002f0</value>
      </symbol>
      <symbol id="sm-117">
         <name>RxPutI</name>
         <value>0x202002f4</value>
      </symbol>
      <symbol id="sm-118">
         <name>RxFifo_Put</name>
         <value>0x1349</value>
         <object_component_ref idref="oc-b9"/>
      </symbol>
      <symbol id="sm-119">
         <name>RxFifo_Size</name>
         <value>0x17c1</value>
         <object_component_ref idref="oc-b8"/>
      </symbol>
      <symbol id="sm-12c">
         <name>Delay</name>
         <value>0x1865</value>
         <object_component_ref idref="oc-153"/>
      </symbol>
      <symbol id="sm-12d">
         <name>ActivatePortA_B</name>
         <value>0x15c1</value>
         <object_component_ref idref="oc-113"/>
      </symbol>
      <symbol id="sm-12e">
         <name>LaunchPad_Init</name>
         <value>0xf09</value>
         <object_component_ref idref="oc-da"/>
      </symbol>
      <symbol id="sm-12f">
         <name>LaunchPad_LED1off</name>
         <value>0x1885</value>
         <object_component_ref idref="oc-e0"/>
      </symbol>
      <symbol id="sm-139">
         <name>TimerG7_IntArm</name>
         <value>0xd41</value>
         <object_component_ref idref="oc-11e"/>
      </symbol>
      <symbol id="sm-144">
         <name>UART_OutString</name>
         <value>0x16dd</value>
         <object_component_ref idref="oc-79"/>
      </symbol>
      <symbol id="sm-145">
         <name>UART_OutUDec</name>
         <value>0x15f9</value>
         <object_component_ref idref="oc-7e"/>
      </symbol>
      <symbol id="sm-15d">
         <name>UART_Init</name>
         <value>0xc11</value>
         <object_component_ref idref="oc-116"/>
      </symbol>
      <symbol id="sm-15e">
         <name>UART_OutChar</name>
         <value>0x1505</value>
         <object_component_ref idref="oc-bf"/>
      </symbol>
      <symbol id="sm-15f">
         <name>UART0_IRQHandler</name>
         <value>0x11a1</value>
         <object_component_ref idref="oc-3c"/>
      </symbol>
      <symbol id="sm-170">
         <name>Default_Handler</name>
         <value>0x1789</value>
         <object_component_ref idref="oc-35"/>
      </symbol>
      <symbol id="sm-171">
         <name>Reset_Handler</name>
         <value>0x18a3</value>
         <object_component_ref idref="oc-31"/>
      </symbol>
      <symbol id="sm-172">
         <name>HardFault_Handler</name>
         <value>0x17a5</value>
         <object_component_ref idref="oc-36"/>
      </symbol>
      <symbol id="sm-173">
         <name>interruptVectors</name>
         <value>0x0</value>
         <object_component_ref idref="oc-18"/>
      </symbol>
      <symbol id="sm-174">
         <name>NMI_Handler</name>
         <value>0x1789</value>
         <object_component_ref idref="oc-35"/>
      </symbol>
      <symbol id="sm-175">
         <name>SVC_Handler</name>
         <value>0x1789</value>
         <object_component_ref idref="oc-35"/>
      </symbol>
      <symbol id="sm-176">
         <name>PendSV_Handler</name>
         <value>0x1789</value>
         <object_component_ref idref="oc-35"/>
      </symbol>
      <symbol id="sm-177">
         <name>GROUP0_IRQHandler</name>
         <value>0x1789</value>
         <object_component_ref idref="oc-35"/>
      </symbol>
      <symbol id="sm-178">
         <name>GROUP1_IRQHandler</name>
         <value>0x1789</value>
         <object_component_ref idref="oc-35"/>
      </symbol>
      <symbol id="sm-179">
         <name>TIMG8_IRQHandler</name>
         <value>0x1789</value>
         <object_component_ref idref="oc-35"/>
      </symbol>
      <symbol id="sm-17a">
         <name>UART3_IRQHandler</name>
         <value>0x1789</value>
         <object_component_ref idref="oc-35"/>
      </symbol>
      <symbol id="sm-17b">
         <name>ADC0_IRQHandler</name>
         <value>0x1789</value>
         <object_component_ref idref="oc-35"/>
      </symbol>
      <symbol id="sm-17c">
         <name>ADC1_IRQHandler</name>
         <value>0x1789</value>
         <object_component_ref idref="oc-35"/>
      </symbol>
      <symbol id="sm-17d">
         <name>CANFD0_IRQHandler</name>
         <value>0x1789</value>
         <object_component_ref idref="oc-35"/>
      </symbol>
      <symbol id="sm-17e">
         <name>DAC0_IRQHandler</name>
         <value>0x1789</value>
         <object_component_ref idref="oc-35"/>
      </symbol>
      <symbol id="sm-17f">
         <name>SPI0_IRQHandler</name>
         <value>0x1789</value>
         <object_component_ref idref="oc-35"/>
      </symbol>
      <symbol id="sm-180">
         <name>SPI1_IRQHandler</name>
         <value>0x1789</value>
         <object_component_ref idref="oc-35"/>
      </symbol>
      <symbol id="sm-181">
         <name>UART1_IRQHandler</name>
         <value>0x1789</value>
         <object_component_ref idref="oc-35"/>
      </symbol>
      <symbol id="sm-182">
         <name>UART2_IRQHandler</name>
         <value>0x1789</value>
         <object_component_ref idref="oc-35"/>
      </symbol>
      <symbol id="sm-183">
         <name>TIMG0_IRQHandler</name>
         <value>0x1789</value>
         <object_component_ref idref="oc-35"/>
      </symbol>
      <symbol id="sm-184">
         <name>TIMG6_IRQHandler</name>
         <value>0x1789</value>
         <object_component_ref idref="oc-35"/>
      </symbol>
      <symbol id="sm-185">
         <name>TIMA0_IRQHandler</name>
         <value>0x1789</value>
         <object_component_ref idref="oc-35"/>
      </symbol>
      <symbol id="sm-186">
         <name>TIMA1_IRQHandler</name>
         <value>0x1789</value>
         <object_component_ref idref="oc-35"/>
      </symbol>
      <symbol id="sm-187">
         <name>TIMG12_IRQHandler</name>
         <value>0x1789</value>
         <object_component_ref idref="oc-35"/>
      </symbol>
      <symbol id="sm-188">
         <name>I2C0_IRQHandler</name>
         <value>0x1789</value>
         <object_component_ref idref="oc-35"/>
      </symbol>
      <symbol id="sm-189">
         <name>I2C1_IRQHandler</name>
         <value>0x1789</value>
         <object_component_ref idref="oc-35"/>
      </symbol>
      <symbol id="sm-18a">
         <name>AES_IRQHandler</name>
         <value>0x1789</value>
         <object_component_ref idref="oc-35"/>
      </symbol>
      <symbol id="sm-18b">
         <name>RTC_IRQHandler</name>
         <value>0x1789</value>
         <object_component_ref idref="oc-35"/>
      </symbol>
      <symbol id="sm-18c">
         <name>DMA_IRQHandler</name>
         <value>0x1789</value>
         <object_component_ref idref="oc-35"/>
      </symbol>
      <symbol id="sm-18d">
         <name>__TI_ATRegion0_src_addr</name>
         <value>0x0</value>
      </symbol>
      <symbol id="sm-18e">
         <name>__TI_ATRegion0_trg_addr</name>
         <value>0x0</value>
      </symbol>
      <symbol id="sm-18f">
         <name>__TI_ATRegion0_region_sz</name>
         <value>0x0</value>
      </symbol>
      <symbol id="sm-190">
         <name>__TI_ATRegion1_src_addr</name>
         <value>0x0</value>
      </symbol>
      <symbol id="sm-191">
         <name>__TI_ATRegion1_trg_addr</name>
         <value>0x0</value>
      </symbol>
      <symbol id="sm-192">
         <name>__TI_ATRegion1_region_sz</name>
         <value>0x0</value>
      </symbol>
      <symbol id="sm-193">
         <name>__TI_ATRegion2_src_addr</name>
         <value>0x0</value>
      </symbol>
      <symbol id="sm-194">
         <name>__TI_ATRegion2_trg_addr</name>
         <value>0x0</value>
      </symbol>
      <symbol id="sm-195">
         <name>__TI_ATRegion2_region_sz</name>
         <value>0x0</value>
      </symbol>
      <symbol id="sm-19f">
         <name>strcmp</name>
         <value>0xe81</value>
         <object_component_ref idref="oc-117"/>
      </symbol>
      <symbol id="sm-1aa">
         <name>abort</name>
         <value>0x1899</value>
         <object_component_ref idref="oc-e5"/>
      </symbol>
      <symbol id="sm-1b4">
         <name>_sys_memory</name>
         <value>0x20200310</value>
         <object_component_ref idref="oc-2f"/>
      </symbol>
      <symbol id="sm-1be">
         <name>__TI_zero_init_nomemset</name>
         <value>0x17f1</value>
         <object_component_ref idref="oc-58"/>
      </symbol>
      <symbol id="sm-1c7">
         <name>__TI_decompress_none</name>
         <value>0x1843</value>
         <object_component_ref idref="oc-20"/>
      </symbol>
      <symbol id="sm-1d2">
         <name>__TI_decompress_lzss</name>
         <value>0x1001</value>
         <object_component_ref idref="oc-1c"/>
      </symbol>
      <symbol id="sm-1dd">
         <name>_c_int00_noargs</name>
         <value>0x16b5</value>
         <object_component_ref idref="oc-61"/>
      </symbol>
      <symbol id="sm-1de">
         <name>__stack</name>
         <value>0x20207e00</value>
         <object_component_ref idref="oc-1a"/>
      </symbol>
      <symbol id="sm-1f0">
         <name>__TI_auto_init_nobinit_nopinit</name>
         <value>0x1585</value>
         <object_component_ref idref="oc-ec"/>
      </symbol>
      <symbol id="sm-1f8">
         <name>_system_pre_init</name>
         <value>0x18a7</value>
         <object_component_ref idref="oc-a9"/>
      </symbol>
      <symbol id="sm-209">
         <name>HOSTexit</name>
         <value>0x189f</value>
         <object_component_ref idref="oc-13f"/>
      </symbol>
      <symbol id="sm-20a">
         <name>C$$EXIT</name>
         <value>0x189e</value>
         <object_component_ref idref="oc-13f"/>
      </symbol>
      <symbol id="sm-220">
         <name>__aeabi_idiv</name>
         <value>0x1255</value>
         <object_component_ref idref="oc-136"/>
      </symbol>
      <symbol id="sm-221">
         <name>__aeabi_idivmod</name>
         <value>0x1255</value>
         <object_component_ref idref="oc-136"/>
      </symbol>
      <symbol id="sm-227">
         <name>__aeabi_memcpy</name>
         <value>0x1891</value>
         <object_component_ref idref="oc-51"/>
      </symbol>
      <symbol id="sm-228">
         <name>__aeabi_memcpy4</name>
         <value>0x1891</value>
         <object_component_ref idref="oc-51"/>
      </symbol>
      <symbol id="sm-229">
         <name>__aeabi_memcpy8</name>
         <value>0x1891</value>
         <object_component_ref idref="oc-51"/>
      </symbol>
      <symbol id="sm-22f">
         <name>__aeabi_uidiv</name>
         <value>0x1545</value>
         <object_component_ref idref="oc-c2"/>
      </symbol>
      <symbol id="sm-230">
         <name>__aeabi_uidivmod</name>
         <value>0x1545</value>
         <object_component_ref idref="oc-c2"/>
      </symbol>
      <symbol id="sm-23b">
         <name>__aeabi_idiv0</name>
         <value>0x12ab</value>
         <object_component_ref idref="oc-103"/>
      </symbol>
      <symbol id="sm-245">
         <name>TI_memcpy_small</name>
         <value>0x1831</value>
         <object_component_ref idref="oc-cb"/>
      </symbol>
      <symbol id="sm-246">
         <name>__TI_static_base__</name>
         <value>0x0</value>
      </symbol>
      <symbol id="sm-249">
         <name>__mpu_init</name>
         <value>0x0</value>
      </symbol>
      <symbol id="sm-24a">
         <name>_system_post_cinit</name>
         <value>0x0</value>
      </symbol>
   </symbol_table>
   <title>Link successful</title>
</link_info>
