******************************************************************************
            TI ARM Clang Linker PC v4.0.4                      
******************************************************************************
>> Linked Wed Feb 25 16:18:03 2026

OUTPUT FILE NAME:   <ECE319K_Lab4.out>
ENTRY POINT SYMBOL: "_c_int00_noargs"  address: 000016b5


MEMORY CONFIGURATION

         name            origin    length      used     unused   attr    fill
----------------------  --------  ---------  --------  --------  ----  --------
  FLASH                 00000000   00020000  00002008  0001dff8  R  X
  SRAM                  20200000   00008000  00000744  000078bc  RW X
  BCR_CONFIG            41c00000   00000080  00000000  00000080  R   
  BSL_CONFIG            41c00100   00000080  00000000  00000080  R   


SEGMENT ALLOCATION MAP

run origin  load origin   length   init length attrs members
----------  ----------- ---------- ----------- ----- -------
00000000    00000000    00002008   00002008    r-x
  00000000    00000000    000000c0   000000c0    r-- .intvecs
  000000c0    000000c0    000017f0   000017f0    r-x .text
  000018b0    000018b0    00000720   00000720    r-- .rodata
  00001fd0    00001fd0    00000038   00000038    r-- .cinit
20200000    20200000    00000544   00000000    rw-
  20200000    20200000    00000310   00000000    rw- .bss
  20200310    20200310    00000200   00000000    rw- .sysmem
  20200510    20200510    00000034   00000000    rw- .data
20207e00    20207e00    00000200   00000000    rw-
  20207e00    20207e00    00000200   00000000    rw- .stack


SECTION ALLOCATION MAP

 output                                  attributes/
section   page    origin      length       input sections
--------  ----  ----------  ----------   ----------------
.intvecs   0    00000000    000000c0     
                  00000000    000000c0     startup_mspm0g3507_ticlang.o (.intvecs)

.text      0    000000c0    000017f0     
                  000000c0    0000031c     ECE319K_Lab4Grader.o (.text.TIMG7_IRQHandler)
                  000003dc    00000298     ECE319K_Lab4Grader.o (.text.CheckInitialization)
                  00000674    00000218     ECE319K_Lab4Grader.o (.text.Lab4Grader)
                  0000088c    000001d0     ECE319K_Lab4main.o (.text.tmain)
                  00000a5c    000001b4     Clock.o (.text.Clock_Init80MHz)
                  00000c10    00000130     UARTints.o (.text.UART_Init)
                  00000d40    000000a8     Timer.o (.text.TimerG7_IntArm)
                  00000de8    0000008c     ECE319K_Lab4main.o (.text.Traffic_Init)
                  00000e74    0000000c     Clock.o (.text.Clock_Freq)
                  00000e80    00000088     libc.a : strcmp-armv6m.S.obj (.text:strcmp)
                  00000f08    0000007c     LaunchPad.o (.text.LaunchPad_Init)
                  00000f84    0000007c     ECE319K_Lab4Grader.o (.text.ReadSensor)
                  00001000    0000007c     libc.a : copy_decompress_lzss.c.obj (.text:decompress:lzss)
                  0000107c    00000064     Dump.o (.text.Debug_Dump2)
                  000010e0    00000064     ECE319K_Lab4Grader.o (.text.GetState)
                  00001144    0000005c     ECE319K_Lab4Grader.o (.text.ReadSouth)
                  000011a0    0000005c     UARTints.o (.text.UART0_IRQHandler)
                  000011fc    00000058     UARTints.o (.text.copyHardwareToSoftware)
                  00001254    00000056     libclang_rt.builtins.a : aeabi_idivmod.S.obj (.text.__aeabi_idivmod)
                  000012aa    00000002                            : aeabi_div0.c.obj (.text.__aeabi_idiv0)
                  000012ac    00000050     Dump.o (.text.Debug_Dump)
                  000012fc    0000004c     ECE319K_Lab4Grader.o (.text.ReadWest)
                  00001348    0000004c     FIFO.o (.text.RxFifo_Put)
                  00001394    0000004c     FIFO.o (.text.TxFifo_Get)
                  000013e0    0000004c     FIFO.o (.text.TxFifo_Put)
                  0000142c    0000004c     UARTints.o (.text.copySoftwareToHardware)
                  00001478    0000004c     ECE319K_Lab4main.o (.text.main)
                  000014c4    00000040     ECE319K_Lab4main.o (.text.Traffic_Out)
                  00001504    00000040     UARTints.o (.text.UART_OutChar)
                  00001544    00000040     libclang_rt.builtins.a : aeabi_uidivmod.S.obj (.text.__aeabi_uidivmod)
                  00001584    0000003c     libc.a : autoinit.c.obj (.text:__TI_auto_init_nobinit_nopinit)
                  000015c0    00000038     LaunchPad.o (.text.ActivatePortA_B)
                  000015f8    00000036     UART.o (.text.UART_OutUDec)
                  0000162e    00000034     ECE319K_Lab4Grader.o (.text.setUpper)
                  00001662    00000002     --HOLE-- [fill = 0]
                  00001664    00000028     ECE319K_Lab4Grader.o (.text.Grader_Init)
                  0000168c    00000028     ECE319K_Lab4Grader.o (.text.ReadWalk)
                  000016b4    00000028     libc.a : boot_cortex_m.c.obj (.text:_c_int00_noargs)
                  000016dc    00000026     UART.o (.text.UART_OutString)
                  00001702    00000002     --HOLE-- [fill = 0]
                  00001704    00000024     ECE319K_Lab4main.o (.text.Traffic_In)
                  00001728    00000020     ECE319K_Lab4Grader.o (.text.Random32)
                  00001748    00000020     ECE319K_Lab4main.o (.text.SysTick_Handler)
                  00001768    00000020     Clock.o (.text.SysTick_Init)
                  00001788    0000001c     startup_mspm0g3507_ticlang.o (.text.Default_Handler)
                  000017a4    0000001c     startup_mspm0g3507_ticlang.o (.text.HardFault_Handler)
                  000017c0    00000018     FIFO.o (.text.RxFifo_Size)
                  000017d8    00000018     FIFO.o (.text.TxFifo_Size)
                  000017f0    00000016     libc.a : copy_zero_init.c.obj (.text:decompress:ZI:__TI_zero_init_nomemset)
                  00001806    00000002     --HOLE-- [fill = 0]
                  00001808    00000014     FIFO.o (.text.RxFifo_Init)
                  0000181c    00000014     FIFO.o (.text.TxFifo_Init)
                  00001830    00000012     libc.a : memcpy16.S.obj (.text:TI_memcpy_small)
                  00001842    00000012            : copy_decompress_none.c.obj (.text:decompress:none)
                  00001854    00000010     Clock.o (.text.Clock_Delay)
                  00001864    00000010     LaunchPad.o (.text.Delay)
                  00001874    00000010     ECE319K_Lab4Grader.o (.text.OutCRLF)
                  00001884    0000000c     LaunchPad.o (.text.LaunchPad_LED1off)
                  00001890    00000008     libclang_rt.builtins.a : aeabi_memcpy.S.obj (.text.__aeabi_memcpy)
                  00001898    00000006     libc.a : exit.c.obj (.text:abort)
                  0000189e    00000004     libsysbm.a : hostexit.c.obj (.text.HOSTexit)
                  000018a2    00000004     startup_mspm0g3507_ticlang.o (.text.Reset_Handler)
                  000018a6    00000004     libc.a : pre_init.c.obj (.text._system_pre_init)
                  000018aa    00000006     --HOLE-- [fill = 0]

.cinit     0    00001fd0    00000038     
                  00001fd0    00000013     (.cinit..data.load) [load image, compression = lzss]
                  00001fe3    00000001     --HOLE-- [fill = 0]
                  00001fe4    0000000c     (__TI_handler_table)
                  00001ff0    00000008     (.cinit..bss.load) [load image, compression = zero_init]
                  00001ff8    00000010     (__TI_cinit_table)

.rodata    0    000018b0    00000720     
                  000018b0    00000140     ECE319K_Lab4Grader.o (.rodata.SensorProblem)
                  000019f0    000000f0     ECE319K_Lab4Grader.o (.rodata.SouthProblem)
                  00001ae0    000000c8     ECE319K_Lab4Grader.o (.rodata.PatternProblem)
                  00001ba8    000000c4     ECE319K_Lab4Grader.o (.rodata.pat)
                  00001c6c    000000a0     ECE319K_Lab4Grader.o (.rodata.WestProblem)
                  00001d0c    0000003c     ECE319K_Lab4Grader.o (.rodata.str1.2038070715119815532.1)
                  00001d48    0000003b     ECE319K_Lab4Grader.o (.rodata.str1.16779530290509432624.1)
                  00001d83    0000003b     ECE319K_Lab4Grader.o (.rodata.str1.17498187953803785574.1)
                  00001dbe    0000003a     ECE319K_Lab4Grader.o (.rodata.str1.16606019205615201728.1)
                  00001df8    00000039     ECE319K_Lab4Grader.o (.rodata.str1.9284763985356082046.1)
                  00001e31    00000032     ECE319K_Lab4Grader.o (.rodata.str1.15359886083784593313.1)
                  00001e63    0000002f     ECE319K_Lab4Grader.o (.rodata.str1.15781115582186980426.1)
                  00001e92    0000002d     ECE319K_Lab4Grader.o (.rodata.str1.17275021033968133986.1)
                  00001ebf    00000001     --HOLE-- [fill = 0]
                  00001ec0    0000001c     ECE319K_Lab4Grader.o (.rodata.validPatterns)
                  00001edc    00000018     ECE319K_Lab4Grader.o (.rodata.Patterns)
                  00001ef4    00000015     ECE319K_Lab4Grader.o (.rodata.str1.2555402902467091046.1)
                  00001f09    00000014     ECE319K_Lab4Grader.o (.rodata.str1.15234707301245262108.1)
                  00001f1d    00000014     ECE319K_Lab4Grader.o (.rodata.str1.4246148022987157469.1)
                  00001f31    00000011     ECE319K_Lab4Grader.o (.rodata.str1.15784370611720847563.1)
                  00001f42    00000011     ECE319K_Lab4Grader.o (.rodata.str1.1843502570865695391.1)
                  00001f53    00000011     ECE319K_Lab4Grader.o (.rodata.str1.5588775933247468439.1)
                  00001f64    00000010     ECE319K_Lab4Grader.o (.rodata.str1.13656068226097152554.1)
                  00001f74    00000010     ECE319K_Lab4Grader.o (.rodata.str1.1892906268486917520.1)
                  00001f84    0000000d     ECE319K_Lab4Grader.o (.rodata.str1.13250458590540267396.1)
                  00001f91    0000000a     ECE319K_Lab4Grader.o (.rodata.str1.17435735570853986759.1)
                  00001f9b    0000000a     ECE319K_Lab4Grader.o (.rodata.str1.2378633843444072158.1)
                  00001fa5    00000008     ECE319K_Lab4main.o (.rodata.EID1)
                  00001fad    00000007     ECE319K_Lab4Grader.o (.rodata.str1.13204408886487587144.1)
                  00001fb4    00000007     ECE319K_Lab4Grader.o (.rodata.str1.16432026393149098184.1)
                  00001fbb    00000007     ECE319K_Lab4Grader.o (.rodata.str1.18047125755768554460.1)
                  00001fc2    00000006     ECE319K_Lab4Grader.o (.rodata.str1.5065595287206724195.1)
                  00001fc8    00000005     ECE319K_Lab4Grader.o (.rodata.str1.9434006009711075035.1)
                  00001fcd    00000003     --HOLE-- [fill = 0]

.init_array 
*          0    00000000    00000000     UNINITIALIZED

.binit     0    00000000    00000000     

.bss       0    20200000    00000310     UNINITIALIZED
                  20200000    000000f0     (.common:states)
                  202000f0    000000c8     (.common:DataBuffer)
                  202001b8    000000c8     (.common:TimeBuffer)
                  20200280    00000040     FIFO.o (.bss.TxFifo)
                  202002c0    00000010     FIFO.o (.bss.RxFifo)
                  202002d0    00000004     (.common:DebugCnt)
                  202002d4    00000004     (.common:LastIn)
                  202002d8    00000004     (.common:LastOut)
                  202002dc    00000004     (.common:LastState)
                  202002e0    00000004     (.common:LookingFlag)
                  202002e4    00000004     (.common:LookingFor)
                  202002e8    00000004     (.common:M)
                  202002ec    00000004     (.common:NeedState)
                  202002f0    00000004     (.common:RxGetI)
                  202002f4    00000004     (.common:RxPutI)
                  202002f8    00000004     (.common:TxGetI)
                  202002fc    00000004     (.common:TxPutI)
                  20200300    00000004     (.common:WrongState)
                  20200304    00000004     (.common:in)
                  20200308    00000004     (.common:out)
                  2020030c    00000004     (.common:state)

.sysmem    0    20200310    00000200     UNINITIALIZED
                  20200310    00000010     libc.a : memory.c.obj (.sysmem)
                  20200320    000001f0     --HOLE--

.data      0    20200510    00000034     UNINITIALIZED
                  20200510    00000004     Clock.o (.data.BusFreq)
                  20200514    00000004     ECE319K_Lab4Grader.o (.data.Fail)
                  20200518    00000004     ECE319K_Lab4Grader.o (.data.PatternMode)
                  2020051c    00000004     ECE319K_Lab4Grader.o (.data.Score)
                  20200520    00000004     ECE319K_Lab4Grader.o (.data.SensorMode)
                  20200524    00000004     ECE319K_Lab4Grader.o (.data.SouthMode)
                  20200528    00000004     ECE319K_Lab4Grader.o (.data.Time)
                  2020052c    00000004     ECE319K_Lab4Grader.o (.data.WestMode)
                  20200530    00000004     ECE319K_Lab4main.o (.data.light_state)
                  20200534    00000004     ECE319K_Lab4main.o (.data.timer)
                  20200538    00000004     ECE319K_Lab4main.o (.data.turn)
                  2020053c    00000004     ECE319K_Lab4main.o (.data.white)
                  20200540    00000004     ECE319K_Lab4main.o (.data.whyAreTheseNumbersRandom)

.stack     0    20207e00    00000200     UNINITIALIZED
                  20207e00    00000004     libc.a : boot_cortex_m.c.obj (.stack)
                  20207e04    000001fc     --HOLE--

__llvm_prf_cnts 
*          0    20200000    00000000     UNINITIALIZED

__llvm_prf_bits 
*          0    20200000    00000000     UNINITIALIZED

MODULE SUMMARY

       Module                         code   ro data   rw data
       ------                         ----   -------   -------
    .\
       ECE319K_Lab4Grader.o           2568   1812      72     
       ECE319K_Lab4main.o             812    8         260    
       UARTints.o                     624    0         0      
       Dump.o                         180    0         404    
       Clock.o                        496    0         4      
       FIFO.o                         316    0         96     
       LaunchPad.o                    208    0         0      
       Timer.o                        168    0         0      
       UART.o                         92     0         0      
    +--+------------------------------+------+---------+---------+
       Total:                         5464   1820      836    
                                                              
    .\ticlang\
       startup_mspm0g3507_ticlang.o   60     192       0      
    +--+------------------------------+------+---------+---------+
       Total:                         60     192       0      
                                                              
    C:\ti\ccs2041\ccs\tools\compiler\ti-cgt-armllvm_4.0.4.LTS\lib\armv6m-ti-none-eabi/c/libc.a
       strcmp-armv6m.S.obj            136    0         0      
       copy_decompress_lzss.c.obj     124    0         0      
       autoinit.c.obj                 60     0         0      
       boot_cortex_m.c.obj            40     0         0      
       copy_zero_init.c.obj           22     0         0      
       copy_decompress_none.c.obj     18     0         0      
       memcpy16.S.obj                 18     0         0      
       exit.c.obj                     6      0         0      
       pre_init.c.obj                 4      0         0      
    +--+------------------------------+------+---------+---------+
       Total:                         428    0         0      
                                                              
    C:\ti\ccs2041\ccs\tools\compiler\ti-cgt-armllvm_4.0.4.LTS\lib\armv6m-ti-none-eabi/c/libsysbm.a
       hostexit.c.obj                 4      0         0      
    +--+------------------------------+------+---------+---------+
       Total:                         4      0         0      
                                                              
    C:\ti\ccs2041\ccs\tools\compiler\ti-cgt-armllvm_4.0.4.LTS\lib\armv6m-ti-none-eabi/libclang_rt.builtins.a
       aeabi_idivmod.S.obj            86     0         0      
       aeabi_uidivmod.S.obj           64     0         0      
       aeabi_memcpy.S.obj             8      0         0      
       aeabi_div0.c.obj               2      0         0      
    +--+------------------------------+------+---------+---------+
       Total:                         160    0         0      
                                                              
       Heap:                          0      0         512    
       Stack:                         0      0         512    
       Linker Generated:              0      55        0      
    +--+------------------------------+------+---------+---------+
       Grand Total:                   6116   2067      1860   


LINKER GENERATED COPY TABLES

__TI_cinit_table @ 00001ff8 records: 2, size/record: 8, table size: 16
	.data: load addr=00001fd0, load size=00000013 bytes, run addr=20200510, run size=00000034 bytes, compression=lzss
	.bss: load addr=00001ff0, load size=00000008 bytes, run addr=20200000, run size=00000310 bytes, compression=zero_init


LINKER GENERATED HANDLER TABLE

__TI_handler_table @ 00001fe4 records: 3, size/record: 4, table size: 12
	index: 0, handler: __TI_decompress_lzss
	index: 1, handler: __TI_decompress_none
	index: 2, handler: __TI_zero_init


GLOBAL SYMBOLS: SORTED ALPHABETICALLY BY Name 

address   name                          
-------   ----                          
00001789  ADC0_IRQHandler               
00001789  ADC1_IRQHandler               
00001789  AES_IRQHandler                
000015c1  ActivatePortA_B               
20200510  BusFreq                       
0000189e  C$$EXIT                       
00001789  CANFD0_IRQHandler             
000003dd  CheckInitialization           
00001855  Clock_Delay                   
00000e75  Clock_Freq                    
00000a5d  Clock_Init80MHz               
00001789  DAC0_IRQHandler               
00001789  DMA_IRQHandler                
202000f0  DataBuffer                    
202002d0  DebugCnt                      
000012ad  Debug_Dump                    
0000107d  Debug_Dump2                   
00001789  Default_Handler               
00001865  Delay                         
00001fa5  EID1                          
00001789  GROUP0_IRQHandler             
00001789  GROUP1_IRQHandler             
000010e1  GetState                      
00001665  Grader_Init                   
0000189f  HOSTexit                      
000017a5  HardFault_Handler             
00001789  I2C0_IRQHandler               
00001789  I2C1_IRQHandler               
00000675  Lab4Grader                    
202002d4  LastIn                        
202002d8  LastOut                       
202002dc  LastState                     
00000f09  LaunchPad_Init                
00001885  LaunchPad_LED1off             
202002e0  LookingFlag                   
202002e4  LookingFor                    
202002e8  M                             
00001789  NMI_Handler                   
202002ec  NeedState                     
00001875  OutCRLF                       
00001ae0  PatternProblem                
00001edc  Patterns                      
00001789  PendSV_Handler                
00001789  RTC_IRQHandler                
00001729  Random32                      
00000f85  ReadSensor                    
00001145  ReadSouth                     
0000168d  ReadWalk                      
000012fd  ReadWest                      
000018a3  Reset_Handler                 
00001809  RxFifo_Init                   
00001349  RxFifo_Put                    
000017c1  RxFifo_Size                   
202002f0  RxGetI                        
202002f4  RxPutI                        
00001789  SPI0_IRQHandler               
00001789  SPI1_IRQHandler               
00001789  SVC_Handler                   
000018b0  SensorProblem                 
000019f0  SouthProblem                  
00001749  SysTick_Handler               
00001769  SysTick_Init                  
00001789  TIMA0_IRQHandler              
00001789  TIMA1_IRQHandler              
00001789  TIMG0_IRQHandler              
00001789  TIMG12_IRQHandler             
00001789  TIMG6_IRQHandler              
000000c1  TIMG7_IRQHandler              
00001789  TIMG8_IRQHandler              
00001831  TI_memcpy_small               
20200528  Time                          
202001b8  TimeBuffer                    
00000d41  TimerG7_IntArm                
00001705  Traffic_In                    
00000de9  Traffic_Init                  
000014c5  Traffic_Out                   
00001395  TxFifo_Get                    
0000181d  TxFifo_Init                   
000013e1  TxFifo_Put                    
000017d9  TxFifo_Size                   
202002f8  TxGetI                        
202002fc  TxPutI                        
000011a1  UART0_IRQHandler              
00001789  UART1_IRQHandler              
00001789  UART2_IRQHandler              
00001789  UART3_IRQHandler              
00000c11  UART_Init                     
00001505  UART_OutChar                  
000016dd  UART_OutString                
000015f9  UART_OutUDec                  
00001c6c  WestProblem                   
20200300  WrongState                    
20208000  __STACK_END                   
00000200  __STACK_SIZE                  
00000200  __SYSMEM_SIZE                 
00000000  __TI_ATRegion0_region_sz      
00000000  __TI_ATRegion0_src_addr       
00000000  __TI_ATRegion0_trg_addr       
00000000  __TI_ATRegion1_region_sz      
00000000  __TI_ATRegion1_src_addr       
00000000  __TI_ATRegion1_trg_addr       
00000000  __TI_ATRegion2_region_sz      
00000000  __TI_ATRegion2_src_addr       
00000000  __TI_ATRegion2_trg_addr       
00001ff8  __TI_CINIT_Base               
00002008  __TI_CINIT_Limit              
00002008  __TI_CINIT_Warm               
00001fe4  __TI_Handler_Table_Base       
00001ff0  __TI_Handler_Table_Limit      
00001585  __TI_auto_init_nobinit_nopinit
00001001  __TI_decompress_lzss          
00001843  __TI_decompress_none          
ffffffff  __TI_pprof_out_hndl           
ffffffff  __TI_prof_data_size           
ffffffff  __TI_prof_data_start          
00000000  __TI_static_base__            
000017f1  __TI_zero_init_nomemset       
00001255  __aeabi_idiv                  
000012ab  __aeabi_idiv0                 
00001255  __aeabi_idivmod               
00001891  __aeabi_memcpy                
00001891  __aeabi_memcpy4               
00001891  __aeabi_memcpy8               
00001545  __aeabi_uidiv                 
00001545  __aeabi_uidivmod              
ffffffff  __binit__                     
UNDEFED   __mpu_init                    
20207e00  __stack                       
20200000  __start___llvm_prf_bits       
20200000  __start___llvm_prf_cnts       
20200000  __stop___llvm_prf_bits        
20200000  __stop___llvm_prf_cnts        
000016b5  _c_int00_noargs               
20200310  _sys_memory                   
UNDEFED   _system_post_cinit            
000018a7  _system_pre_init              
00001899  abort                         
ffffffff  binit                         
20200304  in                            
00000000  interruptVectors              
20200530  light_state                   
00001479  main                          
20200308  out                           
00001ba8  pat                           
0000162f  setUpper                      
2020030c  state                         
20200000  states                        
00000e81  strcmp                        
20200534  timer                         
0000088d  tmain                         
20200538  turn                          
00001ec0  validPatterns                 
2020053c  white                         
20200540  whyAreTheseNumbersRandom      


GLOBAL SYMBOLS: SORTED BY Symbol Address 

address   name                          
-------   ----                          
00000000  __TI_ATRegion0_region_sz      
00000000  __TI_ATRegion0_src_addr       
00000000  __TI_ATRegion0_trg_addr       
00000000  __TI_ATRegion1_region_sz      
00000000  __TI_ATRegion1_src_addr       
00000000  __TI_ATRegion1_trg_addr       
00000000  __TI_ATRegion2_region_sz      
00000000  __TI_ATRegion2_src_addr       
00000000  __TI_ATRegion2_trg_addr       
00000000  __TI_static_base__            
00000000  interruptVectors              
000000c1  TIMG7_IRQHandler              
00000200  __STACK_SIZE                  
00000200  __SYSMEM_SIZE                 
000003dd  CheckInitialization           
00000675  Lab4Grader                    
0000088d  tmain                         
00000a5d  Clock_Init80MHz               
00000c11  UART_Init                     
00000d41  TimerG7_IntArm                
00000de9  Traffic_Init                  
00000e75  Clock_Freq                    
00000e81  strcmp                        
00000f09  LaunchPad_Init                
00000f85  ReadSensor                    
00001001  __TI_decompress_lzss          
0000107d  Debug_Dump2                   
000010e1  GetState                      
00001145  ReadSouth                     
000011a1  UART0_IRQHandler              
00001255  __aeabi_idiv                  
00001255  __aeabi_idivmod               
000012ab  __aeabi_idiv0                 
000012ad  Debug_Dump                    
000012fd  ReadWest                      
00001349  RxFifo_Put                    
00001395  TxFifo_Get                    
000013e1  TxFifo_Put                    
00001479  main                          
000014c5  Traffic_Out                   
00001505  UART_OutChar                  
00001545  __aeabi_uidiv                 
00001545  __aeabi_uidivmod              
00001585  __TI_auto_init_nobinit_nopinit
000015c1  ActivatePortA_B               
000015f9  UART_OutUDec                  
0000162f  setUpper                      
00001665  Grader_Init                   
0000168d  ReadWalk                      
000016b5  _c_int00_noargs               
000016dd  UART_OutString                
00001705  Traffic_In                    
00001729  Random32                      
00001749  SysTick_Handler               
00001769  SysTick_Init                  
00001789  ADC0_IRQHandler               
00001789  ADC1_IRQHandler               
00001789  AES_IRQHandler                
00001789  CANFD0_IRQHandler             
00001789  DAC0_IRQHandler               
00001789  DMA_IRQHandler                
00001789  Default_Handler               
00001789  GROUP0_IRQHandler             
00001789  GROUP1_IRQHandler             
00001789  I2C0_IRQHandler               
00001789  I2C1_IRQHandler               
00001789  NMI_Handler                   
00001789  PendSV_Handler                
00001789  RTC_IRQHandler                
00001789  SPI0_IRQHandler               
00001789  SPI1_IRQHandler               
00001789  SVC_Handler                   
00001789  TIMA0_IRQHandler              
00001789  TIMA1_IRQHandler              
00001789  TIMG0_IRQHandler              
00001789  TIMG12_IRQHandler             
00001789  TIMG6_IRQHandler              
00001789  TIMG8_IRQHandler              
00001789  UART1_IRQHandler              
00001789  UART2_IRQHandler              
00001789  UART3_IRQHandler              
000017a5  HardFault_Handler             
000017c1  RxFifo_Size                   
000017d9  TxFifo_Size                   
000017f1  __TI_zero_init_nomemset       
00001809  RxFifo_Init                   
0000181d  TxFifo_Init                   
00001831  TI_memcpy_small               
00001843  __TI_decompress_none          
00001855  Clock_Delay                   
00001865  Delay                         
00001875  OutCRLF                       
00001885  LaunchPad_LED1off             
00001891  __aeabi_memcpy                
00001891  __aeabi_memcpy4               
00001891  __aeabi_memcpy8               
00001899  abort                         
0000189e  C$$EXIT                       
0000189f  HOSTexit                      
000018a3  Reset_Handler                 
000018a7  _system_pre_init              
000018b0  SensorProblem                 
000019f0  SouthProblem                  
00001ae0  PatternProblem                
00001ba8  pat                           
00001c6c  WestProblem                   
00001ec0  validPatterns                 
00001edc  Patterns                      
00001fa5  EID1                          
00001fe4  __TI_Handler_Table_Base       
00001ff0  __TI_Handler_Table_Limit      
00001ff8  __TI_CINIT_Base               
00002008  __TI_CINIT_Limit              
00002008  __TI_CINIT_Warm               
20200000  __start___llvm_prf_bits       
20200000  __start___llvm_prf_cnts       
20200000  __stop___llvm_prf_bits        
20200000  __stop___llvm_prf_cnts        
20200000  states                        
202000f0  DataBuffer                    
202001b8  TimeBuffer                    
202002d0  DebugCnt                      
202002d4  LastIn                        
202002d8  LastOut                       
202002dc  LastState                     
202002e0  LookingFlag                   
202002e4  LookingFor                    
202002e8  M                             
202002ec  NeedState                     
202002f0  RxGetI                        
202002f4  RxPutI                        
202002f8  TxGetI                        
202002fc  TxPutI                        
20200300  WrongState                    
20200304  in                            
20200308  out                           
2020030c  state                         
20200310  _sys_memory                   
20200510  BusFreq                       
20200528  Time                          
20200530  light_state                   
20200534  timer                         
20200538  turn                          
2020053c  white                         
20200540  whyAreTheseNumbersRandom      
20207e00  __stack                       
20208000  __STACK_END                   
ffffffff  __TI_pprof_out_hndl           
ffffffff  __TI_prof_data_size           
ffffffff  __TI_prof_data_start          
ffffffff  __binit__                     
ffffffff  binit                         
UNDEFED   __mpu_init                    
UNDEFED   _system_post_cinit            

[154 symbols]
