******************************************************************************
            TI ARM Clang Linker Unix v4.0.4                    
******************************************************************************
>> Linked Wed Apr  8 14:29:51 2026

OUTPUT FILE NAME:   <ECE319K_Lab8.out>
ENTRY POINT SYMBOL: "_c_int00_noargs"  address: 000023e1


MEMORY CONFIGURATION

         name            origin    length      used     unused   attr    fill
----------------------  --------  ---------  --------  --------  ----  --------
  FLASH                 00000000   00020000  00002c20  0001d3e0  R  X
  SRAM                  20200000   00008000  000007e1  0000781f  RW X
  BCR_CONFIG            41c00000   00000080  00000000  00000080  R   
  BSL_CONFIG            41c00100   00000080  00000000  00000080  R   


SEGMENT ALLOCATION MAP

run origin  load origin   length   init length attrs members
----------  ----------- ---------- ----------- ----- -------
00000000    00000000    00002c20   00002c20    r-x
  00000000    00000000    000000c0   000000c0    r-- .intvecs
  000000c0    000000c0    00002520   00002520    r-x .text
  000025e0    000025e0    000005a8   000005a8    r-- .rodata
  00002b88    00002b88    00000098   00000098    r-- .cinit
20200000    20200000    000005e1   00000000    rw-
  20200000    20200000    00000200   00000000    rw- .sysmem
  20200200    20200200    000001f0   00000000    rw- .bss
  202003f0    202003f0    000001f1   00000000    rw- .data
20207e00    20207e00    00000200   00000000    rw-
  20207e00    20207e00    00000200   00000000    rw- .stack


SECTION ALLOCATION MAP

 output                                  attributes/
section   page    origin      length       input sections
--------  ----  ----------  ----------   ----------------
.intvecs   0    00000000    000000c0     
                  00000000    000000c0     startup_mspm0g3507_ticlang.o (.intvecs)

.text      0    000000c0    00002520     
                  000000c0    000001b4     Clock.o (.text.Clock_Init80MHz)
                  00000274    000001a8     ST7735.o (.text.ST7735_DrawChar)
                  0000041c    00000154     libc.a : fopen.c.obj (.text._openfile)
                  00000570    00000128     TExaS.o (.text.ADC_Init)
                  00000698    00000118     ST7735.o (.text.ST7735_FillRect)
                  000007b0    00000114     libc.a : memory.c.obj (.text.aligned_alloc)
                  000008c4    000000f8     SPI.o (.text.SPI_Init)
                  000009bc    000000ec     libsysbm.a : add_device.c.obj (.text.add_device)
                  00000aa8    000000e8     TExaS.o (.text.UART_Init)
                  00000b90    000000e8     libc.a : memory.c.obj (.text.free)
                  00000c78    000000e0            : setvbuf.c.obj (.text.setvbuf)
                  00000d58    000000d0     ST7735.o (.text.ST7735_OutChar)
                  00000e28    000000cc     ST7735.o (.text.ST7735_PlotPoint)
                  00000ef4    000000c4     UART2.o (.text.UART2_Init)
                  00000fb8    000000b0     ST7735.o (.text.ST7735_DrawFastVLine)
                  00001068    000000a8     Timer.o (.text.TimerG7_IntArm)
                  00001110    000000a2     ST7735.o (.text.commandList)
                  000011b2    00000002     libclang_rt.builtins.a : aeabi_div0.c.obj (.text.__aeabi_idiv0)
                  000011b4    000000a0     libsysbm.a : open.c.obj (.text.open)
                  00001254    0000009c     ST7735.o (.text.ST7735_InitPrintf)
                  000012f0    00000098     ST7735.o (.text.ST7735_InitR)
                  00001388    0000008c     Lab8Main.o (.text.main)
                  00001414    00000088     ST7735.o (.text.setAddrWindow)
                  0000149c    00000004     libsysbm.a : hostexit.c.obj (.text.HOSTexit)
                  000014a0    00000088     libc.a : strcmp-armv6m.S.obj (.text:strcmp)
                  00001528    00000084     ST7735.o (.text.ST7735_DrawString)
                  000015ac    00000080     UART1.o (.text.UART1_Init)
                  0000162c    0000007c     LaunchPad.o (.text.LaunchPad_Init)
                  000016a8    0000007c     libc.a : fclose.c.obj (.text.__TI_closefile)
                  00001724    0000007c            : copy_decompress_lzss.c.obj (.text:decompress:lzss)
                  000017a0    00000078     ADC1.o (.text.ADCinit)
                  00001818    00000074     ST7735.o (.text.ST7735_PlotClear)
                  0000188c    00000070     ST7735.o (.text.ST7735_DrawPixel)
                  000018fc    0000006c     libsysbm.a : hostlseek.c.obj (.text.HOSTlseek)
                  00001968    0000006c                : hostrename.c.obj (.text.HOSTrename)
                  000019d4    0000006c     libc.a : getdevice.c.obj (.text.getdevice)
                  00001a40    00000064            : memory.c.obj (.text.split)
                  00001aa4    00000060     libsysbm.a : hostopen.c.obj (.text.HOSTopen)
                  00001b04    00000058     FIFO1.o (.text.Fifo1_Put)
                  00001b5c    00000058     libsysbm.a : hostread.c.obj (.text.HOSTread)
                  00001bb4    00000058                : hostwrite.c.obj (.text.HOSTwrite)
                  00001c0c    00000058     TExaS.o (.text.TExaS_Init)
                  00001c64    00000058     UART2.o (.text.UART2_IRQHandler)
                  00001cbc    00000056     libclang_rt.builtins.a : aeabi_idivmod.S.obj (.text.__aeabi_idivmod)
                  00001d12    00000052     libc.a : fflush.c.obj (.text.__TI_doflush)
                  00001d64    00000050     libsysbm.a : close.c.obj (.text.close)
                  00001db4    00000048                : hostclose.c.obj (.text.HOSTclose)
                  00001dfc    00000048                : hostunlink.c.obj (.text.HOSTunlink)
                  00001e44    00000048     SPI.o (.text.SPI_OutCommand)
                  00001e8c    00000048     ST7735.o (.text.ST7735_PlotNextErase)
                  00001ed4    00000040     SPI.o (.text.SPI_Reset)
                  00001f14    00000040     TExaS.o (.text.TIMG7_IRQHandler)
                  00001f54    00000040     libclang_rt.builtins.a : aeabi_uidivmod.S.obj (.text.__aeabi_uidivmod)
                  00001f94    00000040     libc.a : fopen.c.obj (.text._search_fp)
                  00001fd4    0000003c            : autoinit.c.obj (.text:__TI_auto_init_nobinit_nopinit)
                  00002010    00000038     LaunchPad.o (.text.ActivatePortA_B)
                  00002048    00000038     SPI.o (.text.SPI_OutData)
                  00002080    00000034     Clock.o (.text.Clock_Delay1ms)
                  000020b4    00000034     ST7735.o (.text.ST7735_SetCursor)
                  000020e8    00000034     ST7735.o (.text.ST7735_write)
                  0000211c    00000034     libc.a : fopen.c.obj (.text.__TI_cleanup)
                  00002150    00000034     libsysbm.a : trgmsg.c.obj (.text.__TI_readmsg)
                  00002184    00000034                : trgmsg.c.obj (.text.__TI_writemsg)
                  000021b8    00000034     libc.a : exit.c.obj (.text.exit)
                  000021ec    00000034            : getdevice.c.obj (.text.finddevice)
                  00002220    00000034            : fopen.c.obj (.text.freopen)
                  00002254    00000032     ST7735.o (.text.ST7735_Color565)
                  00002286    00000002     libc.a : _lock.c.obj (.text._nop)
                  00002288    00000030     ST7735.o (.text.commonInit)
                  000022b8    00000030     libc.a : fopen.c.obj (.text.fopen)
                  000022e8    0000002c     ST7735.o (.text.ST7735_FillScreen)
                  00002314    0000002c     libsysbm.a : unlink.c.obj (.text.unlink)
                  00002340    00000028     TExaS.o (.text.ADC_Start)
                  00002368    00000028     Lab8Main.o (.text.TIMG12_IRQHandler)
                  00002390    00000028     libc.a : memory.c.obj (.text.free_list_insert)
                  000023b8    00000028     libsysbm.a : write.c.obj (.text.write)
                  000023e0    00000028     libc.a : boot_cortex_m.c.obj (.text:_c_int00_noargs)
                  00002408    0000001e     ST7735.o (.text.pushColor)
                  00002426    00000002     --HOLE-- [fill = 0]
                  00002428    0000001c     startup_mspm0g3507_ticlang.o (.text.Default_Handler)
                  00002444    0000001c     startup_mspm0g3507_ticlang.o (.text.HardFault_Handler)
                  00002460    0000001c     libc.a : memory.c.obj (.text.free_list_remove)
                  0000247c    00000016     ST7735.o (.text.ST7735_open)
                  00002492    00000016     ST7735.o (.text.ST7735_read)
                  000024a8    00000016     libc.a : copy_zero_init.c.obj (.text:decompress:ZI:__TI_zero_init_nomemset)
                  000024be    00000002     --HOLE-- [fill = 0]
                  000024c0    00000014     FIFO1.o (.text.Fifo1_Init)
                  000024d4    00000012     libc.a : memcpy16.S.obj (.text:TI_memcpy_small)
                  000024e6    00000012            : copy_decompress_none.c.obj (.text:decompress:none)
                  000024f8    00000010     Clock.o (.text.Clock_Delay)
                  00002508    00000010     LaunchPad.o (.text.Delay)
                  00002518    00000010     Lab8Main.o (.text.TExaS_LaunchPadLogicPB27PB26)
                  00002528    0000000e     libc.a : memory.c.obj (.text.OUTLINED_FUNCTION_0)
                  00002536    0000000e     ST7735.o (.text.ST7735_lseek)
                  00002544    0000000e     libsysbm.a : hostrename.c.obj (.text.strcpy)
                  00002552    0000000e                : hostrename.c.obj (.text.strlen)
                  00002560    0000000e     libc.a : memset16.S.obj (.text:TI_memset_small)
                  0000256e    00000002     --HOLE-- [fill = 0]
                  00002570    0000000c     Clock.o (.text.Clock_Freq)
                  0000257c    0000000c     ST7735.o (.text.ST7735_rename)
                  00002588    0000000c     libclang_rt.builtins.a : aeabi_memset.S.obj (.text.__aeabi_memclr)
                  00002594    0000000c     libc.a : memory.c.obj (.text.malloc)
                  000025a0    0000000a     Lab8Main.o (.text.PLL_Init)
                  000025aa    0000000a     ST7735.o (.text.ST7735_close)
                  000025b4    0000000a     ST7735.o (.text.ST7735_unlink)
                  000025be    00000002     --HOLE-- [fill = 0]
                  000025c0    00000008     libclang_rt.builtins.a : aeabi_memcpy.S.obj (.text.__aeabi_memcpy)
                  000025c8    00000008     libsysbm.a : remove.c.obj (.text.remove)
                  000025d0    00000006     libc.a : exit.c.obj (.text:abort)
                  000025d6    00000004     startup_mspm0g3507_ticlang.o (.text.Reset_Handler)
                  000025da    00000004     libc.a : pre_init.c.obj (.text._system_pre_init)
                  000025de    00000002     --HOLE-- [fill = 0]

.cinit     0    00002b88    00000098     
                  00002b88    0000006d     (.cinit..data.load) [load image, compression = lzss]
                  00002bf5    00000003     --HOLE-- [fill = 0]
                  00002bf8    0000000c     (__TI_handler_table)
                  00002c04    00000008     (.cinit..bss.load) [load image, compression = zero_init]
                  00002c0c    00000010     (__TI_cinit_table)
                  00002c1c    00000004     --HOLE-- [fill = 0]

.rodata    0    000025e0    000005a8     
                  000025e0    000004fb     ST7735.o (.rodata.Font)
                  00002adb    0000003b     ST7735.o (.rodata.Rcmd1)
                  00002b16    0000002b     ST7735.o (.rodata.Rcmd3)
                  00002b41    00000016     ST7735.o (.rodata.str1.2132471336006292093.1)
                  00002b57    0000000d     ST7735.o (.rodata.Rcmd2green)
                  00002b64    0000000d     ST7735.o (.rodata.Rcmd2red)
                  00002b71    00000008     ST7735.o (.rodata.str1.14694424544768695619.1)
                  00002b79    00000007     ST7735.o (.rodata.str1.1448485181700679404.1)
                  00002b80    00000002     ST7735.o (.rodata.str1.4408429423603725162.1)
                  00002b82    00000006     --HOLE-- [fill = 0]

.init_array 
*          0    00000000    00000000     UNINITIALIZED

.binit     0    00000000    00000000     

.sysmem    0    20200000    00000200     UNINITIALIZED
                  20200000    00000010     libc.a : memory.c.obj (.sysmem)
                  20200010    000001f0     --HOLE--

.bss       0    20200200    000001f0     UNINITIALIZED
                  20200200    00000120     libsysbm.a : trgmsg.c.obj (.bss:_CIOBUF_)
                  20200320    000000a0     libc.a : defs.c.obj (.bss.__TI_tmpnams)
                  202003c0    00000008     libsysbm.a : hostopen.c.obj (.bss.parmbuf)
                  202003c8    00000004     libc.a : memory.c.obj (.bss.sys_free)
                  202003cc    00000004     (.common:ReceiveCount)
                  202003d0    00000004     (.common:TExaSLogic)
                  202003d4    00000004     (.common:TExaSadc)
                  202003d8    00000004     (.common:TransmitCount)
                  202003dc    00000004     (.common:X)
                  202003e0    00000004     (.common:Ymax)
                  202003e4    00000004     (.common:Ymin)
                  202003e8    00000004     (.common:Yrange)
                  202003ec    00000001     ST7735.o (.bss.ColStart)
                  202003ed    00000001     ST7735.o (.bss.RowStart)
                  202003ee    00000001     ST7735.o (.bss.TabColor)
                  202003ef    00000001     (.common:fifo)

.data      0    202003f0    000001f1     UNINITIALIZED
                  202003f0    000000f0     libc.a : defs.c.obj (.data._ftable)
                  202004e0    00000078     libsysbm.a : host_device.c.obj (.data._device)
                  20200558    00000050                : host_device.c.obj (.data._stream)
                  202005a8    00000008     libc.a : exit.c.obj (.data..L_MergedGlobals)
                  202005b0    00000004     Clock.o (.data.BusFreq)
                  202005b4    00000004     ST7735.o (.data.StX)
                  202005b8    00000004     ST7735.o (.data.StY)
                  202005bc    00000004     libc.a : defs.c.obj (.data.__TI_ft_end)
                  202005c0    00000004            : _lock.c.obj (.data._lock)
                  202005c4    00000004            : _lock.c.obj (.data._unlock)
                  202005c8    00000004     FIFO1.o (.data.findex)
                  202005cc    00000004     FIFO1.o (.data.fsize)
                  202005d0    00000002     ST7735.o (.data.StTextColor)
                  202005d2    00000002     ST7735.o (.data._height)
                  202005d4    00000002     ST7735.o (.data._width)
                  202005d6    00000002     --HOLE--
                  202005d8    00000001     libsysbm.a : add_device.c.obj (.data.add_device.device_init)
                  202005d9    00000003     --HOLE--
                  202005dc    00000001     libc.a : memory.c.obj (.data.memory_is_initialized)
                  202005dd    00000003     --HOLE--
                  202005e0    00000001     libsysbm.a : open.c.obj (.data.open.stream_init)

.stack     0    20207e00    00000200     UNINITIALIZED
                  20207e00    00000004     libc.a : boot_cortex_m.c.obj (.stack)
                  20207e04    000001fc     --HOLE--

__llvm_prf_cnts 
*          0    20200000    00000000     UNINITIALIZED

__llvm_prf_bits 
*          0    20200000    00000000     UNINITIALIZED

MODULE SUMMARY

       Module                         code   ro data   rw data
       ------                         ----   -------   -------
    ./
       ST7735.o                       2696   1442      33     
       TExaS.o                        720    0         8      
       Clock.o                        516    0         4      
       SPI.o                          440    0         0      
       UART2.o                        284    0         0      
       Lab8Main.o                     206    0         8      
       LaunchPad.o                    196    0         0      
       Timer.o                        168    0         0      
       UART1.o                        128    0         0      
       ADC1.o                         120    0         0      
       FIFO1.o                        108    0         9      
    +--+------------------------------+------+---------+---------+
       Total:                         5582   1442      62     
                                                              
    ./ticlang/
       startup_mspm0g3507_ticlang.o   60     192       0      
    +--+------------------------------+------+---------+---------+
       Total:                         60     192       0      
                                                              
    /home/hailin/ti/ccs2040/ccs/tools/compiler/ti-cgt-armllvm_4.0.4.LTS/lib/armv6m-ti-none-eabi/c/libc.a
       memory.c.obj                   702    0         5      
       fopen.c.obj                    556    0         0      
       defs.c.obj                     0      0         404    
       setvbuf.c.obj                  224    0         0      
       getdevice.c.obj                160    0         0      
       strcmp-armv6m.S.obj            136    0         0      
       copy_decompress_lzss.c.obj     124    0         0      
       fclose.c.obj                   124    0         0      
       fflush.c.obj                   82     0         0      
       exit.c.obj                     58     0         8      
       autoinit.c.obj                 60     0         0      
       boot_cortex_m.c.obj            40     0         0      
       copy_zero_init.c.obj           22     0         0      
       copy_decompress_none.c.obj     18     0         0      
       memcpy16.S.obj                 18     0         0      
       memset16.S.obj                 14     0         0      
       _lock.c.obj                    2      0         8      
       pre_init.c.obj                 4      0         0      
    +--+------------------------------+------+---------+---------+
       Total:                         2344   0         425    
                                                              
    /home/hailin/ti/ccs2040/ccs/tools/compiler/ti-cgt-armllvm_4.0.4.LTS/lib/armv6m-ti-none-eabi/c/libsysbm.a
       trgmsg.c.obj                   104    0         288    
       add_device.c.obj               236    0         1      
       host_device.c.obj              0      0         200    
       open.c.obj                     160    0         1      
       hostrename.c.obj               136    0         0      
       hostlseek.c.obj                108    0         0      
       hostopen.c.obj                 96     0         8      
       hostread.c.obj                 88     0         0      
       hostwrite.c.obj                88     0         0      
       close.c.obj                    80     0         0      
       hostclose.c.obj                72     0         0      
       hostunlink.c.obj               72     0         0      
       unlink.c.obj                   44     0         0      
       write.c.obj                    40     0         0      
       remove.c.obj                   8      0         0      
       hostexit.c.obj                 4      0         0      
    +--+------------------------------+------+---------+---------+
       Total:                         1336   0         498    
                                                              
    /home/hailin/ti/ccs2040/ccs/tools/compiler/ti-cgt-armllvm_4.0.4.LTS/lib/armv6m-ti-none-eabi/libclang_rt.builtins.a
       aeabi_idivmod.S.obj            86     0         0      
       aeabi_uidivmod.S.obj           64     0         0      
       aeabi_memset.S.obj             12     0         0      
       aeabi_memcpy.S.obj             8      0         0      
       aeabi_div0.c.obj               2      0         0      
    +--+------------------------------+------+---------+---------+
       Total:                         172    0         0      
                                                              
       Heap:                          0      0         512    
       Stack:                         0      0         512    
       Linker Generated:              0      145       0      
    +--+------------------------------+------+---------+---------+
       Grand Total:                   9494   1779      2009   


LINKER GENERATED COPY TABLES

__TI_cinit_table @ 00002c0c records: 2, size/record: 8, table size: 16
	.data: load addr=00002b88, load size=0000006d bytes, run addr=202003f0, run size=000001f1 bytes, compression=lzss
	.bss: load addr=00002c04, load size=00000008 bytes, run addr=20200200, run size=000001f0 bytes, compression=zero_init


LINKER GENERATED HANDLER TABLE

__TI_handler_table @ 00002bf8 records: 3, size/record: 4, table size: 12
	index: 0, handler: __TI_decompress_lzss
	index: 1, handler: __TI_decompress_none
	index: 2, handler: __TI_zero_init


GLOBAL SYMBOLS: SORTED ALPHABETICALLY BY Name 

address   name                          
-------   ----                          
00002429  ADC0_IRQHandler               
00002429  ADC1_IRQHandler               
00000571  ADC_Init                      
00002341  ADC_Start                     
000017a1  ADCinit                       
00002429  AES_IRQHandler                
00002011  ActivatePortA_B               
202005b0  BusFreq                       
0000149c  C$$EXIT                       
000021b1  C$$IO$$                       
00002429  CANFD0_IRQHandler             
000024f9  Clock_Delay                   
00002081  Clock_Delay1ms                
00002571  Clock_Freq                    
000000c1  Clock_Init80MHz               
00002429  DAC0_IRQHandler               
00002429  DMA_IRQHandler                
00002429  Default_Handler               
00002509  Delay                         
000024c1  Fifo1_Init                    
00001b05  Fifo1_Put                     
00002429  GROUP0_IRQHandler             
00002429  GROUP1_IRQHandler             
00001db5  HOSTclose                     
0000149d  HOSTexit                      
000018fd  HOSTlseek                     
00001aa5  HOSTopen                      
00001b5d  HOSTread                      
00001969  HOSTrename                    
00001dfd  HOSTunlink                    
00001bb5  HOSTwrite                     
00002445  HardFault_Handler             
00002429  I2C0_IRQHandler               
00002429  I2C1_IRQHandler               
0000162d  LaunchPad_Init                
00002429  NMI_Handler                   
000025a1  PLL_Init                      
00002429  PendSV_Handler                
00002429  RTC_IRQHandler                
202003cc  ReceiveCount                  
000025d7  Reset_Handler                 
00002429  SPI0_IRQHandler               
00002429  SPI1_IRQHandler               
000008c5  SPI_Init                      
00001e45  SPI_OutCommand                
00002049  SPI_OutData                   
00001ed5  SPI_Reset                     
00002255  ST7735_Color565               
00000275  ST7735_DrawChar               
00000fb9  ST7735_DrawFastVLine          
0000188d  ST7735_DrawPixel              
00001529  ST7735_DrawString             
00000699  ST7735_FillRect               
000022e9  ST7735_FillScreen             
00001255  ST7735_InitPrintf             
000012f1  ST7735_InitR                  
00000d59  ST7735_OutChar                
00001819  ST7735_PlotClear              
00001e8d  ST7735_PlotNextErase          
00000e29  ST7735_PlotPoint              
000020b5  ST7735_SetCursor              
000025ab  ST7735_close                  
00002537  ST7735_lseek                  
0000247d  ST7735_open                   
00002493  ST7735_read                   
0000257d  ST7735_rename                 
000025b5  ST7735_unlink                 
000020e9  ST7735_write                  
00002429  SVC_Handler                   
202005d0  StTextColor                   
202005b4  StX                           
202005b8  StY                           
00002429  SysTick_Handler               
202003d0  TExaSLogic                    
00001c0d  TExaS_Init                    
00002519  TExaS_LaunchPadLogicPB27PB26  
202003d4  TExaSadc                      
00002429  TIMA0_IRQHandler              
00002429  TIMA1_IRQHandler              
00002429  TIMG0_IRQHandler              
00002369  TIMG12_IRQHandler             
00002429  TIMG6_IRQHandler              
00001f15  TIMG7_IRQHandler              
00002429  TIMG8_IRQHandler              
000024d5  TI_memcpy_small               
00002561  TI_memset_small               
00001069  TimerG7_IntArm                
202003d8  TransmitCount                 
00002429  UART0_IRQHandler              
00002429  UART1_IRQHandler              
000015ad  UART1_Init                    
00001c65  UART2_IRQHandler              
00000ef5  UART2_Init                    
00002429  UART3_IRQHandler              
00000aa9  UART_Init                     
202003dc  X                             
202003e0  Ymax                          
202003e4  Ymin                          
202003e8  Yrange                        
20200200  _CIOBUF_                      
20200200  __CIOBUF_                     
20208000  __STACK_END                   
00000200  __STACK_SIZE                  
00000200  __SYSMEM_SIZE                 
00000000  __TI_ATRegion0_region_sz      
00000000  __TI_ATRegion0_src_addr       
00000000  __TI_ATRegion0_trg_addr       
00000000  __TI_ATRegion1_region_sz      
00000000  __TI_ATRegion1_src_addr       
00000000  __TI_ATRegion1_trg_addr       
00000000  __TI_ATRegion2_region_sz      
00000000  __TI_ATRegion2_src_addr       
00000000  __TI_ATRegion2_trg_addr       
00002c0c  __TI_CINIT_Base               
00002c1c  __TI_CINIT_Limit              
00002c1c  __TI_CINIT_Warm               
00002bf8  __TI_Handler_Table_Base       
00002c04  __TI_Handler_Table_Limit      
00001fd5  __TI_auto_init_nobinit_nopinit
0000211d  __TI_cleanup                  
202005a8  __TI_cleanup_ptr              
000016a9  __TI_closefile                
00001725  __TI_decompress_lzss          
000024e7  __TI_decompress_none          
00001d13  __TI_doflush                  
202005ac  __TI_dtors_ptr                
202005bc  __TI_ft_end                   
ffffffff  __TI_pprof_out_hndl           
ffffffff  __TI_prof_data_size           
ffffffff  __TI_prof_data_start          
00002151  __TI_readmsg                  
00000000  __TI_static_base__            
20200320  __TI_tmpnams                  
00002185  __TI_writemsg                 
000024a9  __TI_zero_init_nomemset       
00001cbd  __aeabi_idiv                  
000011b3  __aeabi_idiv0                 
00001cbd  __aeabi_idivmod               
00002589  __aeabi_memclr                
00002589  __aeabi_memclr4               
00002589  __aeabi_memclr8               
000025c1  __aeabi_memcpy                
000025c1  __aeabi_memcpy4               
000025c1  __aeabi_memcpy8               
00001f55  __aeabi_uidiv                 
00001f55  __aeabi_uidivmod              
ffffffff  __binit__                     
UNDEFED   __mpu_init                    
20207e00  __stack                       
20200000  __start___llvm_prf_bits       
20200000  __start___llvm_prf_cnts       
20200000  __stop___llvm_prf_bits        
20200000  __stop___llvm_prf_cnts        
000023e1  _c_int00_noargs               
202004e0  _device                       
202003f0  _ftable                       
202005c0  _lock                         
00002287  _nop                          
20200558  _stream                       
20200000  _sys_memory                   
UNDEFED   _system_post_cinit            
000025db  _system_pre_init              
202005c4  _unlock                       
000025d1  abort                         
000009bd  add_device                    
000007b1  aligned_alloc                 
ffffffff  binit                         
00001d65  close                         
000021b9  exit                          
202003ef  fifo                          
000021ed  finddevice                    
202005c8  findex                        
000022b9  fopen                         
00000b91  free                          
00002221  freopen                       
202005cc  fsize                         
000019d5  getdevice                     
00000000  interruptVectors              
00001389  main                          
00002595  malloc                        
000007b1  memalign                      
000011b5  open                          
202003c0  parmbuf                       
000025c9  remove                        
00000c79  setvbuf                       
000014a1  strcmp                        
00002315  unlink                        
000023b9  write                         


GLOBAL SYMBOLS: SORTED BY Symbol Address 

address   name                          
-------   ----                          
00000000  __TI_ATRegion0_region_sz      
00000000  __TI_ATRegion0_src_addr       
00000000  __TI_ATRegion0_trg_addr       
00000000  __TI_ATRegion1_region_sz      
00000000  __TI_ATRegion1_src_addr       
00000000  __TI_ATRegion1_trg_addr       
00000000  __TI_ATRegion2_region_sz      
00000000  __TI_ATRegion2_src_addr       
00000000  __TI_ATRegion2_trg_addr       
00000000  __TI_static_base__            
00000000  interruptVectors              
000000c1  Clock_Init80MHz               
00000200  __STACK_SIZE                  
00000200  __SYSMEM_SIZE                 
00000275  ST7735_DrawChar               
00000571  ADC_Init                      
00000699  ST7735_FillRect               
000007b1  aligned_alloc                 
000007b1  memalign                      
000008c5  SPI_Init                      
000009bd  add_device                    
00000aa9  UART_Init                     
00000b91  free                          
00000c79  setvbuf                       
00000d59  ST7735_OutChar                
00000e29  ST7735_PlotPoint              
00000ef5  UART2_Init                    
00000fb9  ST7735_DrawFastVLine          
00001069  TimerG7_IntArm                
000011b3  __aeabi_idiv0                 
000011b5  open                          
00001255  ST7735_InitPrintf             
000012f1  ST7735_InitR                  
00001389  main                          
0000149c  C$$EXIT                       
0000149d  HOSTexit                      
000014a1  strcmp                        
00001529  ST7735_DrawString             
000015ad  UART1_Init                    
0000162d  LaunchPad_Init                
000016a9  __TI_closefile                
00001725  __TI_decompress_lzss          
000017a1  ADCinit                       
00001819  ST7735_PlotClear              
0000188d  ST7735_DrawPixel              
000018fd  HOSTlseek                     
00001969  HOSTrename                    
000019d5  getdevice                     
00001aa5  HOSTopen                      
00001b05  Fifo1_Put                     
00001b5d  HOSTread                      
00001bb5  HOSTwrite                     
00001c0d  TExaS_Init                    
00001c65  UART2_IRQHandler              
00001cbd  __aeabi_idiv                  
00001cbd  __aeabi_idivmod               
00001d13  __TI_doflush                  
00001d65  close                         
00001db5  HOSTclose                     
00001dfd  HOSTunlink                    
00001e45  SPI_OutCommand                
00001e8d  ST7735_PlotNextErase          
00001ed5  SPI_Reset                     
00001f15  TIMG7_IRQHandler              
00001f55  __aeabi_uidiv                 
00001f55  __aeabi_uidivmod              
00001fd5  __TI_auto_init_nobinit_nopinit
00002011  ActivatePortA_B               
00002049  SPI_OutData                   
00002081  Clock_Delay1ms                
000020b5  ST7735_SetCursor              
000020e9  ST7735_write                  
0000211d  __TI_cleanup                  
00002151  __TI_readmsg                  
00002185  __TI_writemsg                 
000021b1  C$$IO$$                       
000021b9  exit                          
000021ed  finddevice                    
00002221  freopen                       
00002255  ST7735_Color565               
00002287  _nop                          
000022b9  fopen                         
000022e9  ST7735_FillScreen             
00002315  unlink                        
00002341  ADC_Start                     
00002369  TIMG12_IRQHandler             
000023b9  write                         
000023e1  _c_int00_noargs               
00002429  ADC0_IRQHandler               
00002429  ADC1_IRQHandler               
00002429  AES_IRQHandler                
00002429  CANFD0_IRQHandler             
00002429  DAC0_IRQHandler               
00002429  DMA_IRQHandler                
00002429  Default_Handler               
00002429  GROUP0_IRQHandler             
00002429  GROUP1_IRQHandler             
00002429  I2C0_IRQHandler               
00002429  I2C1_IRQHandler               
00002429  NMI_Handler                   
00002429  PendSV_Handler                
00002429  RTC_IRQHandler                
00002429  SPI0_IRQHandler               
00002429  SPI1_IRQHandler               
00002429  SVC_Handler                   
00002429  SysTick_Handler               
00002429  TIMA0_IRQHandler              
00002429  TIMA1_IRQHandler              
00002429  TIMG0_IRQHandler              
00002429  TIMG6_IRQHandler              
00002429  TIMG8_IRQHandler              
00002429  UART0_IRQHandler              
00002429  UART1_IRQHandler              
00002429  UART3_IRQHandler              
00002445  HardFault_Handler             
0000247d  ST7735_open                   
00002493  ST7735_read                   
000024a9  __TI_zero_init_nomemset       
000024c1  Fifo1_Init                    
000024d5  TI_memcpy_small               
000024e7  __TI_decompress_none          
000024f9  Clock_Delay                   
00002509  Delay                         
00002519  TExaS_LaunchPadLogicPB27PB26  
00002537  ST7735_lseek                  
00002561  TI_memset_small               
00002571  Clock_Freq                    
0000257d  ST7735_rename                 
00002589  __aeabi_memclr                
00002589  __aeabi_memclr4               
00002589  __aeabi_memclr8               
00002595  malloc                        
000025a1  PLL_Init                      
000025ab  ST7735_close                  
000025b5  ST7735_unlink                 
000025c1  __aeabi_memcpy                
000025c1  __aeabi_memcpy4               
000025c1  __aeabi_memcpy8               
000025c9  remove                        
000025d1  abort                         
000025d7  Reset_Handler                 
000025db  _system_pre_init              
00002bf8  __TI_Handler_Table_Base       
00002c04  __TI_Handler_Table_Limit      
00002c0c  __TI_CINIT_Base               
00002c1c  __TI_CINIT_Limit              
00002c1c  __TI_CINIT_Warm               
20200000  __start___llvm_prf_bits       
20200000  __start___llvm_prf_cnts       
20200000  __stop___llvm_prf_bits        
20200000  __stop___llvm_prf_cnts        
20200000  _sys_memory                   
20200200  _CIOBUF_                      
20200200  __CIOBUF_                     
20200320  __TI_tmpnams                  
202003c0  parmbuf                       
202003cc  ReceiveCount                  
202003d0  TExaSLogic                    
202003d4  TExaSadc                      
202003d8  TransmitCount                 
202003dc  X                             
202003e0  Ymax                          
202003e4  Ymin                          
202003e8  Yrange                        
202003ef  fifo                          
202003f0  _ftable                       
202004e0  _device                       
20200558  _stream                       
202005a8  __TI_cleanup_ptr              
202005ac  __TI_dtors_ptr                
202005b0  BusFreq                       
202005b4  StX                           
202005b8  StY                           
202005bc  __TI_ft_end                   
202005c0  _lock                         
202005c4  _unlock                       
202005c8  findex                        
202005cc  fsize                         
202005d0  StTextColor                   
20207e00  __stack                       
20208000  __STACK_END                   
ffffffff  __TI_pprof_out_hndl           
ffffffff  __TI_prof_data_size           
ffffffff  __TI_prof_data_start          
ffffffff  __binit__                     
ffffffff  binit                         
UNDEFED   __mpu_init                    
UNDEFED   _system_post_cinit            

[188 symbols]
