******************************************************************************
            TI ARM Clang Linker Unix v4.0.4                    
******************************************************************************
>> Linked Wed Apr  8 14:33:50 2026

OUTPUT FILE NAME:   <ECE319K_Lab7.out>
ENTRY POINT SYMBOL: "_c_int00_noargs"  address: 00003b6d


MEMORY CONFIGURATION

         name            origin    length      used     unused   attr    fill
----------------------  --------  ---------  --------  --------  ----  --------
  FLASH                 00000000   00020000  00004628  0001b9d8  R  X
  SRAM                  20200000   00008000  000007fc  00007804  RW X
  BCR_CONFIG            41c00000   00000080  00000000  00000080  R   
  BSL_CONFIG            41c00100   00000080  00000000  00000080  R   


SEGMENT ALLOCATION MAP

run origin  load origin   length   init length attrs members
----------  ----------- ---------- ----------- ----- -------
00000000    00000000    00004628   00004628    r-x
  00000000    00000000    000000c0   000000c0    r-- .intvecs
  000000c0    000000c0    00003df0   00003df0    r-x .text
  00003eb0    00003eb0    000006e0   000006e0    r-- .rodata
  00004590    00004590    00000098   00000098    r-- .cinit
20200000    20200000    00000601   00000000    rw-
  20200000    20200000    0000020b   00000000    rw- .bss
  20200210    20200210    00000200   00000000    rw- .sysmem
  20200410    20200410    000001f1   00000000    rw- .data
20207e00    20207e00    00000200   00000000    rw-
  20207e00    20207e00    00000200   00000000    rw- .stack


SECTION ALLOCATION MAP

 output                                  attributes/
section   page    origin      length       input sections
--------  ----  ----------  ----------   ----------------
.intvecs   0    00000000    000000c0     
                  00000000    000000c0     startup_mspm0g3507_ticlang.o (.intvecs)

.text      0    000000c0    00003df0     
                  000000c0    000009d0     libc.a : _printfi.c.obj (.text:__TI_printfi)
                  00000a90    00000220            : _printfi.c.obj (.text._pconv_a)
                  00000cb0    000001dc            : _printfi.c.obj (.text._pconv_g)
                  00000e8c    000001b4     Clock.o (.text.Clock_Init80MHz)
                  00001040    000001a8     ST7735.o (.text.ST7735_DrawChar)
                  000011e8    00000192     libclang_rt.builtins.a : adddf3.S.obj (.text.adddf3_subdf3)
                  0000137a    00000002                            : aeabi_div0.c.obj (.text.__aeabi_idiv0)
                  0000137c    00000154     libc.a : fopen.c.obj (.text._openfile)
                  000014d0    00000140     Lab7Main.o (.text.main)
                  00001610    0000013c     libc.a : _printfi.c.obj (.text.fcvt)
                  0000174c    00000120            : _printfi.c.obj (.text._pconv_e)
                  0000186c    00000118     ST7735.o (.text.ST7735_FillRect)
                  00001984    00000114     libc.a : memory.c.obj (.text.aligned_alloc)
                  00001a98    0000010c     libclang_rt.builtins.a : divdf3.S.obj (.text.__divdf3)
                  00001ba4    000000f8     SPI.o (.text.SPI_Init)
                  00001c9c    000000f8     libc.a : fputs.c.obj (.text.fputs)
                  00001d94    000000ec     libsysbm.a : add_device.c.obj (.text.add_device)
                  00001e80    000000e8     libc.a : memory.c.obj (.text.free)
                  00001f68    000000e4     libclang_rt.builtins.a : muldf3.S.obj (.text.__muldf3)
                  0000204c    000000e0     libc.a : setvbuf.c.obj (.text.setvbuf)
                  0000212c    000000d8            : s_scalbn.c.obj (.text.scalbn)
                  00002204    000000d0     ST7735.o (.text.ST7735_OutChar)
                  000022d4    000000a2     ST7735.o (.text.commandList)
                  00002376    00000002     libclang_rt.builtins.a : aeabi_div0.c.obj (.text.__aeabi_ldiv0)
                  00002378    000000a2                            : udivmoddi4.S.obj (.text)
                  0000241a    00000002     libc.a : _lock.c.obj (.text._nop)
                  0000241c    000000a0     libsysbm.a : open.c.obj (.text.open)
                  000024bc    0000009c     ST7735.o (.text.ST7735_InitPrintf)
                  00002558    0000009c     libc.a : fputc.c.obj (.text.fputc)
                  000025f4    00000098     ST7735.o (.text.ST7735_InitR)
                  0000268c    00000088     ST7735.o (.text.setAddrWindow)
                  00002714    0000000c     Clock.o (.text.Clock_Freq)
                  00002720    00000088     libc.a : strcmp-armv6m.S.obj (.text:strcmp)
                  000027a8    00000084     ST7735.o (.text.ST7735_DrawString)
                  0000282c    00000084     ST7735.o (.text.ST7735_OutUDec)
                  000028b0    0000007c     LaunchPad.o (.text.LaunchPad_Init)
                  0000292c    0000007c     libc.a : fclose.c.obj (.text.__TI_closefile)
                  000029a8    0000007c            : copy_decompress_lzss.c.obj (.text:decompress:lzss)
                  00002a24    00000078     ADC1.o (.text.ADCinit)
                  00002a9c    00000074     libclang_rt.builtins.a : comparedf2.c.obj (.text.__gedf2)
                  00002b10    00000074                            : truncdfsf2.S.obj (.text.__truncdfsf2)
                  00002b84    0000006c     libsysbm.a : hostlseek.c.obj (.text.HOSTlseek)
                  00002bf0    0000006c                : hostrename.c.obj (.text.HOSTrename)
                  00002c5c    0000006c     libc.a : fseek.c.obj (.text.fseeko)
                  00002cc8    0000006c            : getdevice.c.obj (.text.getdevice)
                  00002d34    00000068     libclang_rt.builtins.a : comparedf2.c.obj (.text.__ledf2)
                  00002d9c    00000066     libc.a : _printfi.c.obj (.text._mcpy)
                  00002e02    00000064            : _io_perm.c.obj (.text.__TI_wrt_ok)
                  00002e66    00000002     --HOLE-- [fill = 0]
                  00002e68    00000064            : memory.c.obj (.text.split)
                  00002ecc    00000062     libclang_rt.builtins.a : aeabi_dcmp.S.obj (.text.__aeabi_dcmp)
                  00002f2e    00000002     --HOLE-- [fill = 0]
                  00002f30    00000060     libsysbm.a : hostopen.c.obj (.text.HOSTopen)
                  00002f90    0000005c     libc.a : s_frexp.c.obj (.text.frexp)
                  00002fec    0000005c            : printf.c.obj (.text.printf)
                  00003048    00000058     libsysbm.a : hostread.c.obj (.text.HOSTread)
                  000030a0    00000058                : hostwrite.c.obj (.text.HOSTwrite)
                  000030f8    00000058     libc.a : _ltoa.c.obj (.text.__TI_ltoa)
                  00003150    00000058            : _printfi.c.obj (.text._pconv_f)
                  000031a8    00000056     libclang_rt.builtins.a : aeabi_idivmod.S.obj (.text.__aeabi_idivmod)
                  000031fe    00000002     --HOLE-- [fill = 0]
                  00003200    00000054     ST7735.o (.text.fillmessage)
                  00003254    00000052     libc.a : fflush.c.obj (.text.__TI_doflush)
                  000032a6    00000052            : _printfi.c.obj (.text._ecpy)
                  000032f8    00000050     libsysbm.a : close.c.obj (.text.close)
                  00003348    0000004c     ADC1.o (.text.ADCin)
                  00003394    0000004a     libclang_rt.builtins.a : fixdfsi.S.obj (.text.__fixdfsi)
                  000033de    00000002     --HOLE-- [fill = 0]
                  000033e0    00000048     libsysbm.a : hostclose.c.obj (.text.HOSTclose)
                  00003428    00000048                : hostunlink.c.obj (.text.HOSTunlink)
                  00003470    00000048     SPI.o (.text.SPI_OutCommand)
                  000034b8    00000048     Lab7Main.o (.text.TIMG12_IRQHandler)
                  00003500    00000040     SPI.o (.text.SPI_Reset)
                  00003540    00000040     TExaS.o (.text.TIMG7_IRQHandler)
                  00003580    00000040     libclang_rt.builtins.a : aeabi_uidivmod.S.obj (.text.__aeabi_uidivmod)
                  000035c0    00000040                            : extendsfdf2.S.obj (.text.__extendsfdf2)
                  00003600    00000040     libc.a : fopen.c.obj (.text._search_fp)
                  00003640    00000040            : atoi.c.obj (.text.atoi)
                  00003680    0000003e     Lab7Main.o (.text.OutFix)
                  000036be    00000002     --HOLE-- [fill = 0]
                  000036c0    0000003c     libc.a : autoinit.c.obj (.text:__TI_auto_init_nobinit_nopinit)
                  000036fc    0000003a     libclang_rt.builtins.a : muldsi3.S.obj (.text.__muldsi3)
                  00003736    00000002     --HOLE-- [fill = 0]
                  00003738    00000038     LaunchPad.o (.text.ActivatePortA_B)
                  00003770    00000038     SPI.o (.text.SPI_OutData)
                  000037a8    00000034     Clock.o (.text.Clock_Delay1ms)
                  000037dc    00000034     ADC1.o (.text.Convert)
                  00003810    00000034     ST7735.o (.text.ST7735_SetCursor)
                  00003844    00000034     ST7735.o (.text.ST7735_write)
                  00003878    00000034     libc.a : fopen.c.obj (.text.__TI_cleanup)
                  000038ac    00000034     libsysbm.a : trgmsg.c.obj (.text.__TI_readmsg)
                  000038e0    00000034                : trgmsg.c.obj (.text.__TI_writemsg)
                  00003914    00000034     libc.a : exit.c.obj (.text.exit)
                  00003948    00000034            : getdevice.c.obj (.text.finddevice)
                  0000397c    00000034            : fopen.c.obj (.text.freopen)
                  000039b0    00000030     ADC1.o (.text.FloatConvert)
                  000039e0    00000030     libc.a : _printfi.c.obj (.text._fcpy)
                  00003a10    00000030     ST7735.o (.text.commonInit)
                  00003a40    00000030     libc.a : fopen.c.obj (.text.fopen)
                  00003a70    0000002c     ST7735.o (.text.ST7735_FillScreen)
                  00003a9c    0000002c     libclang_rt.builtins.a : floatsidf.S.obj (.text.__floatsidf)
                  00003ac8    0000002c     libsysbm.a : unlink.c.obj (.text.unlink)
                  00003af4    00000028     libc.a : memory.c.obj (.text.free_list_insert)
                  00003b1c    00000028     libsysbm.a : lseek.c.obj (.text.lseek)
                  00003b44    00000028                : write.c.obj (.text.write)
                  00003b6c    00000028     libc.a : boot_cortex_m.c.obj (.text:_c_int00_noargs)
                  00003b94    00000026     ST7735.o (.text.ST7735_OutString)
                  00003bba    00000002     --HOLE-- [fill = 0]
                  00003bbc    00000024     libclang_rt.builtins.a : floatunsidf.S.obj (.text.__floatunsidf)
                  00003be0    00000024                            : muldi3.S.obj (.text.__muldi3)
                  00003c04    00000022     libc.a : memccpy.c.obj (.text.memccpy)
                  00003c26    00000002     --HOLE-- [fill = 0]
                  00003c28    00000020     Lab7Main.o (.text.FloatOutFix)
                  00003c48    0000001e     libclang_rt.builtins.a : ashldi3.S.obj (.text.__ashldi3)
                  00003c66    0000001e     ST7735.o (.text.pushColor)
                  00003c84    0000001c     startup_mspm0g3507_ticlang.o (.text.Default_Handler)
                  00003ca0    0000001c     startup_mspm0g3507_ticlang.o (.text.HardFault_Handler)
                  00003cbc    0000001c     libc.a : memory.c.obj (.text.free_list_remove)
                  00003cd8    00000016     ST7735.o (.text.ST7735_open)
                  00003cee    00000016     ST7735.o (.text.ST7735_read)
                  00003d04    00000016     libc.a : copy_zero_init.c.obj (.text:decompress:ZI:__TI_zero_init_nomemset)
                  00003d1a    00000002     --HOLE-- [fill = 0]
                  00003d1c    00000014     libclang_rt.builtins.a : aeabi_uldivmod.S.obj (.text.__aeabi_uldivmod)
                  00003d30    00000014     libc.a : _printfi.c.obj (.text.strchr)
                  00003d44    00000012            : memcpy16.S.obj (.text:TI_memcpy_small)
                  00003d56    00000012            : copy_decompress_none.c.obj (.text:decompress:none)
                  00003d68    00000010     Clock.o (.text.Clock_Delay)
                  00003d78    00000010     LaunchPad.o (.text.Delay)
                  00003d88    00000010     libc.a : wcslen.c.obj (.text.wcslen)
                  00003d98    0000000e            : memory.c.obj (.text.OUTLINED_FUNCTION_0)
                  00003da6    0000000e     ST7735.o (.text.ST7735_lseek)
                  00003db4    0000000e     libclang_rt.builtins.a : aeabi_memset.S.obj (.text.__aeabi_memset)
                  00003dc2    0000000e     libsysbm.a : hostrename.c.obj (.text.strcpy)
                  00003dd0    0000000e     libc.a : _printfi.c.obj (.text.strlen)
                  00003dde    0000000e     libsysbm.a : hostrename.c.obj (.text.strlen)
                  00003dec    0000000e     libc.a : memset16.S.obj (.text:TI_memset_small)
                  00003dfa    0000000c     ST7735.o (.text.ST7735_rename)
                  00003e06    00000002     --HOLE-- [fill = 0]
                  00003e08    0000000c     libclang_rt.builtins.a : aeabi_memset.S.obj (.text.__aeabi_memclr)
                  00003e14    0000000c     libc.a : memory.c.obj (.text.malloc)
                  00003e20    0000000a            : _printfi.c.obj (.text.OUTLINED_FUNCTION_0)
                  00003e2a    00000002     --HOLE-- [fill = 0]
                  00003e2c    00000010     libclang_rt.builtins.a : adddf3.S.obj (.tramp.__aeabi_dsub.1)
                  00003e3c    0000000a     libc.a : _printfi.c.obj (.text.OUTLINED_FUNCTION_1)
                  00003e46    0000000a     Lab7Main.o (.text.PLL_Init)
                  00003e50    0000000a     ST7735.o (.text.ST7735_close)
                  00003e5a    0000000a     ST7735.o (.text.ST7735_unlink)
                  00003e64    00000008     libc.a : aeabi_portable.c.obj (.text.__aeabi_errno_addr)
                  00003e6c    00000008     libclang_rt.builtins.a : aeabi_memcpy.S.obj (.text.__aeabi_memcpy)
                  00003e74    00000008     libc.a : printf.c.obj (.text._outc)
                  00003e7c    00000008            : printf.c.obj (.text._outs)
                  00003e84    00000008            : fseek.c.obj (.text.fseek)
                  00003e8c    00000008     libsysbm.a : remove.c.obj (.text.remove)
                  00003e94    00000006     libc.a : exit.c.obj (.text:abort)
                  00003e9a    00000004     libsysbm.a : hostexit.c.obj (.text.HOSTexit)
                  00003e9e    00000004     startup_mspm0g3507_ticlang.o (.text.Reset_Handler)
                  00003ea2    00000004     libc.a : pre_init.c.obj (.text._system_pre_init)
                  00003ea6    0000000a     --HOLE-- [fill = 0]

.cinit     0    00004590    00000098     
                  00004590    0000006f     (.cinit..data.load) [load image, compression = lzss]
                  000045ff    00000001     --HOLE-- [fill = 0]
                  00004600    0000000c     (__TI_handler_table)
                  0000460c    00000008     (.cinit..bss.load) [load image, compression = zero_init]
                  00004614    00000010     (__TI_cinit_table)
                  00004624    00000004     --HOLE-- [fill = 0]

.rodata    0    00003eb0    000006e0     
                  00003eb0    000004fb     ST7735.o (.rodata.Font)
                  000043ab    00000002     ST7735.o (.rodata.str1.4408429423603725162.1)
                  000043ad    00000003     --HOLE-- [fill = 0]
                  000043b0    00000101     libc.a : aeabi_ctype.S.obj (.rodata:__aeabi_ctype_table_)
                  000044b1    0000003b     ST7735.o (.rodata.Rcmd1)
                  000044ec    0000002b     ST7735.o (.rodata.Rcmd3)
                  00004517    00000016     ST7735.o (.rodata.str1.2132471336006292093.1)
                  0000452d    00000011     libc.a : _printfi.c.obj (.rodata.str1.10348868589481759720.1)
                  0000453e    00000011            : _printfi.c.obj (.rodata.str1.15363888844622738466.1)
                  0000454f    0000000d     ST7735.o (.rodata.Rcmd2green)
                  0000455c    0000000d     ST7735.o (.rodata.Rcmd2red)
                  00004569    0000000b     Lab7Main.o (.rodata.str1.3421102033476448164.1)
                  00004574    00000008     ST7735.o (.rodata.str1.14694424544768695619.1)
                  0000457c    00000007     ST7735.o (.rodata.str1.1448485181700679404.1)
                  00004583    0000000d     --HOLE-- [fill = 0]

.init_array 
*          0    00000000    00000000     UNINITIALIZED

.binit     0    00000000    00000000     

.bss       0    20200000    0000020b     UNINITIALIZED
                  20200000    00000120     libsysbm.a : trgmsg.c.obj (.bss:_CIOBUF_)
                  20200120    000000a0     libc.a : defs.c.obj (.bss.__TI_tmpnams)
                  202001c0    0000000c     (.common:Message)
                  202001cc    00000008     libsysbm.a : hostopen.c.obj (.bss.parmbuf)
                  202001d4    00000004     libc.a : memory.c.obj (.bss.sys_free)
                  202001d8    00000004     (.common:Data)
                  202001dc    00000004     (.common:FloatOutFixtime)
                  202001e0    00000004     (.common:FloatPosition)
                  202001e4    00000004     (.common:Messageindex)
                  202001e8    00000004     (.common:Offset)
                  202001ec    00000004     (.common:OutFixtime)
                  202001f0    00000004     (.common:Position)
                  202001f4    00000004     (.common:TExaSLogic)
                  202001f8    00000004     (.common:TExaSadc)
                  202001fc    00000004     (.common:Time)
                  20200200    00000004     (.common:startTime)
                  20200204    00000004     (.common:stopTime)
                  20200208    00000001     ST7735.o (.bss.ColStart)
                  20200209    00000001     ST7735.o (.bss.RowStart)
                  2020020a    00000001     ST7735.o (.bss.TabColor)

.sysmem    0    20200210    00000200     UNINITIALIZED
                  20200210    00000010     libc.a : memory.c.obj (.sysmem)
                  20200220    000001f0     --HOLE--

.data      0    20200410    000001f1     UNINITIALIZED
                  20200410    000000f0     libc.a : defs.c.obj (.data._ftable)
                  20200500    00000078     libsysbm.a : host_device.c.obj (.data._device)
                  20200578    00000050                : host_device.c.obj (.data._stream)
                  202005c8    00000008     libc.a : exit.c.obj (.data..L_MergedGlobals)
                  202005d0    00000004     Clock.o (.data.BusFreq)
                  202005d4    00000004     ST7735.o (.data.StX)
                  202005d8    00000004     ST7735.o (.data.StY)
                  202005dc    00000004     libc.a : defs.c.obj (.data.__TI_ft_end)
                  202005e0    00000004            : aeabi_portable.c.obj (.data.__aeabi_errno)
                  202005e4    00000004            : _lock.c.obj (.data._lock)
                  202005e8    00000004            : _lock.c.obj (.data._unlock)
                  202005ec    00000004     Lab7Main.o (.data.sephemore)
                  202005f0    00000002     ST7735.o (.data.StTextColor)
                  202005f2    00000002     ST7735.o (.data._height)
                  202005f4    00000002     ST7735.o (.data._width)
                  202005f6    00000002     --HOLE--
                  202005f8    00000001     libsysbm.a : add_device.c.obj (.data.add_device.device_init)
                  202005f9    00000003     --HOLE--
                  202005fc    00000001     libc.a : memory.c.obj (.data.memory_is_initialized)
                  202005fd    00000003     --HOLE--
                  20200600    00000001     libsysbm.a : open.c.obj (.data.open.stream_init)

.stack     0    20207e00    00000200     UNINITIALIZED
                  20207e00    00000004     libc.a : boot_cortex_m.c.obj (.stack)
                  20207e04    000001fc     --HOLE--

__llvm_prf_cnts 
*          0    20200000    00000000     UNINITIALIZED

__llvm_prf_bits 
*          0    20200000    00000000     UNINITIALIZED

MODULE SUMMARY

       Module                         code    ro data   rw data
       ------                         ----    -------   -------
    ./
       ST7735.o                       2220    1442      33     
       Lab7Main.o                     496     11        40     
       Clock.o                        516     0         4      
       SPI.o                          440     0         0      
       ADC1.o                         296     0         0      
       LaunchPad.o                    196     0         0      
       TExaS.o                        64      0         8      
    +--+------------------------------+-------+---------+---------+
       Total:                         4228    1453      85     
                                                               
    ./ticlang/
       startup_mspm0g3507_ticlang.o   60      192       0      
    +--+------------------------------+-------+---------+---------+
       Total:                         60      192       0      
                                                               
    /home/hailin/ti/ccs2040/ccs/tools/compiler/ti-cgt-armllvm_4.0.4.LTS/lib/armv6m-ti-none-eabi/c/libc.a
       _printfi.c.obj                 4510    34        0      
       memory.c.obj                   702     0         5      
       fopen.c.obj                    556     0         0      
       defs.c.obj                     0       0         404    
       aeabi_ctype.S.obj              0       257       0      
       fputs.c.obj                    248     0         0      
       setvbuf.c.obj                  224     0         0      
       s_scalbn.c.obj                 216     0         0      
       getdevice.c.obj                160     0         0      
       fputc.c.obj                    156     0         0      
       strcmp-armv6m.S.obj            136     0         0      
       copy_decompress_lzss.c.obj     124     0         0      
       fclose.c.obj                   124     0         0      
       fseek.c.obj                    116     0         0      
       printf.c.obj                   108     0         0      
       _io_perm.c.obj                 100     0         0      
       s_frexp.c.obj                  92      0         0      
       _ltoa.c.obj                    88      0         0      
       fflush.c.obj                   82      0         0      
       exit.c.obj                     58      0         8      
       atoi.c.obj                     64      0         0      
       autoinit.c.obj                 60      0         0      
       boot_cortex_m.c.obj            40      0         0      
       memccpy.c.obj                  34      0         0      
       copy_zero_init.c.obj           22      0         0      
       copy_decompress_none.c.obj     18      0         0      
       memcpy16.S.obj                 18      0         0      
       wcslen.c.obj                   16      0         0      
       memset16.S.obj                 14      0         0      
       aeabi_portable.c.obj           8       0         4      
       _lock.c.obj                    2       0         8      
       pre_init.c.obj                 4       0         0      
    +--+------------------------------+-------+---------+---------+
       Total:                         8100    291       429    
                                                               
    /home/hailin/ti/ccs2040/ccs/tools/compiler/ti-cgt-armllvm_4.0.4.LTS/lib/armv6m-ti-none-eabi/c/libsysbm.a
       trgmsg.c.obj                   104     0         288    
       add_device.c.obj               236     0         1      
       host_device.c.obj              0       0         200    
       open.c.obj                     160     0         1      
       hostrename.c.obj               136     0         0      
       hostlseek.c.obj                108     0         0      
       hostopen.c.obj                 96      0         8      
       hostread.c.obj                 88      0         0      
       hostwrite.c.obj                88      0         0      
       close.c.obj                    80      0         0      
       hostclose.c.obj                72      0         0      
       hostunlink.c.obj               72      0         0      
       unlink.c.obj                   44      0         0      
       lseek.c.obj                    40      0         0      
       write.c.obj                    40      0         0      
       remove.c.obj                   8       0         0      
       hostexit.c.obj                 4       0         0      
    +--+------------------------------+-------+---------+---------+
       Total:                         1376    0         498    
                                                               
    /home/hailin/ti/ccs2040/ccs/tools/compiler/ti-cgt-armllvm_4.0.4.LTS/lib/armv6m-ti-none-eabi/libclang_rt.builtins.a
       adddf3.S.obj                   418     0         0      
       divdf3.S.obj                   268     0         0      
       muldf3.S.obj                   228     0         0      
       comparedf2.c.obj               220     0         0      
       udivmoddi4.S.obj               162     0         0      
       truncdfsf2.S.obj               116     0         0      
       aeabi_dcmp.S.obj               98      0         0      
       aeabi_idivmod.S.obj            86      0         0      
       fixdfsi.S.obj                  74      0         0      
       aeabi_uidivmod.S.obj           64      0         0      
       extendsfdf2.S.obj              64      0         0      
       muldsi3.S.obj                  58      0         0      
       floatsidf.S.obj                44      0         0      
       floatunsidf.S.obj              36      0         0      
       muldi3.S.obj                   36      0         0      
       ashldi3.S.obj                  30      0         0      
       aeabi_memset.S.obj             26      0         0      
       aeabi_uldivmod.S.obj           20      0         0      
       aeabi_memcpy.S.obj             8       0         0      
       aeabi_div0.c.obj               4       0         0      
    +--+------------------------------+-------+---------+---------+
       Total:                         2060    0         0      
                                                               
       Heap:                          0       0         512    
       Stack:                         0       0         512    
       Linker Generated:              0       147       0      
    +--+------------------------------+-------+---------+---------+
       Grand Total:                   15824   2083      2036   


LINKER GENERATED COPY TABLES

__TI_cinit_table @ 00004614 records: 2, size/record: 8, table size: 16
	.data: load addr=00004590, load size=0000006f bytes, run addr=20200410, run size=000001f1 bytes, compression=lzss
	.bss: load addr=0000460c, load size=00000008 bytes, run addr=20200000, run size=0000020b bytes, compression=zero_init


LINKER GENERATED HANDLER TABLE

__TI_handler_table @ 00004600 records: 3, size/record: 4, table size: 12
	index: 0, handler: __TI_decompress_lzss
	index: 1, handler: __TI_decompress_none
	index: 2, handler: __TI_zero_init


FAR CALL TRAMPOLINES

callee name               trampoline name
   callee addr  tramp addr   call addr  call info
--------------  -----------  ---------  ----------------
__aeabi_dsub              $Tramp$TT$L$PI$$__aeabi_dsub
   000011e9     00003e2c     00003e28   libc.a : _printfi.c.obj (.text.OUTLINED_FUNCTION_0)

[1 trampolines]
[1 trampoline calls]


GLOBAL SYMBOLS: SORTED ALPHABETICALLY BY Name 

address   name                          
-------   ----                          
00003c85  ADC0_IRQHandler               
00003c85  ADC1_IRQHandler               
00003349  ADCin                         
00002a25  ADCinit                       
00003c85  AES_IRQHandler                
00003739  ActivatePortA_B               
202005d0  BusFreq                       
00003e9a  C$$EXIT                       
0000390d  C$$IO$$                       
00003c85  CANFD0_IRQHandler             
00003d69  Clock_Delay                   
000037a9  Clock_Delay1ms                
00002715  Clock_Freq                    
00000e8d  Clock_Init80MHz               
000037dd  Convert                       
00003c85  DAC0_IRQHandler               
00003c85  DMA_IRQHandler                
202001d8  Data                          
00003c85  Default_Handler               
00003d79  Delay                         
000039b1  FloatConvert                  
00003c29  FloatOutFix                   
202001dc  FloatOutFixtime               
202001e0  FloatPosition                 
00003c85  GROUP0_IRQHandler             
00003c85  GROUP1_IRQHandler             
000033e1  HOSTclose                     
00003e9b  HOSTexit                      
00002b85  HOSTlseek                     
00002f31  HOSTopen                      
00003049  HOSTread                      
00002bf1  HOSTrename                    
00003429  HOSTunlink                    
000030a1  HOSTwrite                     
00003ca1  HardFault_Handler             
00003c85  I2C0_IRQHandler               
00003c85  I2C1_IRQHandler               
000028b1  LaunchPad_Init                
202001c0  Message                       
202001e4  Messageindex                  
00003c85  NMI_Handler                   
202001e8  Offset                        
00003681  OutFix                        
202001ec  OutFixtime                    
00003e47  PLL_Init                      
00003c85  PendSV_Handler                
202001f0  Position                      
00003c85  RTC_IRQHandler                
00003e9f  Reset_Handler                 
00003c85  SPI0_IRQHandler               
00003c85  SPI1_IRQHandler               
00001ba5  SPI_Init                      
00003471  SPI_OutCommand                
00003771  SPI_OutData                   
00003501  SPI_Reset                     
00001041  ST7735_DrawChar               
000027a9  ST7735_DrawString             
0000186d  ST7735_FillRect               
00003a71  ST7735_FillScreen             
000024bd  ST7735_InitPrintf             
000025f5  ST7735_InitR                  
00002205  ST7735_OutChar                
00003b95  ST7735_OutString              
0000282d  ST7735_OutUDec                
00003811  ST7735_SetCursor              
00003e51  ST7735_close                  
00003da7  ST7735_lseek                  
00003cd9  ST7735_open                   
00003cef  ST7735_read                   
00003dfb  ST7735_rename                 
00003e5b  ST7735_unlink                 
00003845  ST7735_write                  
00003c85  SVC_Handler                   
202005f0  StTextColor                   
202005d4  StX                           
202005d8  StY                           
00003c85  SysTick_Handler               
202001f4  TExaSLogic                    
202001f8  TExaSadc                      
00003c85  TIMA0_IRQHandler              
00003c85  TIMA1_IRQHandler              
00003c85  TIMG0_IRQHandler              
000034b9  TIMG12_IRQHandler             
00003c85  TIMG6_IRQHandler              
00003541  TIMG7_IRQHandler              
00003c85  TIMG8_IRQHandler              
00003d45  TI_memcpy_small               
00003ded  TI_memset_small               
202001fc  Time                          
00003c85  UART0_IRQHandler              
00003c85  UART1_IRQHandler              
00003c85  UART2_IRQHandler              
00003c85  UART3_IRQHandler              
20200000  _CIOBUF_                      
20200000  __CIOBUF_                     
20208000  __STACK_END                   
00000200  __STACK_SIZE                  
00000200  __SYSMEM_SIZE                 
00000000  __TI_ATRegion0_region_sz      
00000000  __TI_ATRegion0_src_addr       
00000000  __TI_ATRegion0_trg_addr       
00000000  __TI_ATRegion1_region_sz      
00000000  __TI_ATRegion1_src_addr       
00000000  __TI_ATRegion1_trg_addr       
00000000  __TI_ATRegion2_region_sz      
00000000  __TI_ATRegion2_src_addr       
00000000  __TI_ATRegion2_trg_addr       
00004614  __TI_CINIT_Base               
00004624  __TI_CINIT_Limit              
00004624  __TI_CINIT_Warm               
00004600  __TI_Handler_Table_Base       
0000460c  __TI_Handler_Table_Limit      
000036c1  __TI_auto_init_nobinit_nopinit
00003879  __TI_cleanup                  
202005c8  __TI_cleanup_ptr              
0000292d  __TI_closefile                
000029a9  __TI_decompress_lzss          
00003d57  __TI_decompress_none          
00003255  __TI_doflush                  
202005cc  __TI_dtors_ptr                
202005dc  __TI_ft_end                   
000030f9  __TI_ltoa                     
ffffffff  __TI_pprof_out_hndl           
000000c1  __TI_printfi                  
ffffffff  __TI_prof_data_size           
ffffffff  __TI_prof_data_start          
000038ad  __TI_readmsg                  
00000000  __TI_static_base__            
20200120  __TI_tmpnams                  
000038e1  __TI_writemsg                 
00002e03  __TI_wrt_ok                   
00003d05  __TI_zero_init_nomemset       
000011f3  __adddf3                      
000043b0  __aeabi_ctype_table_          
000043b0  __aeabi_ctype_table_C         
00002b11  __aeabi_d2f                   
00003395  __aeabi_d2iz                  
000011f3  __aeabi_dadd                  
00002ecd  __aeabi_dcmpeq                
00002f09  __aeabi_dcmpge                
00002f1d  __aeabi_dcmpgt                
00002ef5  __aeabi_dcmple                
00002ee1  __aeabi_dcmplt                
00001a99  __aeabi_ddiv                  
00001f69  __aeabi_dmul                  
000011e9  __aeabi_dsub                  
202005e0  __aeabi_errno                 
00003e65  __aeabi_errno_addr            
000035c1  __aeabi_f2d                   
00003a9d  __aeabi_i2d                   
000031a9  __aeabi_idiv                  
0000137b  __aeabi_idiv0                 
000031a9  __aeabi_idivmod               
00002377  __aeabi_ldiv0                 
00003c49  __aeabi_llsl                  
00003be1  __aeabi_lmul                  
00003e09  __aeabi_memclr                
00003e09  __aeabi_memclr4               
00003e09  __aeabi_memclr8               
00003e6d  __aeabi_memcpy                
00003e6d  __aeabi_memcpy4               
00003e6d  __aeabi_memcpy8               
00003db5  __aeabi_memset                
00003db5  __aeabi_memset4               
00003db5  __aeabi_memset8               
00003bbd  __aeabi_ui2d                  
00003581  __aeabi_uidiv                 
00003581  __aeabi_uidivmod              
00003d1d  __aeabi_uldivmod              
00003c49  __ashldi3                     
ffffffff  __binit__                     
00002d35  __cmpdf2                      
00001a99  __divdf3                      
00002d35  __eqdf2                       
000035c1  __extendsfdf2                 
00003395  __fixdfsi                     
00003a9d  __floatsidf                   
00003bbd  __floatunsidf                 
00002a9d  __gedf2                       
00002a9d  __gtdf2                       
00002d35  __ledf2                       
00002d35  __ltdf2                       
UNDEFED   __mpu_init                    
00001f69  __muldf3                      
00003be1  __muldi3                      
000036fd  __muldsi3                     
00002d35  __nedf2                       
20207e00  __stack                       
20200000  __start___llvm_prf_bits       
20200000  __start___llvm_prf_cnts       
20200000  __stop___llvm_prf_bits        
20200000  __stop___llvm_prf_cnts        
000011e9  __subdf3                      
00002b11  __truncdfsf2                  
00002379  __udivmoddi4                  
00003b6d  _c_int00_noargs               
20200500  _device                       
20200410  _ftable                       
202005e4  _lock                         
0000241b  _nop                          
20200578  _stream                       
20200210  _sys_memory                   
UNDEFED   _system_post_cinit            
00003ea3  _system_pre_init              
202005e8  _unlock                       
00003e95  abort                         
00001d95  add_device                    
00001985  aligned_alloc                 
00003641  atoi                          
ffffffff  binit                         
000032f9  close                         
00003915  exit                          
00003201  fillmessage                   
00003949  finddevice                    
00003a41  fopen                         
00002559  fputc                         
00001c9d  fputs                         
00001e81  free                          
0000397d  freopen                       
00002f91  frexp                         
00002f91  frexpl                        
00003e85  fseek                         
00002c5d  fseeko                        
00002cc9  getdevice                     
00000000  interruptVectors              
0000212d  ldexp                         
0000212d  ldexpl                        
00003b1d  lseek                         
000014d1  main                          
00003e15  malloc                        
00001985  memalign                      
00003c05  memccpy                       
0000241d  open                          
202001cc  parmbuf                       
00002fed  printf                        
00003e8d  remove                        
0000212d  scalbn                        
0000212d  scalbnl                       
202005ec  sephemore                     
0000204d  setvbuf                       
20200200  startTime                     
20200204  stopTime                      
00002721  strcmp                        
00003ac9  unlink                        
00003d89  wcslen                        
00003b45  write                         


GLOBAL SYMBOLS: SORTED BY Symbol Address 

address   name                          
-------   ----                          
00000000  __TI_ATRegion0_region_sz      
00000000  __TI_ATRegion0_src_addr       
00000000  __TI_ATRegion0_trg_addr       
00000000  __TI_ATRegion1_region_sz      
00000000  __TI_ATRegion1_src_addr       
00000000  __TI_ATRegion1_trg_addr       
00000000  __TI_ATRegion2_region_sz      
00000000  __TI_ATRegion2_src_addr       
00000000  __TI_ATRegion2_trg_addr       
00000000  __TI_static_base__            
00000000  interruptVectors              
000000c1  __TI_printfi                  
00000200  __STACK_SIZE                  
00000200  __SYSMEM_SIZE                 
00000e8d  Clock_Init80MHz               
00001041  ST7735_DrawChar               
000011e9  __aeabi_dsub                  
000011e9  __subdf3                      
000011f3  __adddf3                      
000011f3  __aeabi_dadd                  
0000137b  __aeabi_idiv0                 
000014d1  main                          
0000186d  ST7735_FillRect               
00001985  aligned_alloc                 
00001985  memalign                      
00001a99  __aeabi_ddiv                  
00001a99  __divdf3                      
00001ba5  SPI_Init                      
00001c9d  fputs                         
00001d95  add_device                    
00001e81  free                          
00001f69  __aeabi_dmul                  
00001f69  __muldf3                      
0000204d  setvbuf                       
0000212d  ldexp                         
0000212d  ldexpl                        
0000212d  scalbn                        
0000212d  scalbnl                       
00002205  ST7735_OutChar                
00002377  __aeabi_ldiv0                 
00002379  __udivmoddi4                  
0000241b  _nop                          
0000241d  open                          
000024bd  ST7735_InitPrintf             
00002559  fputc                         
000025f5  ST7735_InitR                  
00002715  Clock_Freq                    
00002721  strcmp                        
000027a9  ST7735_DrawString             
0000282d  ST7735_OutUDec                
000028b1  LaunchPad_Init                
0000292d  __TI_closefile                
000029a9  __TI_decompress_lzss          
00002a25  ADCinit                       
00002a9d  __gedf2                       
00002a9d  __gtdf2                       
00002b11  __aeabi_d2f                   
00002b11  __truncdfsf2                  
00002b85  HOSTlseek                     
00002bf1  HOSTrename                    
00002c5d  fseeko                        
00002cc9  getdevice                     
00002d35  __cmpdf2                      
00002d35  __eqdf2                       
00002d35  __ledf2                       
00002d35  __ltdf2                       
00002d35  __nedf2                       
00002e03  __TI_wrt_ok                   
00002ecd  __aeabi_dcmpeq                
00002ee1  __aeabi_dcmplt                
00002ef5  __aeabi_dcmple                
00002f09  __aeabi_dcmpge                
00002f1d  __aeabi_dcmpgt                
00002f31  HOSTopen                      
00002f91  frexp                         
00002f91  frexpl                        
00002fed  printf                        
00003049  HOSTread                      
000030a1  HOSTwrite                     
000030f9  __TI_ltoa                     
000031a9  __aeabi_idiv                  
000031a9  __aeabi_idivmod               
00003201  fillmessage                   
00003255  __TI_doflush                  
000032f9  close                         
00003349  ADCin                         
00003395  __aeabi_d2iz                  
00003395  __fixdfsi                     
000033e1  HOSTclose                     
00003429  HOSTunlink                    
00003471  SPI_OutCommand                
000034b9  TIMG12_IRQHandler             
00003501  SPI_Reset                     
00003541  TIMG7_IRQHandler              
00003581  __aeabi_uidiv                 
00003581  __aeabi_uidivmod              
000035c1  __aeabi_f2d                   
000035c1  __extendsfdf2                 
00003641  atoi                          
00003681  OutFix                        
000036c1  __TI_auto_init_nobinit_nopinit
000036fd  __muldsi3                     
00003739  ActivatePortA_B               
00003771  SPI_OutData                   
000037a9  Clock_Delay1ms                
000037dd  Convert                       
00003811  ST7735_SetCursor              
00003845  ST7735_write                  
00003879  __TI_cleanup                  
000038ad  __TI_readmsg                  
000038e1  __TI_writemsg                 
0000390d  C$$IO$$                       
00003915  exit                          
00003949  finddevice                    
0000397d  freopen                       
000039b1  FloatConvert                  
00003a41  fopen                         
00003a71  ST7735_FillScreen             
00003a9d  __aeabi_i2d                   
00003a9d  __floatsidf                   
00003ac9  unlink                        
00003b1d  lseek                         
00003b45  write                         
00003b6d  _c_int00_noargs               
00003b95  ST7735_OutString              
00003bbd  __aeabi_ui2d                  
00003bbd  __floatunsidf                 
00003be1  __aeabi_lmul                  
00003be1  __muldi3                      
00003c05  memccpy                       
00003c29  FloatOutFix                   
00003c49  __aeabi_llsl                  
00003c49  __ashldi3                     
00003c85  ADC0_IRQHandler               
00003c85  ADC1_IRQHandler               
00003c85  AES_IRQHandler                
00003c85  CANFD0_IRQHandler             
00003c85  DAC0_IRQHandler               
00003c85  DMA_IRQHandler                
00003c85  Default_Handler               
00003c85  GROUP0_IRQHandler             
00003c85  GROUP1_IRQHandler             
00003c85  I2C0_IRQHandler               
00003c85  I2C1_IRQHandler               
00003c85  NMI_Handler                   
00003c85  PendSV_Handler                
00003c85  RTC_IRQHandler                
00003c85  SPI0_IRQHandler               
00003c85  SPI1_IRQHandler               
00003c85  SVC_Handler                   
00003c85  SysTick_Handler               
00003c85  TIMA0_IRQHandler              
00003c85  TIMA1_IRQHandler              
00003c85  TIMG0_IRQHandler              
00003c85  TIMG6_IRQHandler              
00003c85  TIMG8_IRQHandler              
00003c85  UART0_IRQHandler              
00003c85  UART1_IRQHandler              
00003c85  UART2_IRQHandler              
00003c85  UART3_IRQHandler              
00003ca1  HardFault_Handler             
00003cd9  ST7735_open                   
00003cef  ST7735_read                   
00003d05  __TI_zero_init_nomemset       
00003d1d  __aeabi_uldivmod              
00003d45  TI_memcpy_small               
00003d57  __TI_decompress_none          
00003d69  Clock_Delay                   
00003d79  Delay                         
00003d89  wcslen                        
00003da7  ST7735_lseek                  
00003db5  __aeabi_memset                
00003db5  __aeabi_memset4               
00003db5  __aeabi_memset8               
00003ded  TI_memset_small               
00003dfb  ST7735_rename                 
00003e09  __aeabi_memclr                
00003e09  __aeabi_memclr4               
00003e09  __aeabi_memclr8               
00003e15  malloc                        
00003e47  PLL_Init                      
00003e51  ST7735_close                  
00003e5b  ST7735_unlink                 
00003e65  __aeabi_errno_addr            
00003e6d  __aeabi_memcpy                
00003e6d  __aeabi_memcpy4               
00003e6d  __aeabi_memcpy8               
00003e85  fseek                         
00003e8d  remove                        
00003e95  abort                         
00003e9a  C$$EXIT                       
00003e9b  HOSTexit                      
00003e9f  Reset_Handler                 
00003ea3  _system_pre_init              
000043b0  __aeabi_ctype_table_          
000043b0  __aeabi_ctype_table_C         
00004600  __TI_Handler_Table_Base       
0000460c  __TI_Handler_Table_Limit      
00004614  __TI_CINIT_Base               
00004624  __TI_CINIT_Limit              
00004624  __TI_CINIT_Warm               
20200000  _CIOBUF_                      
20200000  __CIOBUF_                     
20200000  __start___llvm_prf_bits       
20200000  __start___llvm_prf_cnts       
20200000  __stop___llvm_prf_bits        
20200000  __stop___llvm_prf_cnts        
20200120  __TI_tmpnams                  
202001c0  Message                       
202001cc  parmbuf                       
202001d8  Data                          
202001dc  FloatOutFixtime               
202001e0  FloatPosition                 
202001e4  Messageindex                  
202001e8  Offset                        
202001ec  OutFixtime                    
202001f0  Position                      
202001f4  TExaSLogic                    
202001f8  TExaSadc                      
202001fc  Time                          
20200200  startTime                     
20200204  stopTime                      
20200210  _sys_memory                   
20200410  _ftable                       
20200500  _device                       
20200578  _stream                       
202005c8  __TI_cleanup_ptr              
202005cc  __TI_dtors_ptr                
202005d0  BusFreq                       
202005d4  StX                           
202005d8  StY                           
202005dc  __TI_ft_end                   
202005e0  __aeabi_errno                 
202005e4  _lock                         
202005e8  _unlock                       
202005ec  sephemore                     
202005f0  StTextColor                   
20207e00  __stack                       
20208000  __STACK_END                   
ffffffff  __TI_pprof_out_hndl           
ffffffff  __TI_prof_data_size           
ffffffff  __TI_prof_data_start          
ffffffff  __binit__                     
ffffffff  binit                         
UNDEFED   __mpu_init                    
UNDEFED   _system_post_cinit            

[246 symbols]
