******************************************************************************
            TI ARM Clang Linker PC v4.0.4                      
******************************************************************************
>> Linked Wed Mar  4 14:59:33 2026

OUTPUT FILE NAME:   <ECE319K_Lab5.out>
ENTRY POINT SYMBOL: "_c_int00_noargs"  address: 00001641


MEMORY CONFIGURATION

         name            origin    length      used     unused   attr    fill
----------------------  --------  ---------  --------  --------  ----  --------
  FLASH                 00000000   00020000  00001e78  0001e188  R  X
  SRAM                  20200000   00008000  0000076c  00007894  RW X
  BCR_CONFIG            41c00000   00000080  00000000  00000080  R   
  BSL_CONFIG            41c00100   00000080  00000000  00000080  R   


SEGMENT ALLOCATION MAP

run origin  load origin   length   init length attrs members
----------  ----------- ---------- ----------- ----- -------
00000000    00000000    00001e78   00001e78    r-x
  00000000    00000000    000000c0   000000c0    r-- .intvecs
  000000c0    000000c0    00001790   00001790    r-x .text
  00001850    00001850    00000568   00000568    r-- .rodata
  00001db8    00001db8    000000c0   000000c0    r-- .cinit
20200000    20200000    0000056c   00000000    rw-
  20200000    20200000    00000250   00000000    rw- .bss
  20200250    20200250    00000200   00000000    rw- .sysmem
  20200450    20200450    0000011c   00000000    rw- .data
20207e00    20207e00    00000200   00000000    rw-
  20207e00    20207e00    00000200   00000000    rw- .stack


SECTION ALLOCATION MAP

 output                                  attributes/
section   page    origin      length       input sections
--------  ----  ----------  ----------   ----------------
.intvecs   0    00000000    000000c0     
                  00000000    000000c0     startup_mspm0g3507_ticlang.o (.intvecs)

.text      0    000000c0    00001790     
                  000000c0    000002c4     ECE319K_Lab5Grader.o (.text.FFT)
                  00000384    0000024c     ECE319K_Lab5Grader.o (.text.lab5grader)
                  000005d0    000001d4     ECE319K_Lab5Grader.o (.text.Lab5Grader)
                  000007a4    000001b4     Clock.o (.text.Clock_Init80MHz)
                  00000958    00000158     ECE319K_Lab5Grader.o (.text.CheckInitialization)
                  00000ab0    00000134     ECE319K_Lab5Grader.o (.text.ADC_Init)
                  00000be4    00000130     UARTints.o (.text.UART_Init)
                  00000d14    000000d0     ECE319K_Lab5main.o (.text.main)
                  00000de4    000000a8     Timer.o (.text.TimerG7_IntArm)
                  00000e8c    00000004     libsysbm.a : hostexit.c.obj (.text.HOSTexit)
                  00000e90    00000088     libc.a : strcmp-armv6m.S.obj (.text:strcmp)
                  00000f18    0000007c     LaunchPad.o (.text.LaunchPad_Init)
                  00000f94    0000007c     libc.a : copy_decompress_lzss.c.obj (.text:decompress:lzss)
                  00001010    00000064     Dump.o (.text.Debug_Dump2)
                  00001074    00000060     Timer.o (.text.TimerG12_Init)
                  000010d4    0000005c     UARTints.o (.text.UART0_IRQHandler)
                  00001130    00000058     UARTints.o (.text.copyHardwareToSoftware)
                  00001188    00000056     libclang_rt.builtins.a : aeabi_idivmod.S.obj (.text.__aeabi_idivmod)
                  000011de    00000002                            : aeabi_div0.c.obj (.text.__aeabi_idiv0)
                  000011e0    00000050     Dump.o (.text.Debug_Dump)
                  00001230    0000004c     FIFO.o (.text.RxFifo_Put)
                  0000127c    0000004c     FIFO.o (.text.TxFifo_Get)
                  000012c8    0000004c     FIFO.o (.text.TxFifo_Put)
                  00001314    0000004c     UARTints.o (.text.copySoftwareToHardware)
                  00001360    00000040     UARTints.o (.text.UART_OutChar)
                  000013a0    00000040     libclang_rt.builtins.a : aeabi_uidivmod.S.obj (.text.__aeabi_uidivmod)
                  000013e0    0000003c     DAC5.o (.text.DAC5_Init)
                  0000141c    0000003c     libc.a : autoinit.c.obj (.text:__TI_auto_init_nobinit_nopinit)
                  00001458    00000038     LaunchPad.o (.text.ActivatePortA_B)
                  00001490    00000038     Key.o (.text.Key_Init)
                  000014c8    00000036     UART.o (.text.UART_OutUDec)
                  000014fe    00000002     --HOLE-- [fill = 0]
                  00001500    00000034     ECE319K_Lab5main.o (.text.Sound_Start)
                  00001534    00000034     ECE319K_Lab5main.o (.text.SysTick_Handler)
                  00001568    00000034     ECE319K_Lab5Grader.o (.text.setUpper)
                  0000159c    0000002c     ECE319K_Lab5Grader.o (.text.ReadInput)
                  000015c8    00000028     ECE319K_Lab5Grader.o (.text.ADC_Start)
                  000015f0    00000028     ECE319K_Lab5Grader.o (.text.Grader_Init)
                  00001618    00000028     ECE319K_Lab5Grader.o (.text.LogicAnalyzer)
                  00001640    00000028     libc.a : boot_cortex_m.c.obj (.text:_c_int00_noargs)
                  00001668    00000026     UART.o (.text.UART_OutString)
                  0000168e    00000002     --HOLE-- [fill = 0]
                  00001690    00000024     ECE319K_Lab5Grader.o (.text.TIMG7_IRQHandler)
                  000016b4    00000020     ECE319K_Lab5Grader.o (.text.Random32)
                  000016d4    0000001c     DAC5.o (.text.DAC5_Out)
                  000016f0    0000001c     startup_mspm0g3507_ticlang.o (.text.Default_Handler)
                  0000170c    0000001c     startup_mspm0g3507_ticlang.o (.text.HardFault_Handler)
                  00001728    00000018     FIFO.o (.text.RxFifo_Size)
                  00001740    00000018     ECE319K_Lab5Grader.o (.text.Scope)
                  00001758    00000018     FIFO.o (.text.TxFifo_Size)
                  00001770    00000016     libc.a : copy_zero_init.c.obj (.text:decompress:ZI:__TI_zero_init_nomemset)
                  00001786    00000002     --HOLE-- [fill = 0]
                  00001788    00000014     Dump.o (.text.Debug_Init)
                  0000179c    00000014     FIFO.o (.text.RxFifo_Init)
                  000017b0    00000014     FIFO.o (.text.TxFifo_Init)
                  000017c4    00000012     libc.a : memcpy16.S.obj (.text:TI_memcpy_small)
                  000017d6    00000012            : copy_decompress_none.c.obj (.text:decompress:none)
                  000017e8    00000010     Clock.o (.text.Clock_Delay)
                  000017f8    00000010     LaunchPad.o (.text.Delay)
                  00001808    00000010     ECE319K_Lab5Grader.o (.text.OutCRLF)
                  00001818    0000000c     Clock.o (.text.Clock_Freq)
                  00001824    0000000a     ECE319K_Lab5main.o (.text.Sound_Init)
                  0000182e    00000002     --HOLE-- [fill = 0]
                  00001830    00000008     libclang_rt.builtins.a : aeabi_memcpy.S.obj (.text.__aeabi_memcpy)
                  00001838    00000006     libc.a : exit.c.obj (.text:abort)
                  0000183e    00000004     startup_mspm0g3507_ticlang.o (.text.Reset_Handler)
                  00001842    00000004     libc.a : pre_init.c.obj (.text._system_pre_init)
                  00001846    0000000a     --HOLE-- [fill = 0]

.cinit     0    00001db8    000000c0     
                  00001db8    00000096     (.cinit..data.load) [load image, compression = lzss]
                  00001e4e    00000002     --HOLE-- [fill = 0]
                  00001e50    0000000c     (__TI_handler_table)
                  00001e5c    00000008     (.cinit..bss.load) [load image, compression = zero_init]
                  00001e64    00000010     (__TI_cinit_table)
                  00001e74    00000004     --HOLE-- [fill = 0]

.rodata    0    00001850    00000568     
                  00001850    00000280     ECE319K_Lab5Grader.o (.rodata.NotesProblem)
                  00001ad0    00000080     ECE319K_Lab5Grader.o (.rodata.NotesPeriod)
                  00001b50    0000004b     ECE319K_Lab5Grader.o (.rodata.str1.2831041533924961092.1)
                  00001b9b    0000003a     ECE319K_Lab5Grader.o (.rodata.str1.3753167930287493833.1)
                  00001bd5    00000038     ECE319K_Lab5Grader.o (.rodata.str1.13188357218563198926.1)
                  00001c0d    00000032     ECE319K_Lab5Grader.o (.rodata.str1.14125597502108314896.1)
                  00001c3f    0000002f     ECE319K_Lab5Grader.o (.rodata.str1.11916983087567108417.1)
                  00001c6e    0000002e     ECE319K_Lab5Grader.o (.rodata.str1.9157344974060636180.1)
                  00001c9c    00000020     ECE319K_Lab5Grader.o (.rodata.IMULTIPLIERS)
                  00001cbc    00000020     ECE319K_Lab5Grader.o (.rodata.RMULTIPLIERS)
                  00001cdc    0000001c     ECE319K_Lab5Grader.o (.rodata.str1.11809642467900141317.1)
                  00001cf8    00000015     ECE319K_Lab5Grader.o (.rodata.str1.3525422095670658102.1)
                  00001d0d    00000014     ECE319K_Lab5Grader.o (.rodata.str1.4481438830803098069.1)
                  00001d21    00000014     ECE319K_Lab5Grader.o (.rodata.str1.5560219960635954075.1)
                  00001d35    00000013     ECE319K_Lab5Grader.o (.rodata.str1.11270995160232060492.1)
                  00001d48    00000011     ECE319K_Lab5Grader.o (.rodata.str1.6142149970032930034.1)
                  00001d59    00000010     ECE319K_Lab5Grader.o (.rodata.str1.14245708735948419566.1)
                  00001d69    00000010     ECE319K_Lab5Grader.o (.rodata.str1.15764156664788727584.1)
                  00001d79    0000000f     ECE319K_Lab5Grader.o (.rodata.str1.9964861412651002306.1)
                  00001d88    0000000e     ECE319K_Lab5Grader.o (.rodata.str1.12550021390912809959.1)
                  00001d96    0000000d     ECE319K_Lab5Grader.o (.rodata.str1.1830190667680462960.1)
                  00001da3    00000008     ECE319K_Lab5main.o (.rodata.EID1)
                  00001dab    00000007     ECE319K_Lab5Grader.o (.rodata.str1.2010255871548557574.1)
                  00001db2    00000006     --HOLE-- [fill = 0]

.init_array 
*          0    00000000    00000000     UNINITIALIZED

.binit     0    00000000    00000000     

.bss       0    20200000    00000250     UNINITIALIZED
                  20200000    000000c8     (.common:DataBuffer)
                  202000c8    000000c8     (.common:TimeBuffer)
                  20200190    00000040     FIFO.o (.bss.TxFifo)
                  202001d0    00000040     (.common:Last16ADCresults)
                  20200210    00000010     FIFO.o (.bss.RxFifo)
                  20200220    00000004     (.common:DebugCnt)
                  20200224    00000004     (.common:LastIn)
                  20200228    00000004     (.common:M)
                  2020022c    00000004     (.common:Mask)
                  20200230    00000004     (.common:PeriodicTask2)
                  20200234    00000004     (.common:RxGetI)
                  20200238    00000004     (.common:RxPutI)
                  2020023c    00000004     (.common:SampleFlag)
                  20200240    00000004     (.common:State)
                  20200244    00000004     (.common:TExaSadc)
                  20200248    00000004     (.common:TxGetI)
                  2020024c    00000004     (.common:TxPutI)

.sysmem    0    20200250    00000200     UNINITIALIZED
                  20200250    00000010     libc.a : memory.c.obj (.sysmem)
                  20200260    000001f0     --HOLE--

.data      0    20200450    0000011c     UNINITIALIZED
                  20200450    00000100     ECE319K_Lab5main.o (.data.ampl)
                  20200550    00000004     Clock.o (.data.BusFreq)
                  20200554    00000004     ECE319K_Lab5main.o (.data.DACind)
                  20200558    00000004     ECE319K_Lab5Grader.o (.data.Fail)
                  2020055c    00000004     ECE319K_Lab5Grader.o (.data.Last16ADCindex)
                  20200560    00000004     ECE319K_Lab5Grader.o (.data.NotesMode)
                  20200564    00000004     ECE319K_Lab5Grader.o (.data.Score)
                  20200568    00000004     ECE319K_Lab5Grader.o (.data.Time)

.stack     0    20207e00    00000200     UNINITIALIZED
                  20207e00    00000004     libc.a : boot_cortex_m.c.obj (.stack)
                  20207e04    000001fc     --HOLE--

__llvm_prf_cnts 
*          0    20200000    00000000     UNINITIALIZED

__llvm_prf_bits 
*          0    20200000    00000000     UNINITIALIZED

MODULE SUMMARY

       Module                         code   ro data   rw data
       ------                         ----   -------   -------
    .\
       ECE319K_Lab5Grader.o           2740   1370      112    
       UARTints.o                     624    0         0      
       Dump.o                         200    0         404    
       ECE319K_Lab5main.o             322    8         260    
       Clock.o                        464    0         4      
       FIFO.o                         316    0         96     
       Timer.o                        264    0         0      
       LaunchPad.o                    196    0         0      
       UART.o                         92     0         0      
       DAC5.o                         88     0         0      
       Key.o                          56     0         0      
    +--+------------------------------+------+---------+---------+
       Total:                         5362   1378      876    
                                                              
    .\ticlang\
       startup_mspm0g3507_ticlang.o   60     192       0      
    +--+------------------------------+------+---------+---------+
       Total:                         60     192       0      
                                                              
    C:\ti\ccs2041\ccs\tools\compiler\ti-cgt-armllvm_4.0.4.LTS\lib\armv6m-ti-none-eabi/c/libc.a
       strcmp-armv6m.S.obj            136    0         0      
       copy_decompress_lzss.c.obj     124    0         0      
       autoinit.c.obj                 60     0         0      
       boot_cortex_m.c.obj            40     0         0      
       copy_zero_init.c.obj           22     0         0      
       copy_decompress_none.c.obj     18     0         0      
       memcpy16.S.obj                 18     0         0      
       exit.c.obj                     6      0         0      
       pre_init.c.obj                 4      0         0      
    +--+------------------------------+------+---------+---------+
       Total:                         428    0         0      
                                                              
    C:\ti\ccs2041\ccs\tools\compiler\ti-cgt-armllvm_4.0.4.LTS\lib\armv6m-ti-none-eabi/c/libsysbm.a
       hostexit.c.obj                 4      0         0      
    +--+------------------------------+------+---------+---------+
       Total:                         4      0         0      
                                                              
    C:\ti\ccs2041\ccs\tools\compiler\ti-cgt-armllvm_4.0.4.LTS\lib\armv6m-ti-none-eabi/libclang_rt.builtins.a
       aeabi_idivmod.S.obj            86     0         0      
       aeabi_uidivmod.S.obj           64     0         0      
       aeabi_memcpy.S.obj             8      0         0      
       aeabi_div0.c.obj               2      0         0      
    +--+------------------------------+------+---------+---------+
       Total:                         160    0         0      
                                                              
       Heap:                          0      0         512    
       Stack:                         0      0         512    
       Linker Generated:              0      186       0      
    +--+------------------------------+------+---------+---------+
       Grand Total:                   6014   1756      1900   


LINKER GENERATED COPY TABLES

__TI_cinit_table @ 00001e64 records: 2, size/record: 8, table size: 16
	.data: load addr=00001db8, load size=00000096 bytes, run addr=20200450, run size=0000011c bytes, compression=lzss
	.bss: load addr=00001e5c, load size=00000008 bytes, run addr=20200000, run size=00000250 bytes, compression=zero_init


LINKER GENERATED HANDLER TABLE

__TI_handler_table @ 00001e50 records: 3, size/record: 4, table size: 12
	index: 0, handler: __TI_decompress_lzss
	index: 1, handler: __TI_decompress_none
	index: 2, handler: __TI_zero_init


GLOBAL SYMBOLS: SORTED ALPHABETICALLY BY Name 

address   name                          
-------   ----                          
000016f1  ADC0_IRQHandler               
000016f1  ADC1_IRQHandler               
00000ab1  ADC_Init                      
000015c9  ADC_Start                     
000016f1  AES_IRQHandler                
00001459  ActivatePortA_B               
20200550  BusFreq                       
00000e8c  C$$EXIT                       
000016f1  CANFD0_IRQHandler             
00000959  CheckInitialization           
000017e9  Clock_Delay                   
00001819  Clock_Freq                    
000007a5  Clock_Init80MHz               
000016f1  DAC0_IRQHandler               
000013e1  DAC5_Init                     
000016d5  DAC5_Out                      
20200554  DACind                        
000016f1  DMA_IRQHandler                
20200000  DataBuffer                    
20200220  DebugCnt                      
000011e1  Debug_Dump                    
00001011  Debug_Dump2                   
00001789  Debug_Init                    
000016f1  Default_Handler               
000017f9  Delay                         
00001da3  EID1                          
000000c1  FFT                           
000016f1  GROUP0_IRQHandler             
000016f1  GROUP1_IRQHandler             
000015f1  Grader_Init                   
00000e8d  HOSTexit                      
0000170d  HardFault_Handler             
000016f1  I2C0_IRQHandler               
000016f1  I2C1_IRQHandler               
00001c9c  IMULTIPLIERS                  
00001491  Key_Init                      
000005d1  Lab5Grader                    
2020055c  Last16ADCindex                
202001d0  Last16ADCresults              
20200224  LastIn                        
00000f19  LaunchPad_Init                
00001619  LogicAnalyzer                 
20200228  M                             
2020022c  Mask                          
000016f1  NMI_Handler                   
20200560  NotesMode                     
00001ad0  NotesPeriod                   
00001850  NotesProblem                  
00001809  OutCRLF                       
000016f1  PendSV_Handler                
20200230  PeriodicTask2                 
00001cbc  RMULTIPLIERS                  
000016f1  RTC_IRQHandler                
000016b5  Random32                      
0000159d  ReadInput                     
0000183f  Reset_Handler                 
0000179d  RxFifo_Init                   
00001231  RxFifo_Put                    
00001729  RxFifo_Size                   
20200234  RxGetI                        
20200238  RxPutI                        
000016f1  SPI0_IRQHandler               
000016f1  SPI1_IRQHandler               
000016f1  SVC_Handler                   
2020023c  SampleFlag                    
00001741  Scope                         
00001825  Sound_Init                    
00001501  Sound_Start                   
20200240  State                         
00001535  SysTick_Handler               
20200244  TExaSadc                      
000016f1  TIMA0_IRQHandler              
000016f1  TIMA1_IRQHandler              
000016f1  TIMG0_IRQHandler              
000016f1  TIMG12_IRQHandler             
000016f1  TIMG6_IRQHandler              
00001691  TIMG7_IRQHandler              
000016f1  TIMG8_IRQHandler              
000017c5  TI_memcpy_small               
202000c8  TimeBuffer                    
00001075  TimerG12_Init                 
00000de5  TimerG7_IntArm                
0000127d  TxFifo_Get                    
000017b1  TxFifo_Init                   
000012c9  TxFifo_Put                    
00001759  TxFifo_Size                   
20200248  TxGetI                        
2020024c  TxPutI                        
000010d5  UART0_IRQHandler              
000016f1  UART1_IRQHandler              
000016f1  UART2_IRQHandler              
000016f1  UART3_IRQHandler              
00000be5  UART_Init                     
00001361  UART_OutChar                  
00001669  UART_OutString                
000014c9  UART_OutUDec                  
20208000  __STACK_END                   
00000200  __STACK_SIZE                  
00000200  __SYSMEM_SIZE                 
00000000  __TI_ATRegion0_region_sz      
00000000  __TI_ATRegion0_src_addr       
00000000  __TI_ATRegion0_trg_addr       
00000000  __TI_ATRegion1_region_sz      
00000000  __TI_ATRegion1_src_addr       
00000000  __TI_ATRegion1_trg_addr       
00000000  __TI_ATRegion2_region_sz      
00000000  __TI_ATRegion2_src_addr       
00000000  __TI_ATRegion2_trg_addr       
00001e64  __TI_CINIT_Base               
00001e74  __TI_CINIT_Limit              
00001e74  __TI_CINIT_Warm               
00001e50  __TI_Handler_Table_Base       
00001e5c  __TI_Handler_Table_Limit      
0000141d  __TI_auto_init_nobinit_nopinit
00000f95  __TI_decompress_lzss          
000017d7  __TI_decompress_none          
ffffffff  __TI_pprof_out_hndl           
ffffffff  __TI_prof_data_size           
ffffffff  __TI_prof_data_start          
00000000  __TI_static_base__            
00001771  __TI_zero_init_nomemset       
00001189  __aeabi_idiv                  
000011df  __aeabi_idiv0                 
00001189  __aeabi_idivmod               
00001831  __aeabi_memcpy                
00001831  __aeabi_memcpy4               
00001831  __aeabi_memcpy8               
000013a1  __aeabi_uidiv                 
000013a1  __aeabi_uidivmod              
ffffffff  __binit__                     
UNDEFED   __mpu_init                    
20207e00  __stack                       
20200000  __start___llvm_prf_bits       
20200000  __start___llvm_prf_cnts       
20200000  __stop___llvm_prf_bits        
20200000  __stop___llvm_prf_cnts        
00001641  _c_int00_noargs               
20200250  _sys_memory                   
UNDEFED   _system_post_cinit            
00001843  _system_pre_init              
00001839  abort                         
20200450  ampl                          
ffffffff  binit                         
00000000  interruptVectors              
00000385  lab5grader                    
00000d15  main                          
00001569  setUpper                      
00000e91  strcmp                        


GLOBAL SYMBOLS: SORTED BY Symbol Address 

address   name                          
-------   ----                          
00000000  __TI_ATRegion0_region_sz      
00000000  __TI_ATRegion0_src_addr       
00000000  __TI_ATRegion0_trg_addr       
00000000  __TI_ATRegion1_region_sz      
00000000  __TI_ATRegion1_src_addr       
00000000  __TI_ATRegion1_trg_addr       
00000000  __TI_ATRegion2_region_sz      
00000000  __TI_ATRegion2_src_addr       
00000000  __TI_ATRegion2_trg_addr       
00000000  __TI_static_base__            
00000000  interruptVectors              
000000c1  FFT                           
00000200  __STACK_SIZE                  
00000200  __SYSMEM_SIZE                 
00000385  lab5grader                    
000005d1  Lab5Grader                    
000007a5  Clock_Init80MHz               
00000959  CheckInitialization           
00000ab1  ADC_Init                      
00000be5  UART_Init                     
00000d15  main                          
00000de5  TimerG7_IntArm                
00000e8c  C$$EXIT                       
00000e8d  HOSTexit                      
00000e91  strcmp                        
00000f19  LaunchPad_Init                
00000f95  __TI_decompress_lzss          
00001011  Debug_Dump2                   
00001075  TimerG12_Init                 
000010d5  UART0_IRQHandler              
00001189  __aeabi_idiv                  
00001189  __aeabi_idivmod               
000011df  __aeabi_idiv0                 
000011e1  Debug_Dump                    
00001231  RxFifo_Put                    
0000127d  TxFifo_Get                    
000012c9  TxFifo_Put                    
00001361  UART_OutChar                  
000013a1  __aeabi_uidiv                 
000013a1  __aeabi_uidivmod              
000013e1  DAC5_Init                     
0000141d  __TI_auto_init_nobinit_nopinit
00001459  ActivatePortA_B               
00001491  Key_Init                      
000014c9  UART_OutUDec                  
00001501  Sound_Start                   
00001535  SysTick_Handler               
00001569  setUpper                      
0000159d  ReadInput                     
000015c9  ADC_Start                     
000015f1  Grader_Init                   
00001619  LogicAnalyzer                 
00001641  _c_int00_noargs               
00001669  UART_OutString                
00001691  TIMG7_IRQHandler              
000016b5  Random32                      
000016d5  DAC5_Out                      
000016f1  ADC0_IRQHandler               
000016f1  ADC1_IRQHandler               
000016f1  AES_IRQHandler                
000016f1  CANFD0_IRQHandler             
000016f1  DAC0_IRQHandler               
000016f1  DMA_IRQHandler                
000016f1  Default_Handler               
000016f1  GROUP0_IRQHandler             
000016f1  GROUP1_IRQHandler             
000016f1  I2C0_IRQHandler               
000016f1  I2C1_IRQHandler               
000016f1  NMI_Handler                   
000016f1  PendSV_Handler                
000016f1  RTC_IRQHandler                
000016f1  SPI0_IRQHandler               
000016f1  SPI1_IRQHandler               
000016f1  SVC_Handler                   
000016f1  TIMA0_IRQHandler              
000016f1  TIMA1_IRQHandler              
000016f1  TIMG0_IRQHandler              
000016f1  TIMG12_IRQHandler             
000016f1  TIMG6_IRQHandler              
000016f1  TIMG8_IRQHandler              
000016f1  UART1_IRQHandler              
000016f1  UART2_IRQHandler              
000016f1  UART3_IRQHandler              
0000170d  HardFault_Handler             
00001729  RxFifo_Size                   
00001741  Scope                         
00001759  TxFifo_Size                   
00001771  __TI_zero_init_nomemset       
00001789  Debug_Init                    
0000179d  RxFifo_Init                   
000017b1  TxFifo_Init                   
000017c5  TI_memcpy_small               
000017d7  __TI_decompress_none          
000017e9  Clock_Delay                   
000017f9  Delay                         
00001809  OutCRLF                       
00001819  Clock_Freq                    
00001825  Sound_Init                    
00001831  __aeabi_memcpy                
00001831  __aeabi_memcpy4               
00001831  __aeabi_memcpy8               
00001839  abort                         
0000183f  Reset_Handler                 
00001843  _system_pre_init              
00001850  NotesProblem                  
00001ad0  NotesPeriod                   
00001c9c  IMULTIPLIERS                  
00001cbc  RMULTIPLIERS                  
00001da3  EID1                          
00001e50  __TI_Handler_Table_Base       
00001e5c  __TI_Handler_Table_Limit      
00001e64  __TI_CINIT_Base               
00001e74  __TI_CINIT_Limit              
00001e74  __TI_CINIT_Warm               
20200000  DataBuffer                    
20200000  __start___llvm_prf_bits       
20200000  __start___llvm_prf_cnts       
20200000  __stop___llvm_prf_bits        
20200000  __stop___llvm_prf_cnts        
202000c8  TimeBuffer                    
202001d0  Last16ADCresults              
20200220  DebugCnt                      
20200224  LastIn                        
20200228  M                             
2020022c  Mask                          
20200230  PeriodicTask2                 
20200234  RxGetI                        
20200238  RxPutI                        
2020023c  SampleFlag                    
20200240  State                         
20200244  TExaSadc                      
20200248  TxGetI                        
2020024c  TxPutI                        
20200250  _sys_memory                   
20200450  ampl                          
20200550  BusFreq                       
20200554  DACind                        
2020055c  Last16ADCindex                
20200560  NotesMode                     
20207e00  __stack                       
20208000  __STACK_END                   
ffffffff  __TI_pprof_out_hndl           
ffffffff  __TI_prof_data_size           
ffffffff  __TI_prof_data_start          
ffffffff  __binit__                     
ffffffff  binit                         
UNDEFED   __mpu_init                    
UNDEFED   _system_post_cinit            

[148 symbols]
